Component: ARM Compiler 6.12 Tool: armlink [5d624300]

==============================================================================

Section Cross References

    adc.o(.ARM.exidx.text.init_ADC) refers to adc.o(.text.init_ADC) for [Anonymous Symbol]
    adc.o(.ARM.exidx.text.read_adc) refers to adc.o(.text.read_adc) for [Anonymous Symbol]
    dac.o(.ARM.exidx.text.init_DAC) refers to dac.o(.text.init_DAC) for [Anonymous Symbol]
    dac.o(.ARM.exidx.text.output_dac) refers to dac.o(.text.output_dac) for [Anonymous Symbol]
    lcd.o(.text.lcd_delayus) refers to system_stm32f4xx.o(.data.SystemCoreClock) for SystemCoreClock
    lcd.o(.ARM.exidx.text.lcd_delayus) refers to lcd.o(.text.lcd_delayus) for [Anonymous Symbol]
    lcd.o(.text.WaitLcdBusy) refers to lcd.o(.text.lcd_delayus) for lcd_delayus
    lcd.o(.ARM.exidx.text.WaitLcdBusy) refers to lcd.o(.text.WaitLcdBusy) for [Anonymous Symbol]
    lcd.o(.ARM.exidx.text.set_LCD_data) refers to lcd.o(.text.set_LCD_data) for [Anonymous Symbol]
    lcd.o(.text.LCD_strobe) refers to lcd.o(.text.lcd_delayus) for lcd_delayus
    lcd.o(.ARM.exidx.text.LCD_strobe) refers to lcd.o(.text.LCD_strobe) for [Anonymous Symbol]
    lcd.o(.text.cmdLCD8) refers to lcd.o(.text.WaitLcdBusy) for WaitLcdBusy
    lcd.o(.text.cmdLCD8) refers to lcd.o(.text.LCD_strobe) for LCD_strobe
    lcd.o(.ARM.exidx.text.cmdLCD8) refers to lcd.o(.text.cmdLCD8) for [Anonymous Symbol]
    lcd.o(.text.cmdLCD) refers to lcd.o(.text.WaitLcdBusy) for WaitLcdBusy
    lcd.o(.text.cmdLCD) refers to lcd.o(.text.LCD_strobe) for LCD_strobe
    lcd.o(.ARM.exidx.text.cmdLCD) refers to lcd.o(.text.cmdLCD) for [Anonymous Symbol]
    lcd.o(.text.putLCD) refers to lcd.o(.text.WaitLcdBusy) for WaitLcdBusy
    lcd.o(.text.putLCD) refers to lcd.o(.text.LCD_strobe) for LCD_strobe
    lcd.o(.ARM.exidx.text.putLCD) refers to lcd.o(.text.putLCD) for [Anonymous Symbol]
    lcd.o(.text.initLCD) refers to system_stm32f4xx.o(.text.SystemCoreClockUpdate) for SystemCoreClockUpdate
    lcd.o(.text.initLCD) refers to lcd.o(.text.cmdLCD8) for cmdLCD8
    lcd.o(.text.initLCD) refers to lcd.o(.text.lcd_delayus) for lcd_delayus
    lcd.o(.text.initLCD) refers to lcd.o(.text.cmdLCD) for cmdLCD
    lcd.o(.ARM.exidx.text.initLCD) refers to lcd.o(.text.initLCD) for [Anonymous Symbol]
    lcd.o(.text.Lcd_Print_String) refers to lcd.o(.text.putLCD) for putLCD
    lcd.o(.ARM.exidx.text.Lcd_Print_String) refers to lcd.o(.text.Lcd_Print_String) for [Anonymous Symbol]
    led.o(.ARM.exidx.text.Init_LED) refers to led.o(.text.Init_LED) for [Anonymous Symbol]
    led.o(.ARM.exidx.text.Toggle_LED) refers to led.o(.text.Toggle_LED) for [Anonymous Symbol]
    led.o(.ARM.exidx.text.Toggle_LED2) refers to led.o(.text.Toggle_LED2) for [Anonymous Symbol]
    led.o(.ARM.exidx.text.Toggle_LED3) refers to led.o(.text.Toggle_LED3) for [Anonymous Symbol]
    led.o(.ARM.exidx.text.Toggle_exLED) refers to led.o(.text.Toggle_exLED) for [Anonymous Symbol]
    led.o(.ARM.exidx.text.Toggle_exLED2) refers to led.o(.text.Toggle_exLED2) for [Anonymous Symbol]
    led.o(.ARM.exidx.text.Toggle_exLED3) refers to led.o(.text.Toggle_exLED3) for [Anonymous Symbol]
    led.o(.ARM.exidx.text.Toggle_exLED4) refers to led.o(.text.Toggle_exLED4) for [Anonymous Symbol]
    led.o(.text.exLEDs) refers to adc.o(.text.read_adc) for read_adc
    led.o(.text.exLEDs) refers to delay.o(.text.tickdelayMs) for tickdelayMs
    led.o(.ARM.exidx.text.exLEDs) refers to led.o(.text.exLEDs) for [Anonymous Symbol]
    led.o(.text.Morse) refers to delay.o(.text.tickdelayMs) for tickdelayMs
    led.o(.ARM.exidx.text.Morse) refers to led.o(.text.Morse) for [Anonymous Symbol]
    led.o(.text.Init_Morse) refers to delay.o(.text.Wait3) for Wait3
    led.o(.text.Init_Morse) refers to delay.o(.text.tickdelayMs) for tickdelayMs
    led.o(.text.Init_Morse) refers to led.o(.text.Morse) for Morse
    led.o(.ARM.exidx.text.Init_Morse) refers to led.o(.text.Init_Morse) for [Anonymous Symbol]
    main.o(.text.main) refers to system_stm32f4xx.o(.text.SystemCoreClockUpdate) for SystemCoreClockUpdate
    main.o(.text.main) refers to adc.o(.text.init_ADC) for init_ADC
    main.o(.text.main) refers to dac.o(.text.init_DAC) for init_DAC
    main.o(.text.main) refers to delay.o(.text.Init_Timer2) for Init_Timer2
    main.o(.text.main) refers to delay.o(.text.Init_Timer3) for Init_Timer3
    main.o(.text.main) refers to delay.o(.text.Init_Timer5) for Init_Timer5
    main.o(.text.main) refers to delay.o(.text.Init_Timer6) for Init_Timer6
    main.o(.text.main) refers to uart.o(.text.init_USART) for init_USART
    main.o(.text.main) refers to lcd.o(.text.initLCD) for initLCD
    main.o(.text.main) refers to led.o(.text.Init_LED) for Init_LED
    main.o(.text.main) refers to fpga.o(.text.Init_FPGA) for Init_FPGA
    main.o(.text.main) refers to f2d.o(x$fpl$f2d) for __aeabi_f2d
    main.o(.text.main) refers to sin.o(i.__hardfp_sin) for __hardfp_sin
[...]
    Removing adc.o(.ARM.exidx.text.read_adc), (8 bytes).
    Removing dac.o(.text), (0 bytes).
    Removing dac.o(.ARM.exidx.text.init_DAC), (8 bytes).
    Removing dac.o(.ARM.exidx.text.output_dac), (8 bytes).
    Removing lcd.o(.text), (0 bytes).
    Removing lcd.o(.ARM.exidx.text.lcd_delayus), (8 bytes).
    Removing lcd.o(.ARM.exidx.text.WaitLcdBusy), (8 bytes).
    Removing lcd.o(.text.set_LCD_data), (16 bytes).
    Removing lcd.o(.ARM.exidx.text.set_LCD_data), (8 bytes).
    Removing lcd.o(.ARM.exidx.text.LCD_strobe), (8 bytes).
    Removing lcd.o(.ARM.exidx.text.cmdLCD8), (8 bytes).
    Removing lcd.o(.ARM.exidx.text.cmdLCD), (8 bytes).
    Removing lcd.o(.ARM.exidx.text.putLCD), (8 bytes).
    Removing lcd.o(.ARM.exidx.text.initLCD), (8 bytes).
    Removing lcd.o(.text.Lcd_Print_String), (20 bytes).
    Removing lcd.o(.ARM.exidx.text.Lcd_Print_String), (8 bytes).
    Removing lcd.o(.data.customChar), (8 bytes).
    Removing lcd.o(.bss.k), (4 bytes).
    Removing led.o(.text), (0 bytes).
    Removing led.o(.ARM.exidx.text.Init_LED), (8 bytes).
    Removing led.o(.ARM.exidx.text.Toggle_LED), (8 bytes).
    Removing led.o(.text.Toggle_LED2), (16 bytes).
    Removing led.o(.ARM.exidx.text.Toggle_LED2), (8 bytes).
    Removing led.o(.ARM.exidx.text.Toggle_LED3), (8 bytes).
    Removing led.o(.text.Toggle_exLED), (16 bytes).
    Removing led.o(.ARM.exidx.text.Toggle_exLED), (8 bytes).
    Removing led.o(.text.Toggle_exLED2), (16 bytes).
    Removing led.o(.ARM.exidx.text.Toggle_exLED2), (8 bytes).
    Removing led.o(.text.Toggle_exLED3), (16 bytes).
    Removing led.o(.ARM.exidx.text.Toggle_exLED3), (8 bytes).
    Removing led.o(.text.Toggle_exLED4), (16 bytes).
    Removing led.o(.ARM.exidx.text.Toggle_exLED4), (8 bytes).
    Removing led.o(.ARM.exidx.text.exLEDs), (8 bytes).
    Removing led.o(.ARM.exidx.text.Morse), (8 bytes).
    Removing led.o(.ARM.exidx.text.Init_Morse), (8 bytes).
    Removing main.o(.text), (0 bytes).
    Removing main.o(.ARM.exidx.text.main), (8 bytes).
    Removing main.o(.ARM.exidx.text.TIM2_IRQHandler), (8 bytes).
    Removing main.o(.data.tdelay), (2 bytes).
    Removing main.o(.ARM.use_no_argv), (4 bytes).
    Removing pll_config.o(.text), (0 bytes).
    Removing pll_config.o(.text.PLL_Config), (108 bytes).
    Removing pll_config.o(.ARM.exidx.text.PLL_Config), (8 bytes).
    Removing uart.o(.text), (0 bytes).
    Removing uart.o(.ARM.exidx.text.init_USART), (8 bytes).
    Removing uart.o(.ARM.exidx.text.receive_usart), (8 bytes).
    Removing uart.o(.ARM.exidx.text.send_usart), (8 bytes).
    Removing uart.o(.text.usart_write), (24 bytes).
    Removing uart.o(.ARM.exidx.text.usart_write), (8 bytes).
    Removing uart.o(.text.usart_read), (16 bytes).
    Removing uart.o(.ARM.exidx.text.usart_read), (8 bytes).
    Removing uart.o(.ARM.exidx.text.usart_char), (8 bytes).
    Removing interrupts.o(.text), (0 bytes).
    Removing interrupts.o(.ARM.exidx.text.TIM3_IRQHandler), (8 bytes).
    Removing interrupts.o(.ARM.exidx.text.TIM4_IRQHandler), (8 bytes).
    Removing interrupts.o(.ARM.exidx.text.TIM6_DAC_IRQHandler), (8 bytes).
    Removing interrupts.o(.ARM.exidx.text.TIM7_IRQHandler), (8 bytes).
    Removing switch.o(.text), (0 bytes).
    Removing switch.o(.ARM.exidx.text.TIM5_IRQHandler), (8 bytes).
    Removing switch.o(.ARM.exidx.text.switch_led), (8 bytes).
    Removing switch.o(.ARM.exidx.text.user_button_hold), (8 bytes).
    Removing delay.o(.text), (0 bytes).
    Removing delay.o(.ARM.exidx.text.tickdelayMs), (8 bytes).
    Removing delay.o(.text.delay_us), (48 bytes).
    Removing delay.o(.ARM.exidx.text.delay_us), (8 bytes).
    Removing delay.o(.text.delay_ms), (36 bytes).
    Removing delay.o(.ARM.exidx.text.delay_ms), (8 bytes).
    Removing delay.o(.ARM.exidx.text.Wait3), (8 bytes).
    Removing delay.o(.text.wait_us), (40 bytes).
    Removing delay.o(.ARM.exidx.text.wait_us), (8 bytes).
    Removing delay.o(.text.initTIM2), (88 bytes).
    Removing delay.o(.ARM.exidx.text.initTIM2), (8 bytes).
    Removing delay.o(.ARM.exidx.text.Init_Timer2), (8 bytes).
    Removing delay.o(.ARM.exidx.text.Init_Timer3), (8 bytes).
    Removing delay.o(.ARM.exidx.text.Init_Timer5), (8 bytes).
    Removing delay.o(.ARM.exidx.text.Init_Timer6), (8 bytes).
    Removing delay.o(.ARM.exidx.text.Init_Timer7), (8 bytes).
    Removing delay.o(.ARM.exidx.text.deinitTIM2), (8 bytes).
    Removing delay.o(.ARM.exidx.text.deinitTIM3), (8 bytes).
    Removing delay.o(.ARM.exidx.text.deinitTIM4), (8 bytes).
    Removing delay.o(.ARM.exidx.text.deinitTIM5), (8 bytes).
    Removing delay.o(.ARM.exidx.text.deinitTIM6), (8 bytes).
    Removing delay.o(.text.deinitTIM7), (24 bytes).
    Removing delay.o(.ARM.exidx.text.deinitTIM7), (8 bytes).
    Removing fpga.o(.text), (0 bytes).
    Removing fpga.o(.ARM.exidx.text.Init_FPGA), (8 bytes).
    Removing fpga.o(.text.FPGA_LED), (64 bytes).
    Removing fpga.o(.ARM.exidx.text.FPGA_LED), (8 bytes).
    Removing fpga.o(.ARM.exidx.text.FPGA_Comm), (8 bytes).
    Removing pwm.o(.text), (0 bytes).
    Removing pwm.o(.ARM.exidx.text.Init_Timer4), (8 bytes).
    Removing system_stm32f4xx.o(.text), (0 bytes).
    Removing system_stm32f4xx.o(.ARM.exidx.text.SystemInit), (8 bytes).
    Removing system_stm32f4xx.o(.ARM.exidx.text.SystemCoreClockUpdate), (8 bytes).
    Removing system_stm32f4xx.o(.rodata.APBPrescTable), (8 bytes).

97 unused section(s) (total 1094 bytes) removed from the image.

==============================================================================

Image Symbol Table

    Local Symbols

    Symbol Name                              Value     Ov Type        Size  Object(Section)

    ../clib/angel/boardlib.s                 0x00000000   Number         0  boardinit1.o ABSOLUTE
    ../clib/angel/boardlib.s                 0x00000000   Number         0  boardinit2.o ABSOLUTE
    ../clib/angel/boardlib.s                 0x00000000   Number         0  boardinit3.o ABSOLUTE
    ../clib/angel/boardlib.s                 0x00000000   Number         0  boardshut.o ABSOLUTE
    ../clib/angel/handlers.s                 0x00000000   Number         0  __scatter_copy.o ABSOLUTE
    ../clib/angel/handlers.s                 0x00000000   Number         0  __scatter_zi.o ABSOLUTE
    ../clib/angel/kernel.s                   0x00000000   Number         0  __rtentry.o ABSOLUTE
    ../clib/angel/kernel.s                   0x00000000   Number         0  __rtentry2.o ABSOLUTE
    ../clib/angel/kernel.s                   0x00000000   Number         0  __rtentry4.o ABSOLUTE
    ../clib/angel/kernel.s                   0x00000000   Number         0  rtexit.o ABSOLUTE
    ../clib/angel/kernel.s                   0x00000000   Number         0  rtexit2.o ABSOLUTE
    ../clib/angel/rt.s                       0x00000000   Number         0  rt_errno_addr.o ABSOLUTE
    ../clib/angel/rt.s                       0x00000000   Number         0  rt_errno_addr_intlibspace.o ABSOLUTE
    ../clib/angel/rt.s                       0x00000000   Number         0  rt_raise.o ABSOLUTE
    ../clib/angel/scatter.s                  0x00000000   Number         0  __scatter.o ABSOLUTE
    ../clib/angel/startup.s                  0x00000000   Number         0  __main.o ABSOLUTE
    ../clib/angel/sys.s                      0x00000000   Number         0  libspace.o ABSOLUTE
    ../clib/angel/sys.s                      0x00000000   Number         0  sys_stackheap_outer.o ABSOLUTE
    ../clib/angel/sys.s                      0x00000000   Number         0  use_no_semi.o ABSOLUTE
    ../clib/angel/sys.s                      0x00000000   Number         0  indicate_semi.o ABSOLUTE
    ../clib/angel/sysapp.c                   0x00000000   Number         0  sys_exit.o ABSOLUTE
    ../clib/angel/sysapp.c                   0x00000000   Number         0  sys_exit_hlt.o ABSOLUTE
    ../clib/angel/sysapp.c                   0x00000000   Number         0  sys_command.o ABSOLUTE
    ../clib/angel/sysapp.c                   0x00000000   Number         0  sys_command_hlt.o ABSOLUTE
    ../clib/angel/sysapp.c                   0x00000000   Number         0  sys_wrch.o ABSOLUTE
    ../clib/angel/sysapp.c                   0x00000000   Number         0  sys_wrch_hlt.o ABSOLUTE
    ../clib/armsys.c                         0x00000000   Number         0  argv_veneer.o ABSOLUTE
    ../clib/armsys.c                         0x00000000   Number         0  argv_veneer.o ABSOLUTE
    ../clib/armsys.c                         0x00000000   Number         0  _get_argv_nomalloc.o ABSOLUTE
    ../clib/armsys.c                         0x00000000   Number         0  no_argv.o ABSOLUTE
    ../clib/fenv.c                           0x00000000   Number         0  _rserrno.o ABSOLUTE
    ../clib/heapalloc.c                      0x00000000   Number         0  hrguard.o ABSOLUTE
    ../clib/heapaux.c                        0x00000000   Number         0  heapauxi.o ABSOLUTE
    ../clib/libinit.s                        0x00000000   Number         0  libinit.o ABSOLUTE
    ../clib/libinit.s                        0x00000000   Number         0  libinit2.o ABSOLUTE
    ../clib/libinit.s                        0x00000000   Number         0  libshutdown.o ABSOLUTE
    ../clib/libinit.s                        0x00000000   Number         0  libshutdown2.o ABSOLUTE
    ../clib/signal.c                         0x00000000   Number         0  defsig_rtmem_outer.o ABSOLUTE
    ../clib/signal.c                         0x00000000   Number         0  defsig_rtmem_formal.o ABSOLUTE
    ../clib/signal.c                         0x00000000   Number         0  defsig_exit.o ABSOLUTE
    ../clib/signal.c                         0x00000000   Number         0  defsig_rtmem_inner.o ABSOLUTE
    ../clib/signal.c                         0x00000000   Number         0  __raise.o ABSOLUTE
    ../clib/signal.c                         0x00000000   Number         0  defsig_general.o ABSOLUTE
    ../clib/signal.c                         0x00000000   Number         0  defsig_abrt_inner.o ABSOLUTE
    ../clib/signal.c                         0x00000000   Number         0  defsig_fpe_inner.o ABSOLUTE
    ../clib/signal.c                         0x00000000   Number         0  defsig_rtred_inner.o ABSOLUTE
    ../clib/signal.c                         0x00000000   Number         0  defsig_stak_inner.o ABSOLUTE
    ../clib/signal.c                         0x00000000   Number         0  defsig_pvfn_inner.o ABSOLUTE
    ../clib/signal.c                         0x00000000   Number         0  defsig_cppl_inner.o ABSOLUTE
    ../clib/signal.c                         0x00000000   Number         0  defsig_segv_inner.o ABSOLUTE
    ../clib/signal.c                         0x00000000   Number         0  defsig_other.o ABSOLUTE
    ../clib/signal.s                         0x00000000   Number         0  defsig.o ABSOLUTE
    ../clib/stdlib.c                         0x00000000   Number         0  exit.o ABSOLUTE
    ../fplib/basic.s                         0x00000000   Number         0  basic.o ABSOLUTE
    ../fplib/daddsub.s                       0x00000000   Number         0  daddsub_clz.o ABSOLUTE
    ../fplib/ddiv.s                          0x00000000   Number         0  ddiv.o ABSOLUTE
    ../fplib/dfix.s                          0x00000000   Number         0  dfix.o ABSOLUTE
    ../fplib/dfixu.s                         0x00000000   Number         0  dfixu.o ABSOLUTE
    ../fplib/dflt.s                          0x00000000   Number         0  dflt_clz.o ABSOLUTE
    ../fplib/dmul.s                          0x00000000   Number         0  dmul.o ABSOLUTE
    ../fplib/dnaninf.s                       0x00000000   Number         0  dnaninf.o ABSOLUTE
    ../fplib/dretinf.s                       0x00000000   Number         0  dretinf.o ABSOLUTE
    ../fplib/f2d.s                           0x00000000   Number         0  f2d.o ABSOLUTE
    ../fplib/fnaninf.s                       0x00000000   Number         0  fnaninf.o ABSOLUTE
    ../fplib/fpinit.s                        0x00000000   Number         0  fpinit.o ABSOLUTE
    ../fplib/usenofp.s                       0x00000000   Number         0  usenofp.o ABSOLUTE
    ../mathlib/cos_i.c                       0x00000000   Number         0  cos_i.o ABSOLUTE
    ../mathlib/dunder.c                      0x00000000   Number         0  dunder.o ABSOLUTE
    ../mathlib/fabs.c                        0x00000000   Number         0  fabs.o ABSOLUTE
    ../mathlib/fpclassify.c                  0x00000000   Number         0  fpclassify.o ABSOLUTE
    ../mathlib/poly.c                        0x00000000   Number         0  poly.o ABSOLUTE
    ../mathlib/rred.c                        0x00000000   Number         0  rred.o ABSOLUTE
    ../mathlib/sin.c                         0x00000000   Number         0  sin.o ABSOLUTE
    ../mathlib/sin.c                         0x00000000   Number         0  sin_x.o ABSOLUTE
    ../mathlib/sin_i.c                       0x00000000   Number         0  sin_i.o ABSOLUTE
    ../mathlib/sin_i.c                       0x00000000   Number         0  sin_i_x.o ABSOLUTE
    ADC.c                                    0x00000000   Number         0  adc.o ABSOLUTE
    DAC.c                                    0x00000000   Number         0  dac.o ABSOLUTE
    DELAY.c                                  0x00000000   Number         0  delay.o ABSOLUTE
    FPGA.c                                   0x00000000   Number         0  fpga.o ABSOLUTE
    Interrupts.c                             0x00000000   Number         0  interrupts.o ABSOLUTE
    LED.c                                    0x00000000   Number         0  led.o ABSOLUTE
    PLL_Config.c                             0x00000000   Number         0  pll_config.o ABSOLUTE
    PWM.c                                    0x00000000   Number         0  pwm.o ABSOLUTE
    RTE\Device\STM32F429ZIYx\startup_stm32f429xx.s 0x00000000   Number         0  startup_stm32f429xx.o ABSOLUTE
    Switch.c                                 0x00000000   Number         0  switch.o ABSOLUTE
    UART.c                                   0x00000000   Number         0  uart.o ABSOLUTE
    dc.s                                     0x00000000   Number         0  dc.o ABSOLUTE
    lcd.c                                    0x00000000   Number         0  lcd.o ABSOLUTE
    main.c                                   0x00000000   Number         0  main.o ABSOLUTE
    system_stm32f4xx.c                       0x00000000   Number         0  system_stm32f4xx.o ABSOLUTE
    RESET                                    0x08000000   Section      428  startup_stm32f429xx.o(RESET)
    !!!main                                  0x080001ac   Section        8  __main.o(!!!main)
    !!!scatter                               0x080001b4   Section       52  __scatter.o(!!!scatter)
    !!handler_copy                           0x080001e8   Section       26  __scatter_copy.o(!!handler_copy)
    !!handler_zi                             0x08000204   Section       28  __scatter_zi.o(!!handler_zi)
    .ARM.Collect$$libinit$$00000000          0x08000220   Section        2  libinit.o(.ARM.Collect$$libinit$$00000000)
    .ARM.Collect$$libinit$$00000001          0x08000222   Section        4  libinit2.o(.ARM.Collect$$libinit$$00000001)
    .ARM.Collect$$libinit$$00000004          0x08000226   Section        0  libinit2.o(.ARM.Collect$$libinit$$00000004)
    .ARM.Collect$$libinit$$0000000A          0x08000226   Section        0  libinit2.o(.ARM.Collect$$libinit$$0000000A)
    .ARM.Collect$$libinit$$0000000C          0x08000226   Section        0  libinit2.o(.ARM.Collect$$libinit$$0000000C)
    .ARM.Collect$$libinit$$0000000E          0x08000226   Section        0  libinit2.o(.ARM.Collect$$libinit$$0000000E)
    .ARM.Collect$$libinit$$00000011          0x08000226   Section        0  libinit2.o(.ARM.Collect$$libinit$$00000011)
    .ARM.Collect$$libinit$$00000013          0x08000226   Section        0  libinit2.o(.ARM.Collect$$libinit$$00000013)
    .ARM.Collect$$libinit$$00000015          0x08000226   Section        0  libinit2.o(.ARM.Collect$$libinit$$00000015)
    .ARM.Collect$$libinit$$00000017          0x08000226   Section        0  libinit2.o(.ARM.Collect$$libinit$$00000017)
    .ARM.Collect$$libinit$$00000019          0x08000226   Section        0  libinit2.o(.ARM.Collect$$libinit$$00000019)
    .ARM.Collect$$libinit$$0000001B          0x08000226   Section        0  libinit2.o(.ARM.Collect$$libinit$$0000001B)
    .ARM.Collect$$libinit$$0000001D          0x08000226   Section        0  libinit2.o(.ARM.Collect$$libinit$$0000001D)
    .ARM.Collect$$libinit$$0000001F          0x08000226   Section        0  libinit2.o(.ARM.Collect$$libinit$$0000001F)
    .ARM.Collect$$libinit$$00000021          0x08000226   Section        0  libinit2.o(.ARM.Collect$$libinit$$00000021)
    .ARM.Collect$$libinit$$00000023          0x08000226   Section        0  libinit2.o(.ARM.Collect$$libinit$$00000023)
    .ARM.Collect$$libinit$$00000025          0x08000226   Section        0  libinit2.o(.ARM.Collect$$libinit$$00000025)
    .ARM.Collect$$libinit$$0000002C          0x08000226   Section        0  libinit2.o(.ARM.Collect$$libinit$$0000002C)
    .ARM.Collect$$libinit$$0000002E          0x08000226   Section        0  libinit2.o(.ARM.Collect$$libinit$$0000002E)
    .ARM.Collect$$libinit$$00000030          0x08000226   Section        0  libinit2.o(.ARM.Collect$$libinit$$00000030)
    .ARM.Collect$$libinit$$00000032          0x08000226   Section        0  libinit2.o(.ARM.Collect$$libinit$$00000032)
    .ARM.Collect$$libinit$$00000033          0x08000226   Section        2  libinit2.o(.ARM.Collect$$libinit$$00000033)
    .ARM.Collect$$libshutdown$$00000000      0x08000228   Section        2  libshutdown.o(.ARM.Collect$$libshutdown$$00000000)
    .ARM.Collect$$libshutdown$$00000002      0x0800022a   Section        0  libshutdown2.o(.ARM.Collect$$libshutdown$$00000002)
    .ARM.Collect$$libshutdown$$00000004      0x0800022a   Section        0  libshutdown2.o(.ARM.Collect$$libshutdown$$00000004)
    .ARM.Collect$$libshutdown$$00000007      0x0800022a   Section        0  libshutdown2.o(.ARM.Collect$$libshutdown$$00000007)
    .ARM.Collect$$libshutdown$$0000000A      0x0800022a   Section        0  libshutdown2.o(.ARM.Collect$$libshutdown$$0000000A)
    .ARM.Collect$$libshutdown$$0000000C      0x0800022a   Section        0  libshutdown2.o(.ARM.Collect$$libshutdown$$0000000C)
    .ARM.Collect$$libshutdown$$0000000F      0x0800022a   Section        0  libshutdown2.o(.ARM.Collect$$libshutdown$$0000000F)
    .ARM.Collect$$libshutdown$$00000010      0x0800022a   Section        2  libshutdown2.o(.ARM.Collect$$libshutdown$$00000010)
    .ARM.Collect$$rtentry$$00000000          0x0800022c   Section        0  __rtentry.o(.ARM.Collect$$rtentry$$00000000)
    .ARM.Collect$$rtentry$$00000002          0x0800022c   Section        0  __rtentry2.o(.ARM.Collect$$rtentry$$00000002)
    .ARM.Collect$$rtentry$$00000004          0x0800022c   Section        6  __rtentry4.o(.ARM.Collect$$rtentry$$00000004)
    .ARM.Collect$$rtentry$$00000009          0x08000232   Section        0  __rtentry2.o(.ARM.Collect$$rtentry$$00000009)
    .ARM.Collect$$rtentry$$0000000A          0x08000232   Section        4  __rtentry2.o(.ARM.Collect$$rtentry$$0000000A)
    .ARM.Collect$$rtentry$$0000000C          0x08000236   Section        0  __rtentry2.o(.ARM.Collect$$rtentry$$0000000C)
    .ARM.Collect$$rtentry$$0000000D          0x08000236   Section        8  __rtentry2.o(.ARM.Collect$$rtentry$$0000000D)
    .ARM.Collect$$rtexit$$00000000           0x0800023e   Section        2  rtexit.o(.ARM.Collect$$rtexit$$00000000)
    .ARM.Collect$$rtexit$$00000002           0x08000240   Section        0  rtexit2.o(.ARM.Collect$$rtexit$$00000002)
    .ARM.Collect$$rtexit$$00000003           0x08000240   Section        4  rtexit2.o(.ARM.Collect$$rtexit$$00000003)
    .ARM.Collect$$rtexit$$00000004           0x08000244   Section        6  rtexit2.o(.ARM.Collect$$rtexit$$00000004)
    $v0                                      0x0800024c   Number         0  startup_stm32f429xx.o(.text)
    .text                                    0x0800024c   Section       64  startup_stm32f429xx.o(.text)
    .text                                    0x0800028c   Section        0  heapauxi.o(.text)
    .text                                    0x08000292   Section        0  _rserrno.o(.text)
    .text                                    0x080002a8   Section        8  rt_errno_addr_intlibspace.o(.text)
    .text                                    0x080002b0   Section        8  libspace.o(.text)
    .text                                    0x080002b8   Section       74  sys_stackheap_outer.o(.text)
    .text                                    0x08000302   Section        0  exit.o(.text)
    .text                                    0x08000314   Section        0  sys_exit.o(.text)
    .text                                    0x08000320   Section        2  use_no_semi.o(.text)
    .text                                    0x08000322   Section        0  indicate_semi.o(.text)
    [Anonymous Symbol]                       0x08000324   Section        0  fpga.o(.text.FPGA_Comm)
    __arm_cp.2_1                             0x0800035c   Number         4  fpga.o(.text.FPGA_Comm)
    [Anonymous Symbol]                       0x08000360   Section        0  fpga.o(.text.Init_FPGA)
    __arm_cp.0_1                             0x080003c0   Number         4  fpga.o(.text.Init_FPGA)
    __arm_cp.0_2                             0x080003c4   Number         4  fpga.o(.text.Init_FPGA)
    [Anonymous Symbol]                       0x080003c8   Section        0  led.o(.text.Init_LED)
    __arm_cp.0_0                             0x080004e4   Number         4  led.o(.text.Init_LED)
    __arm_cp.0_1                             0x080004e8   Number         4  led.o(.text.Init_LED)
    __arm_cp.0_2                             0x080004ec   Number         4  led.o(.text.Init_LED)
    [Anonymous Symbol]                       0x080004f0   Section        0  led.o(.text.Init_Morse)
    __arm_cp.10_0                            0x08000528   Number         4  led.o(.text.Init_Morse)
    [Anonymous Symbol]                       0x0800052c   Section        0  delay.o(.text.Init_Timer2)
    __arm_cp.6_1                             0x08000564   Number         4  delay.o(.text.Init_Timer2)
    [Anonymous Symbol]                       0x08000568   Section        0  delay.o(.text.Init_Timer3)
    __arm_cp.7_1                             0x080005a0   Number         4  delay.o(.text.Init_Timer3)
    [Anonymous Symbol]                       0x080005a4   Section        0  pwm.o(.text.Init_Timer4)
    __arm_cp.0_0                             0x080005ec   Number         4  pwm.o(.text.Init_Timer4)
    __arm_cp.0_2                             0x080005f0   Number         4  pwm.o(.text.Init_Timer4)
    [Anonymous Symbol]                       0x080005f4   Section        0  delay.o(.text.Init_Timer5)
    __arm_cp.8_1                             0x08000628   Number         4  delay.o(.text.Init_Timer5)
    [Anonymous Symbol]                       0x0800062c   Section        0  delay.o(.text.Init_Timer6)
    [Anonymous Symbol]                       0x08000660   Section        0  delay.o(.text.Init_Timer7)
    __arm_cp.10_0                            0x08000698   Number         4  delay.o(.text.Init_Timer7)
    __arm_cp.10_1                            0x0800069c   Number         4  delay.o(.text.Init_Timer7)
    __arm_cp.10_2                            0x080006a0   Number         4  delay.o(.text.Init_Timer7)
    [Anonymous Symbol]                       0x080006a4   Section        0  lcd.o(.text.LCD_strobe)
    [Anonymous Symbol]                       0x080006c4   Section        0  led.o(.text.Morse)
    [Anonymous Symbol]                       0x080006ec   Section        0  system_stm32f4xx.o(.text.SystemCoreClockUpdate)
    __arm_cp.1_0                             0x08000744   Number         4  system_stm32f4xx.o(.text.SystemCoreClockUpdate)
    __arm_cp.1_1                             0x08000748   Number         4  system_stm32f4xx.o(.text.SystemCoreClockUpdate)
    __arm_cp.1_2                             0x0800074c   Number         4  system_stm32f4xx.o(.text.SystemCoreClockUpdate)
    __arm_cp.1_3                             0x08000750   Number         4  system_stm32f4xx.o(.text.SystemCoreClockUpdate)
    __arm_cp.1_4                             0x08000754   Number         4  system_stm32f4xx.o(.text.SystemCoreClockUpdate)
    [Anonymous Symbol]                       0x08000758   Section        0  system_stm32f4xx.o(.text.SystemInit)
    __arm_cp.0_0                             0x08000794   Number         4  system_stm32f4xx.o(.text.SystemInit)
    __arm_cp.0_1                             0x08000798   Number         4  system_stm32f4xx.o(.text.SystemInit)
    __arm_cp.0_2                             0x0800079c   Number         4  system_stm32f4xx.o(.text.SystemInit)
    __arm_cp.0_3                             0x080007a0   Number         4  system_stm32f4xx.o(.text.SystemInit)
    [Anonymous Symbol]                       0x080007a4   Section        0  main.o(.text.TIM2_IRQHandler)
    __arm_cp.1_0                             0x080007c8   Number         4  main.o(.text.TIM2_IRQHandler)
    __arm_cp.1_1                             0x080007cc   Number         4  main.o(.text.TIM2_IRQHandler)
    __arm_cp.1_2                             0x080007d0   Number         4  main.o(.text.TIM2_IRQHandler)
    [Anonymous Symbol]                       0x080007d4   Section        0  interrupts.o(.text.TIM3_IRQHandler)
    __arm_cp.0_0                             0x0800080c   Number         4  interrupts.o(.text.TIM3_IRQHandler)
    [Anonymous Symbol]                       0x0800084c   Section        0  interrupts.o(.text.TIM4_IRQHandler)
    __arm_cp.1_0                             0x08000858   Number         4  interrupts.o(.text.TIM4_IRQHandler)
    [Anonymous Symbol]                       0x0800085c   Section        0  switch.o(.text.TIM5_IRQHandler)
    __arm_cp.0_0                             0x08000870   Number         4  switch.o(.text.TIM5_IRQHandler)
    __arm_cp.0_1                             0x08000874   Number         4  switch.o(.text.TIM5_IRQHandler)
    [Anonymous Symbol]                       0x08000878   Section        0  interrupts.o(.text.TIM6_DAC_IRQHandler)
    __arm_cp.2_0                             0x08000888   Number         4  interrupts.o(.text.TIM6_DAC_IRQHandler)
    [Anonymous Symbol]                       0x0800088c   Section        0  interrupts.o(.text.TIM7_IRQHandler)
    __arm_cp.3_0                             0x08000898   Number         4  interrupts.o(.text.TIM7_IRQHandler)
    [Anonymous Symbol]                       0x0800089c   Section        0  led.o(.text.Toggle_LED)
    [Anonymous Symbol]                       0x080008a8   Section        0  led.o(.text.Toggle_LED3)
    __arm_cp.3_0                             0x080008b4   Number         4  led.o(.text.Toggle_LED3)
    [Anonymous Symbol]                       0x080008b8   Section        0  delay.o(.text.Wait3)
    __arm_cp.3_0                             0x080008d4   Number         4  delay.o(.text.Wait3)
    [Anonymous Symbol]                       0x080008d8   Section        0  lcd.o(.text.WaitLcdBusy)
    __arm_cp.1_0                             0x08000918   Number         4  lcd.o(.text.WaitLcdBusy)
    __arm_cp.1_1                             0x0800091c   Number         4  lcd.o(.text.WaitLcdBusy)
    [Anonymous Symbol]                       0x08000920   Section        0  lcd.o(.text.cmdLCD)
    __arm_cp.5_0                             0x08000958   Number         4  lcd.o(.text.cmdLCD)
    __arm_cp.5_1                             0x0800095c   Number         4  lcd.o(.text.cmdLCD)
    [Anonymous Symbol]                       0x08000960   Section        0  lcd.o(.text.cmdLCD8)
    __arm_cp.4_0                             0x0800098c   Number         4  lcd.o(.text.cmdLCD8)
    [Anonymous Symbol]                       0x08000990   Section        0  delay.o(.text.deinitTIM2)
    [Anonymous Symbol]                       0x080009a8   Section        0  delay.o(.text.deinitTIM3)
    __arm_cp.12_0                            0x080009bc   Number         4  delay.o(.text.deinitTIM3)
    [Anonymous Symbol]                       0x080009c0   Section        0  delay.o(.text.deinitTIM4)
    __arm_cp.13_0                            0x080009d4   Number         4  delay.o(.text.deinitTIM4)
    [Anonymous Symbol]                       0x080009d8   Section        0  delay.o(.text.deinitTIM5)
    __arm_cp.14_0                            0x080009ec   Number         4  delay.o(.text.deinitTIM5)
    [Anonymous Symbol]                       0x080009f0   Section        0  delay.o(.text.deinitTIM6)
    __arm_cp.15_0                            0x08000a04   Number         4  delay.o(.text.deinitTIM6)
    [Anonymous Symbol]                       0x08000a08   Section        0  led.o(.text.exLEDs)
    __arm_cp.8_1                             0x08000c4c   Number         4  led.o(.text.exLEDs)
    [Anonymous Symbol]                       0x08000c88   Section        0  lcd.o(.text.initLCD)
    __arm_cp.7_1                             0x08000d20   Number         4  lcd.o(.text.initLCD)
    __arm_cp.7_2                             0x08000d24   Number         4  lcd.o(.text.initLCD)
    __arm_cp.7_3                             0x08000d28   Number         4  lcd.o(.text.initLCD)
    [Anonymous Symbol]                       0x08000d2c   Section        0  adc.o(.text.init_ADC)
    __arm_cp.0_1                             0x08000d6c   Number         4  adc.o(.text.init_ADC)
    __arm_cp.0_2                             0x08000d70   Number         4  adc.o(.text.init_ADC)
    [Anonymous Symbol]                       0x08000d74   Section        0  dac.o(.text.init_DAC)
    __arm_cp.0_1                             0x08000d9c   Number         4  dac.o(.text.init_DAC)
    __arm_cp.0_2                             0x08000da0   Number         4  dac.o(.text.init_DAC)
    [Anonymous Symbol]                       0x08000da4   Section        0  uart.o(.text.init_USART)
    __arm_cp.0_0                             0x08000e24   Number         4  uart.o(.text.init_USART)
    __arm_cp.0_1                             0x08000e28   Number         4  uart.o(.text.init_USART)
    __arm_cp.0_2                             0x08000e2c   Number         4  uart.o(.text.init_USART)
    [Anonymous Symbol]                       0x08000e30   Section        0  lcd.o(.text.lcd_delayus)
    __arm_cp.0_0                             0x08000e58   Number         4  lcd.o(.text.lcd_delayus)
    __arm_cp.0_1                             0x08000e5c   Number         4  lcd.o(.text.lcd_delayus)
    [Anonymous Symbol]                       0x08000e60   Section        0  main.o(.text.main)
    __arm_cp.0_0                             0x08001050   Number         4  main.o(.text.main)
    __arm_cp.0_1                             0x08001054   Number         4  main.o(.text.main)
    __arm_cp.0_2                             0x08001058   Number         4  main.o(.text.main)
    __arm_cp.0_5                             0x0800105c   Number         4  main.o(.text.main)
    __arm_cp.0_6                             0x08001060   Number         4  main.o(.text.main)
    __arm_cp.0_7                             0x08001064   Number         4  main.o(.text.main)
    __arm_cp.0_8                             0x08001068   Number         4  main.o(.text.main)
    __arm_cp.0_9                             0x0800106c   Number         4  main.o(.text.main)
    [Anonymous Symbol]                       0x08001088   Section        0  dac.o(.text.output_dac)
    __arm_cp.1_0                             0x08001090   Number         4  dac.o(.text.output_dac)
    [Anonymous Symbol]                       0x08001094   Section        0  lcd.o(.text.putLCD)
    __arm_cp.6_0                             0x080010cc   Number         4  lcd.o(.text.putLCD)
    __arm_cp.6_1                             0x080010d0   Number         4  lcd.o(.text.putLCD)
    [Anonymous Symbol]                       0x080010d4   Section        0  adc.o(.text.read_adc)
    __arm_cp.1_0                             0x080010f0   Number         4  adc.o(.text.read_adc)
    [Anonymous Symbol]                       0x080010f4   Section        0  uart.o(.text.receive_usart)
    [Anonymous Symbol]                       0x0800110c   Section        0  uart.o(.text.send_usart)
    __arm_cp.2_0                             0x08001118   Number         4  uart.o(.text.send_usart)
    [Anonymous Symbol]                       0x0800111c   Section        0  switch.o(.text.switch_led)
    __arm_cp.1_0                             0x0800113c   Number         4  switch.o(.text.switch_led)
    [Anonymous Symbol]                       0x08001140   Section        0  delay.o(.text.tickdelayMs)
    __arm_cp.0_0                             0x08001164   Number         4  delay.o(.text.tickdelayMs)
    [Anonymous Symbol]                       0x08001168   Section        0  uart.o(.text.usart_char)
    __arm_cp.5_1                             0x08001258   Number         4  uart.o(.text.usart_char)
    __arm_cp.5_2                             0x0800125c   Number         4  uart.o(.text.usart_char)
    [Anonymous Symbol]                       0x08001260   Section        0  switch.o(.text.user_button_hold)
    __arm_cp.2_0                             0x080012d4   Number         4  switch.o(.text.user_button_hold)
    i.__ARM_fpclassify                       0x080012fc   Section        0  fpclassify.o(i.__ARM_fpclassify)
    i.__hardfp_sin                           0x08001330   Section        0  sin.o(i.__hardfp_sin)
    i.__ieee754_rem_pio2                     0x080013f8   Section        0  rred.o(i.__ieee754_rem_pio2)
    i.__kernel_cos                           0x08001830   Section        0  cos_i.o(i.__kernel_cos)
    i.__kernel_poly                          0x080019a0   Section        0  poly.o(i.__kernel_poly)
    i.__kernel_sin                           0x08001a98   Section        0  sin_i.o(i.__kernel_sin)
    i.__mathlib_dbl_infnan                   0x08001bc8   Section        0  dunder.o(i.__mathlib_dbl_infnan)
    i.__mathlib_dbl_invalid                  0x08001be0   Section        0  dunder.o(i.__mathlib_dbl_invalid)
    i.__mathlib_dbl_underflow                0x08001c00   Section        0  dunder.o(i.__mathlib_dbl_underflow)
    i.fabs                                   0x08001c20   Section        0  fabs.o(i.fabs)
    $v0                                      0x08001c38   Number         0  basic.o(x$fpl$basic)
    x$fpl$basic                              0x08001c38   Section       24  basic.o(x$fpl$basic)
    $v0                                      0x08001c50   Number         0  daddsub_clz.o(x$fpl$dadd)
    x$fpl$dadd                               0x08001c50   Section      336  daddsub_clz.o(x$fpl$dadd)
    _dadd1                                   0x08001c61   Thumb Code     0  daddsub_clz.o(x$fpl$dadd)
    $v0                                      0x08001da0   Number         0  ddiv.o(x$fpl$ddiv)
    x$fpl$ddiv                               0x08001da0   Section      688  ddiv.o(x$fpl$ddiv)
    ddiv_entry                               0x08001da7   Thumb Code     0  ddiv.o(x$fpl$ddiv)
    $v0                                      0x08002050   Number         0  dfix.o(x$fpl$dfix)
    x$fpl$dfix                               0x08002050   Section       94  dfix.o(x$fpl$dfix)
    $v0                                      0x080020b0   Number         0  dfixu.o(x$fpl$dfixu)
    x$fpl$dfixu                              0x080020b0   Section       90  dfixu.o(x$fpl$dfixu)
    $v0                                      0x0800210a   Number         0  dflt_clz.o(x$fpl$dflt)
    x$fpl$dflt                               0x0800210a   Section       46  dflt_clz.o(x$fpl$dflt)
    $v0                                      0x08002138   Number         0  dflt_clz.o(x$fpl$dfltu)
    x$fpl$dfltu                              0x08002138   Section       38  dflt_clz.o(x$fpl$dfltu)
    $v0                                      0x08002160   Number         0  dmul.o(x$fpl$dmul)
    x$fpl$dmul                               0x08002160   Section      340  dmul.o(x$fpl$dmul)
    $v0                                      0x080022b4   Number         0  dnaninf.o(x$fpl$dnaninf)
    x$fpl$dnaninf                            0x080022b4   Section      156  dnaninf.o(x$fpl$dnaninf)
    $v0                                      0x08002350   Number         0  dretinf.o(x$fpl$dretinf)
    x$fpl$dretinf                            0x08002350   Section       12  dretinf.o(x$fpl$dretinf)
    $v0                                      0x0800235c   Number         0  daddsub_clz.o(x$fpl$drsb)
    x$fpl$drsb                               0x0800235c   Section       22  daddsub_clz.o(x$fpl$drsb)
    $v0                                      0x08002374   Number         0  daddsub_clz.o(x$fpl$dsub)
    x$fpl$dsub                               0x08002374   Section      468  daddsub_clz.o(x$fpl$dsub)
    _dsub1                                   0x08002385   Thumb Code     0  daddsub_clz.o(x$fpl$dsub)
    $v0                                      0x08002548   Number         0  f2d.o(x$fpl$f2d)
    x$fpl$f2d                                0x08002548   Section       86  f2d.o(x$fpl$f2d)
    $v0                                      0x0800259e   Number         0  fnaninf.o(x$fpl$fnaninf)
    x$fpl$fnaninf                            0x0800259e   Section      140  fnaninf.o(x$fpl$fnaninf)
    $v0                                      0x0800262a   Number         0  fpinit.o(x$fpl$fpinit)
    x$fpl$fpinit                             0x0800262a   Section       26  fpinit.o(x$fpl$fpinit)
    x$fpl$usenofp                            0x08002644   Section        0  usenofp.o(x$fpl$usenofp)
    C                                        0x08002648   Data          48  cos_i.o(.constdata)
    .constdata                               0x08002648   Section       48  cos_i.o(.constdata)
    pio2s                                    0x08002678   Data          48  rred.o(.constdata)
    .constdata                               0x08002678   Section      200  rred.o(.constdata)
    twooverpi                                0x080026a8   Data         152  rred.o(.constdata)
    S                                        0x08002740   Data          40  sin_i.o(.constdata)
    .constdata                               0x08002740   Section       40  sin_i.o(.constdata)
    [Anonymous Symbol]                       0x20000000   Section        0  main.o(.data..L_MergedGlobals)
    .bss                                     0x20000010   Section       96  libspace.o(.bss)
    [Anonymous Symbol]                       0x20000070   Section        0  main.o(.bss..L_MergedGlobals.1)
    TIM2_IRQHandler.i                        0x20000078   Data           4  main.o(.bss.TIM2_IRQHandler.i)
    [Anonymous Symbol]                       0x20000078   Section        0  main.o(.bss.TIM2_IRQHandler.i)
    Heap_Mem                                 0x20000468   Data         512  startup_stm32f429xx.o(HEAP)
    HEAP                                     0x20000468   Section      512  startup_stm32f429xx.o(HEAP)
    Stack_Mem                                0x20000668   Data        1024  startup_stm32f429xx.o(STACK)
    STACK                                    0x20000668   Section     1024  startup_stm32f429xx.o(STACK)
    __initial_sp                             0x20000a68   Data           0  startup_stm32f429xx.o(STACK)

    Global Symbols

    Symbol Name                              Value     Ov Type        Size  Object(Section)

    BuildAttributes$$THM_ISAv4$E$P$D$K$B$S$7EM$VFPi3$EXTD16$VFPS$VFMA$PE$A:L22UL41UL21$X:L11$S22US41US21$IEEE1$IW$~IW$USESV6$~STKCKD$USESV7$~SHL$OTIME$ROPI$IEEEX$EBA8$UX$STANDARDLIB$REQ8$PRES8$EABIv2 0x00000000   Number         0  anon$$obj.o ABSOLUTE
    __ARM_exceptions_init                     - Undefined Weak Reference
    __alloca_initialize                       - Undefined Weak Reference
    __arm_preinit_                            - Undefined Weak Reference
    __cpp_initialize__aeabi_                  - Undefined Weak Reference
    __cxa_finalize                            - Undefined Weak Reference
    __rt_locale                               - Undefined Weak Reference
    __sigvec_lookup                           - Undefined Weak Reference
    _atexit_init                              - Undefined Weak Reference
    _call_atexit_fns                          - Undefined Weak Reference
    _clock_init                               - Undefined Weak Reference
    _fp_trap_init                             - Undefined Weak Reference
    _fp_trap_shutdown                         - Undefined Weak Reference
    _get_lc_collate                           - Undefined Weak Reference
    _get_lc_ctype                             - Undefined Weak Reference
    _get_lc_monetary                          - Undefined Weak Reference
    _get_lc_numeric                           - Undefined Weak Reference
    _get_lc_time                              - Undefined Weak Reference
    _getenv_init                              - Undefined Weak Reference
    _handle_redirection                       - Undefined Weak Reference
    _init_alloc                               - Undefined Weak Reference
    _init_user_alloc                          - Undefined Weak Reference
    _initio                                   - Undefined Weak Reference
    _rand_init                                - Undefined Weak Reference
    _signal_finish                            - Undefined Weak Reference
    _signal_init                              - Undefined Weak Reference
    _terminate_alloc                          - Undefined Weak Reference
    _terminate_user_alloc                     - Undefined Weak Reference
    _terminateio                              - Undefined Weak Reference
    __Vectors_Size                           0x000001ac   Number         0  startup_stm32f429xx.o ABSOLUTE
    __Vectors                                0x08000000   Data           4  startup_stm32f429xx.o(RESET)
    __Vectors_End                            0x080001ac   Data           0  startup_stm32f429xx.o(RESET)
    __main                                   0x080001ad   Thumb Code     8  __main.o(!!!main)
    __scatterload                            0x080001b5   Thumb Code     0  __scatter.o(!!!scatter)
    __scatterload_rt2                        0x080001b5   Thumb Code    44  __scatter.o(!!!scatter)
    __scatterload_rt2_thumb_only             0x080001b5   Thumb Code     0  __scatter.o(!!!scatter)
    __scatterload_null                       0x080001c3   Thumb Code     0  __scatter.o(!!!scatter)
    __scatterload_copy                       0x080001e9   Thumb Code    26  __scatter_copy.o(!!handler_copy)
    __scatterload_zeroinit                   0x08000205   Thumb Code    28  __scatter_zi.o(!!handler_zi)
    __rt_lib_init                            0x08000221   Thumb Code     0  libinit.o(.ARM.Collect$$libinit$$00000000)
    __rt_lib_init_fp_1                       0x08000223   Thumb Code     0  libinit2.o(.ARM.Collect$$libinit$$00000001)
    __rt_lib_init_alloca_1                   0x08000227   Thumb Code     0  libinit2.o(.ARM.Collect$$libinit$$0000002E)
    __rt_lib_init_argv_1                     0x08000227   Thumb Code     0  libinit2.o(.ARM.Collect$$libinit$$0000002C)
    __rt_lib_init_atexit_1                   0x08000227   Thumb Code     0  libinit2.o(.ARM.Collect$$libinit$$0000001B)
    __rt_lib_init_clock_1                    0x08000227   Thumb Code     0  libinit2.o(.ARM.Collect$$libinit$$00000021)
    __rt_lib_init_cpp_1                      0x08000227   Thumb Code     0  libinit2.o(.ARM.Collect$$libinit$$00000032)
    __rt_lib_init_exceptions_1               0x08000227   Thumb Code     0  libinit2.o(.ARM.Collect$$libinit$$00000030)
    __rt_lib_init_fp_trap_1                  0x08000227   Thumb Code     0  libinit2.o(.ARM.Collect$$libinit$$0000001F)
    __rt_lib_init_getenv_1                   0x08000227   Thumb Code     0  libinit2.o(.ARM.Collect$$libinit$$00000023)
    __rt_lib_init_heap_1                     0x08000227   Thumb Code     0  libinit2.o(.ARM.Collect$$libinit$$0000000A)
    __rt_lib_init_lc_collate_1               0x08000227   Thumb Code     0  libinit2.o(.ARM.Collect$$libinit$$00000011)
    __rt_lib_init_lc_ctype_1                 0x08000227   Thumb Code     0  libinit2.o(.ARM.Collect$$libinit$$00000013)
    __rt_lib_init_lc_monetary_1              0x08000227   Thumb Code     0  libinit2.o(.ARM.Collect$$libinit$$00000015)
    __rt_lib_init_lc_numeric_1               0x08000227   Thumb Code     0  libinit2.o(.ARM.Collect$$libinit$$00000017)
    __rt_lib_init_lc_time_1                  0x08000227   Thumb Code     0  libinit2.o(.ARM.Collect$$libinit$$00000019)
    __rt_lib_init_preinit_1                  0x08000227   Thumb Code     0  libinit2.o(.ARM.Collect$$libinit$$00000004)
    __rt_lib_init_rand_1                     0x08000227   Thumb Code     0  libinit2.o(.ARM.Collect$$libinit$$0000000E)
    __rt_lib_init_return                     0x08000227   Thumb Code     0  libinit2.o(.ARM.Collect$$libinit$$00000033)
    __rt_lib_init_signal_1                   0x08000227   Thumb Code     0  libinit2.o(.ARM.Collect$$libinit$$0000001D)
    __rt_lib_init_stdio_1                    0x08000227   Thumb Code     0  libinit2.o(.ARM.Collect$$libinit$$00000025)
    __rt_lib_init_user_alloc_1               0x08000227   Thumb Code     0  libinit2.o(.ARM.Collect$$libinit$$0000000C)
    __rt_lib_shutdown                        0x08000229   Thumb Code     0  libshutdown.o(.ARM.Collect$$libshutdown$$00000000)
    __rt_lib_shutdown_cpp_1                  0x0800022b   Thumb Code     0  libshutdown2.o(.ARM.Collect$$libshutdown$$00000002)
    __rt_lib_shutdown_fp_trap_1              0x0800022b   Thumb Code     0  libshutdown2.o(.ARM.Collect$$libshutdown$$00000007)
    __rt_lib_shutdown_heap_1                 0x0800022b   Thumb Code     0  libshutdown2.o(.ARM.Collect$$libshutdown$$0000000F)
    __rt_lib_shutdown_return                 0x0800022b   Thumb Code     0  libshutdown2.o(.ARM.Collect$$libshutdown$$00000010)
    __rt_lib_shutdown_signal_1               0x0800022b   Thumb Code     0  libshutdown2.o(.ARM.Collect$$libshutdown$$0000000A)
    __rt_lib_shutdown_stdio_1                0x0800022b   Thumb Code     0  libshutdown2.o(.ARM.Collect$$libshutdown$$00000004)
    __rt_lib_shutdown_user_alloc_1           0x0800022b   Thumb Code     0  libshutdown2.o(.ARM.Collect$$libshutdown$$0000000C)
    __rt_entry                               0x0800022d   Thumb Code     0  __rtentry.o(.ARM.Collect$$rtentry$$00000000)
    __rt_entry_presh_1                       0x0800022d   Thumb Code     0  __rtentry2.o(.ARM.Collect$$rtentry$$00000002)
    __rt_entry_sh                            0x0800022d   Thumb Code     0  __rtentry4.o(.ARM.Collect$$rtentry$$00000004)
    __rt_entry_li                            0x08000233   Thumb Code     0  __rtentry2.o(.ARM.Collect$$rtentry$$0000000A)
    __rt_entry_postsh_1                      0x08000233   Thumb Code     0  __rtentry2.o(.ARM.Collect$$rtentry$$00000009)
    __rt_entry_main                          0x08000237   Thumb Code     0  __rtentry2.o(.ARM.Collect$$rtentry$$0000000D)
    __rt_entry_postli_1                      0x08000237   Thumb Code     0  __rtentry2.o(.ARM.Collect$$rtentry$$0000000C)
    __rt_exit                                0x0800023f   Thumb Code     0  rtexit.o(.ARM.Collect$$rtexit$$00000000)
    __rt_exit_ls                             0x08000241   Thumb Code     0  rtexit2.o(.ARM.Collect$$rtexit$$00000003)
    __rt_exit_prels_1                        0x08000241   Thumb Code     0  rtexit2.o(.ARM.Collect$$rtexit$$00000002)
    __rt_exit_exit                           0x08000245   Thumb Code     0  rtexit2.o(.ARM.Collect$$rtexit$$00000004)
    Reset_Handler                            0x0800024d   Thumb Code     8  startup_stm32f429xx.o(.text)
    NMI_Handler                              0x08000255   Thumb Code     2  startup_stm32f429xx.o(.text)
    HardFault_Handler                        0x08000257   Thumb Code     2  startup_stm32f429xx.o(.text)
    MemManage_Handler                        0x08000259   Thumb Code     2  startup_stm32f429xx.o(.text)
    BusFault_Handler                         0x0800025b   Thumb Code     2  startup_stm32f429xx.o(.text)
    UsageFault_Handler                       0x0800025d   Thumb Code     2  startup_stm32f429xx.o(.text)
    SVC_Handler                              0x0800025f   Thumb Code     2  startup_stm32f429xx.o(.text)
    DebugMon_Handler                         0x08000261   Thumb Code     2  startup_stm32f429xx.o(.text)
    PendSV_Handler                           0x08000263   Thumb Code     2  startup_stm32f429xx.o(.text)
    SysTick_Handler                          0x08000265   Thumb Code     2  startup_stm32f429xx.o(.text)
    ADC_IRQHandler                           0x08000267   Thumb Code     0  startup_stm32f429xx.o(.text)
    CAN1_RX0_IRQHandler                      0x08000267   Thumb Code     0  startup_stm32f429xx.o(.text)
    CAN1_RX1_IRQHandler                      0x08000267   Thumb Code     0  startup_stm32f429xx.o(.text)
    CAN1_SCE_IRQHandler                      0x08000267   Thumb Code     0  startup_stm32f429xx.o(.text)
    CAN1_TX_IRQHandler                       0x08000267   Thumb Code     0  startup_stm32f429xx.o(.text)
    CAN2_RX0_IRQHandler                      0x08000267   Thumb Code     0  startup_stm32f429xx.o(.text)
    CAN2_RX1_IRQHandler                      0x08000267   Thumb Code     0  startup_stm32f429xx.o(.text)
    CAN2_SCE_IRQHandler                      0x08000267   Thumb Code     0  startup_stm32f429xx.o(.text)
    CAN2_TX_IRQHandler                       0x08000267   Thumb Code     0  startup_stm32f429xx.o(.text)
    DCMI_IRQHandler                          0x08000267   Thumb Code     0  startup_stm32f429xx.o(.text)
    DMA1_Stream0_IRQHandler                  0x08000267   Thumb Code     0  startup_stm32f429xx.o(.text)
    DMA1_Stream1_IRQHandler                  0x08000267   Thumb Code     0  startup_stm32f429xx.o(.text)
    DMA1_Stream2_IRQHandler                  0x08000267   Thumb Code     0  startup_stm32f429xx.o(.text)
    DMA1_Stream3_IRQHandler                  0x08000267   Thumb Code     0  startup_stm32f429xx.o(.text)
    DMA1_Stream4_IRQHandler                  0x08000267   Thumb Code     0  startup_stm32f429xx.o(.text)
    DMA1_Stream5_IRQHandler                  0x08000267   Thumb Code     0  startup_stm32f429xx.o(.text)
    DMA1_Stream6_IRQHandler                  0x08000267   Thumb Code     0  startup_stm32f429xx.o(.text)
    DMA1_Stream7_IRQHandler                  0x08000267   Thumb Code     0  startup_stm32f429xx.o(.text)
    DMA2D_IRQHandler                         0x08000267   Thumb Code     0  startup_stm32f429xx.o(.text)
    DMA2_Stream0_IRQHandler                  0x08000267   Thumb Code     0  startup_stm32f429xx.o(.text)
    DMA2_Stream1_IRQHandler                  0x08000267   Thumb Code     0  startup_stm32f429xx.o(.text)
    DMA2_Stream2_IRQHandler                  0x08000267   Thumb Code     0  startup_stm32f429xx.o(.text)
    DMA2_Stream3_IRQHandler                  0x08000267   Thumb Code     0  startup_stm32f429xx.o(.text)
    DMA2_Stream4_IRQHandler                  0x08000267   Thumb Code     0  startup_stm32f429xx.o(.text)
    DMA2_Stream5_IRQHandler                  0x08000267   Thumb Code     0  startup_stm32f429xx.o(.text)
    DMA2_Stream6_IRQHandler                  0x08000267   Thumb Code     0  startup_stm32f429xx.o(.text)
    DMA2_Stream7_IRQHandler                  0x08000267   Thumb Code     0  startup_stm32f429xx.o(.text)
    ETH_IRQHandler                           0x08000267   Thumb Code     0  startup_stm32f429xx.o(.text)
    ETH_WKUP_IRQHandler                      0x08000267   Thumb Code     0  startup_stm32f429xx.o(.text)
    EXTI0_IRQHandler                         0x08000267   Thumb Code     0  startup_stm32f429xx.o(.text)
    EXTI15_10_IRQHandler                     0x08000267   Thumb Code     0  startup_stm32f429xx.o(.text)
    EXTI1_IRQHandler                         0x08000267   Thumb Code     0  startup_stm32f429xx.o(.text)
    EXTI2_IRQHandler                         0x08000267   Thumb Code     0  startup_stm32f429xx.o(.text)
    EXTI3_IRQHandler                         0x08000267   Thumb Code     0  startup_stm32f429xx.o(.text)
    EXTI4_IRQHandler                         0x08000267   Thumb Code     0  startup_stm32f429xx.o(.text)
    EXTI9_5_IRQHandler                       0x08000267   Thumb Code     0  startup_stm32f429xx.o(.text)
    FLASH_IRQHandler                         0x08000267   Thumb Code     0  startup_stm32f429xx.o(.text)
    FMC_IRQHandler                           0x08000267   Thumb Code     0  startup_stm32f429xx.o(.text)
    FPU_IRQHandler                           0x08000267   Thumb Code     0  startup_stm32f429xx.o(.text)
    HASH_RNG_IRQHandler                      0x08000267   Thumb Code     0  startup_stm32f429xx.o(.text)
    I2C1_ER_IRQHandler                       0x08000267   Thumb Code     0  startup_stm32f429xx.o(.text)
    I2C1_EV_IRQHandler                       0x08000267   Thumb Code     0  startup_stm32f429xx.o(.text)
    I2C2_ER_IRQHandler                       0x08000267   Thumb Code     0  startup_stm32f429xx.o(.text)
    I2C2_EV_IRQHandler                       0x08000267   Thumb Code     0  startup_stm32f429xx.o(.text)
    I2C3_ER_IRQHandler                       0x08000267   Thumb Code     0  startup_stm32f429xx.o(.text)
    I2C3_EV_IRQHandler                       0x08000267   Thumb Code     0  startup_stm32f429xx.o(.text)
    LTDC_ER_IRQHandler                       0x08000267   Thumb Code     0  startup_stm32f429xx.o(.text)
    LTDC_IRQHandler                          0x08000267   Thumb Code     0  startup_stm32f429xx.o(.text)
    OTG_FS_IRQHandler                        0x08000267   Thumb Code     0  startup_stm32f429xx.o(.text)
    OTG_FS_WKUP_IRQHandler                   0x08000267   Thumb Code     0  startup_stm32f429xx.o(.text)
    OTG_HS_EP1_IN_IRQHandler                 0x08000267   Thumb Code     0  startup_stm32f429xx.o(.text)
    OTG_HS_EP1_OUT_IRQHandler                0x08000267   Thumb Code     0  startup_stm32f429xx.o(.text)
    OTG_HS_IRQHandler                        0x08000267   Thumb Code     0  startup_stm32f429xx.o(.text)
    OTG_HS_WKUP_IRQHandler                   0x08000267   Thumb Code     0  startup_stm32f429xx.o(.text)
    PVD_IRQHandler                           0x08000267   Thumb Code     0  startup_stm32f429xx.o(.text)
    RCC_IRQHandler                           0x08000267   Thumb Code     0  startup_stm32f429xx.o(.text)
    RTC_Alarm_IRQHandler                     0x08000267   Thumb Code     0  startup_stm32f429xx.o(.text)
    RTC_WKUP_IRQHandler                      0x08000267   Thumb Code     0  startup_stm32f429xx.o(.text)
    SAI1_IRQHandler                          0x08000267   Thumb Code     0  startup_stm32f429xx.o(.text)
    SDIO_IRQHandler                          0x08000267   Thumb Code     0  startup_stm32f429xx.o(.text)
    SPI1_IRQHandler                          0x08000267   Thumb Code     0  startup_stm32f429xx.o(.text)
    SPI2_IRQHandler                          0x08000267   Thumb Code     0  startup_stm32f429xx.o(.text)
    SPI3_IRQHandler                          0x08000267   Thumb Code     0  startup_stm32f429xx.o(.text)
    SPI4_IRQHandler                          0x08000267   Thumb Code     0  startup_stm32f429xx.o(.text)
    SPI5_IRQHandler                          0x08000267   Thumb Code     0  startup_stm32f429xx.o(.text)
    SPI6_IRQHandler                          0x08000267   Thumb Code     0  startup_stm32f429xx.o(.text)
    TAMP_STAMP_IRQHandler                    0x08000267   Thumb Code     0  startup_stm32f429xx.o(.text)
    TIM1_BRK_TIM9_IRQHandler                 0x08000267   Thumb Code     0  startup_stm32f429xx.o(.text)
    TIM1_CC_IRQHandler                       0x08000267   Thumb Code     0  startup_stm32f429xx.o(.text)
    TIM1_TRG_COM_TIM11_IRQHandler            0x08000267   Thumb Code     0  startup_stm32f429xx.o(.text)
    TIM1_UP_TIM10_IRQHandler                 0x08000267   Thumb Code     0  startup_stm32f429xx.o(.text)
    TIM8_BRK_TIM12_IRQHandler                0x08000267   Thumb Code     0  startup_stm32f429xx.o(.text)
    TIM8_CC_IRQHandler                       0x08000267   Thumb Code     0  startup_stm32f429xx.o(.text)
    TIM8_TRG_COM_TIM14_IRQHandler            0x08000267   Thumb Code     0  startup_stm32f429xx.o(.text)
    TIM8_UP_TIM13_IRQHandler                 0x08000267   Thumb Code     0  startup_stm32f429xx.o(.text)
    UART4_IRQHandler                         0x08000267   Thumb Code     0  startup_stm32f429xx.o(.text)
    UART5_IRQHandler                         0x08000267   Thumb Code     0  startup_stm32f429xx.o(.text)
    UART7_IRQHandler                         0x08000267   Thumb Code     0  startup_stm32f429xx.o(.text)
    UART8_IRQHandler                         0x08000267   Thumb Code     0  startup_stm32f429xx.o(.text)
    USART1_IRQHandler                        0x08000267   Thumb Code     0  startup_stm32f429xx.o(.text)
    USART2_IRQHandler                        0x08000267   Thumb Code     0  startup_stm32f429xx.o(.text)
    USART3_IRQHandler                        0x08000267   Thumb Code     0  startup_stm32f429xx.o(.text)
    USART6_IRQHandler                        0x08000267   Thumb Code     0  startup_stm32f429xx.o(.text)
    WWDG_IRQHandler                          0x08000267   Thumb Code     0  startup_stm32f429xx.o(.text)
    __user_initial_stackheap                 0x08000269   Thumb Code     0  startup_stm32f429xx.o(.text)
    __use_two_region_memory                  0x0800028d   Thumb Code     2  heapauxi.o(.text)
    __rt_heap_escrow$2region                 0x0800028f   Thumb Code     2  heapauxi.o(.text)
    __rt_heap_expand$2region                 0x08000291   Thumb Code     2  heapauxi.o(.text)
    __read_errno                             0x08000293   Thumb Code    10  _rserrno.o(.text)
    __set_errno                              0x0800029d   Thumb Code    12  _rserrno.o(.text)
    __aeabi_errno_addr                       0x080002a9   Thumb Code     8  rt_errno_addr_intlibspace.o(.text)
    __errno$intlibspace                      0x080002a9   Thumb Code     0  rt_errno_addr_intlibspace.o(.text)
    __rt_errno_addr$intlibspace              0x080002a9   Thumb Code     0  rt_errno_addr_intlibspace.o(.text)
    __user_libspace                          0x080002b1   Thumb Code     8  libspace.o(.text)
    __user_perproc_libspace                  0x080002b1   Thumb Code     0  libspace.o(.text)
    __user_perthread_libspace                0x080002b1   Thumb Code     0  libspace.o(.text)
    __user_setup_stackheap                   0x080002b9   Thumb Code    74  sys_stackheap_outer.o(.text)
    exit                                     0x08000303   Thumb Code    18  exit.o(.text)
    _sys_exit                                0x08000315   Thumb Code     8  sys_exit.o(.text)
    __I$use$semihosting                      0x08000321   Thumb Code     0  use_no_semi.o(.text)
    __use_no_semihosting_swi                 0x08000321   Thumb Code     2  use_no_semi.o(.text)
    __semihosting_library_function           0x08000323   Thumb Code     0  indicate_semi.o(.text)
    FPGA_Comm                                0x08000325   Thumb Code    64  fpga.o(.text.FPGA_Comm)
    Init_FPGA                                0x08000361   Thumb Code   108  fpga.o(.text.Init_FPGA)
    Init_LED                                 0x080003c9   Thumb Code   296  led.o(.text.Init_LED)
    Init_Morse                               0x080004f1   Thumb Code    60  led.o(.text.Init_Morse)
    Init_Timer2                              0x0800052d   Thumb Code    68  delay.o(.text.Init_Timer2)
    Init_Timer3                              0x08000569   Thumb Code    68  delay.o(.text.Init_Timer3)
    Init_Timer4                              0x080005a5   Thumb Code    84  pwm.o(.text.Init_Timer4)
    Init_Timer5                              0x080005f5   Thumb Code    64  delay.o(.text.Init_Timer5)
    Init_Timer6                              0x0800062d   Thumb Code    64  delay.o(.text.Init_Timer6)
    Init_Timer7                              0x08000661   Thumb Code    68  delay.o(.text.Init_Timer7)
    LCD_strobe                               0x080006a5   Thumb Code    36  lcd.o(.text.LCD_strobe)
    Morse                                    0x080006c5   Thumb Code    44  led.o(.text.Morse)
    SystemCoreClockUpdate                    0x080006ed   Thumb Code   108  system_stm32f4xx.o(.text.SystemCoreClockUpdate)
    SystemInit                               0x08000759   Thumb Code    76  system_stm32f4xx.o(.text.SystemInit)
    TIM2_IRQHandler                          0x080007a5   Thumb Code    48  main.o(.text.TIM2_IRQHandler)
    TIM3_IRQHandler                          0x080007d5   Thumb Code   120  interrupts.o(.text.TIM3_IRQHandler)
    TIM4_IRQHandler                          0x0800084d   Thumb Code    16  interrupts.o(.text.TIM4_IRQHandler)
    TIM5_IRQHandler                          0x0800085d   Thumb Code    28  switch.o(.text.TIM5_IRQHandler)
    TIM6_DAC_IRQHandler                      0x08000879   Thumb Code    20  interrupts.o(.text.TIM6_DAC_IRQHandler)
    TIM7_IRQHandler                          0x0800088d   Thumb Code    16  interrupts.o(.text.TIM7_IRQHandler)
    Toggle_LED                               0x0800089d   Thumb Code    16  led.o(.text.Toggle_LED)
    Toggle_LED3                              0x080008a9   Thumb Code    16  led.o(.text.Toggle_LED3)
    Wait3                                    0x080008b9   Thumb Code    32  delay.o(.text.Wait3)
    WaitLcdBusy                              0x080008d9   Thumb Code    72  lcd.o(.text.WaitLcdBusy)
    cmdLCD                                   0x08000921   Thumb Code    64  lcd.o(.text.cmdLCD)
    cmdLCD8                                  0x08000961   Thumb Code    48  lcd.o(.text.cmdLCD8)
    deinitTIM2                               0x08000991   Thumb Code    22  delay.o(.text.deinitTIM2)
    deinitTIM3                               0x080009a9   Thumb Code    24  delay.o(.text.deinitTIM3)
    deinitTIM4                               0x080009c1   Thumb Code    24  delay.o(.text.deinitTIM4)
    deinitTIM5                               0x080009d9   Thumb Code    24  delay.o(.text.deinitTIM5)
    deinitTIM6                               0x080009f1   Thumb Code    24  delay.o(.text.deinitTIM6)
    exLEDs                                   0x08000a09   Thumb Code   640  led.o(.text.exLEDs)
    initLCD                                  0x08000c89   Thumb Code   168  lcd.o(.text.initLCD)
    init_ADC                                 0x08000d2d   Thumb Code    76  adc.o(.text.init_ADC)
    init_DAC                                 0x08000d75   Thumb Code    52  dac.o(.text.init_DAC)
    init_USART                               0x08000da5   Thumb Code   140  uart.o(.text.init_USART)
    lcd_delayus                              0x08000e31   Thumb Code    48  lcd.o(.text.lcd_delayus)
    main                                     0x08000e61   Thumb Code   552  main.o(.text.main)
    output_dac                               0x08001089   Thumb Code    12  dac.o(.text.output_dac)
    putLCD                                   0x08001095   Thumb Code    64  lcd.o(.text.putLCD)
    read_adc                                 0x080010d5   Thumb Code    32  adc.o(.text.read_adc)
    receive_usart                            0x080010f5   Thumb Code    28  uart.o(.text.receive_usart)
    send_usart                               0x0800110d   Thumb Code    16  uart.o(.text.send_usart)
    switch_led                               0x0800111d   Thumb Code    36  switch.o(.text.switch_led)
    tickdelayMs                              0x08001141   Thumb Code    40  delay.o(.text.tickdelayMs)
    usart_char                               0x08001169   Thumb Code   248  uart.o(.text.usart_char)
    user_button_hold                         0x08001261   Thumb Code   156  switch.o(.text.user_button_hold)
    __ARM_fpclassify                         0x080012fd   Thumb Code    48  fpclassify.o(i.__ARM_fpclassify)
    __hardfp_sin                             0x08001331   Thumb Code   180  sin.o(i.__hardfp_sin)
    __ieee754_rem_pio2                       0x080013f9   Thumb Code   938  rred.o(i.__ieee754_rem_pio2)
    __kernel_cos                             0x08001831   Thumb Code   322  cos_i.o(i.__kernel_cos)
    __kernel_poly                            0x080019a1   Thumb Code   248  poly.o(i.__kernel_poly)
    __kernel_sin                             0x08001a99   Thumb Code   280  sin_i.o(i.__kernel_sin)
    __mathlib_dbl_infnan                     0x08001bc9   Thumb Code    20  dunder.o(i.__mathlib_dbl_infnan)
    __mathlib_dbl_invalid                    0x08001be1   Thumb Code    24  dunder.o(i.__mathlib_dbl_invalid)
    __mathlib_dbl_underflow                  0x08001c01   Thumb Code    24  dunder.o(i.__mathlib_dbl_underflow)
    fabs                                     0x08001c21   Thumb Code    24  fabs.o(i.fabs)
    __aeabi_dneg                             0x08001c39   Thumb Code     0  basic.o(x$fpl$basic)
    _dneg                                    0x08001c39   Thumb Code     6  basic.o(x$fpl$basic)
    __aeabi_fneg                             0x08001c3f   Thumb Code     0  basic.o(x$fpl$basic)
    _fneg                                    0x08001c3f   Thumb Code     6  basic.o(x$fpl$basic)
    _dabs                                    0x08001c45   Thumb Code     6  basic.o(x$fpl$basic)
    _fabs                                    0x08001c4b   Thumb Code     6  basic.o(x$fpl$basic)
    __aeabi_dadd                             0x08001c51   Thumb Code     0  daddsub_clz.o(x$fpl$dadd)
    _dadd                                    0x08001c51   Thumb Code   332  daddsub_clz.o(x$fpl$dadd)
    __aeabi_ddiv                             0x08001da1   Thumb Code     0  ddiv.o(x$fpl$ddiv)
    _ddiv                                    0x08001da1   Thumb Code   552  ddiv.o(x$fpl$ddiv)
    __aeabi_d2iz                             0x08002051   Thumb Code     0  dfix.o(x$fpl$dfix)
    _dfix                                    0x08002051   Thumb Code    94  dfix.o(x$fpl$dfix)
    __aeabi_d2uiz                            0x080020b1   Thumb Code     0  dfixu.o(x$fpl$dfixu)
    _dfixu                                   0x080020b1   Thumb Code    90  dfixu.o(x$fpl$dfixu)
    __aeabi_i2d                              0x0800210b   Thumb Code     0  dflt_clz.o(x$fpl$dflt)
    _dflt                                    0x0800210b   Thumb Code    46  dflt_clz.o(x$fpl$dflt)
    __aeabi_ui2d                             0x08002139   Thumb Code     0  dflt_clz.o(x$fpl$dfltu)
    _dfltu                                   0x08002139   Thumb Code    38  dflt_clz.o(x$fpl$dfltu)
    __aeabi_dmul                             0x08002161   Thumb Code     0  dmul.o(x$fpl$dmul)
    _dmul                                    0x08002161   Thumb Code   332  dmul.o(x$fpl$dmul)
    __fpl_dnaninf                            0x080022b5   Thumb Code   156  dnaninf.o(x$fpl$dnaninf)
    __fpl_dretinf                            0x08002351   Thumb Code    12  dretinf.o(x$fpl$dretinf)
    __aeabi_drsub                            0x0800235d   Thumb Code     0  daddsub_clz.o(x$fpl$drsb)
    _drsb                                    0x0800235d   Thumb Code    22  daddsub_clz.o(x$fpl$drsb)
    __aeabi_dsub                             0x08002375   Thumb Code     0  daddsub_clz.o(x$fpl$dsub)
    _dsub                                    0x08002375   Thumb Code   464  daddsub_clz.o(x$fpl$dsub)
    __aeabi_f2d                              0x08002549   Thumb Code     0  f2d.o(x$fpl$f2d)
    _f2d                                     0x08002549   Thumb Code    86  f2d.o(x$fpl$f2d)
    __fpl_fnaninf                            0x0800259f   Thumb Code   140  fnaninf.o(x$fpl$fnaninf)
    _fp_init                                 0x0800262b   Thumb Code    26  fpinit.o(x$fpl$fpinit)
    __fplib_config_fpu_vfp                   0x08002643   Thumb Code     0  fpinit.o(x$fpl$fpinit)
    __fplib_config_pureend_doubles           0x08002643   Thumb Code     0  fpinit.o(x$fpl$fpinit)
    __I$use$fp                               0x08002644   Number         0  usenofp.o(x$fpl$usenofp)
    AHBPrescTable                            0x08002768   Data          16  system_stm32f4xx.o(.rodata.AHBPrescTable)
    Region$$Table$$Base                      0x08002778   Number         0  anon$$obj.o(Region$$Table)
    Region$$Table$$Limit                     0x08002798   Number         0  anon$$obj.o(Region$$Table)
    pi                                       0x20000000   Data           4  main.o(.data..L_MergedGlobals)
    Modulus                                  0x20000004   Data           4  main.o(.data..L_MergedGlobals)
    SystemCoreClock                          0x20000008   Data           4  system_stm32f4xx.o(.data.SystemCoreClock)
    __libspace_start                         0x20000010   Data          96  libspace.o(.bss)
    ADC_DATA                                 0x20000070   Data           4  main.o(.bss..L_MergedGlobals.1)
    __temporary_stack_top$libspace           0x20000070   Data           0  libspace.o(.bss)
    lcd_voltage                              0x20000074   Data           4  main.o(.bss..L_MergedGlobals.1)
    Wave1                                    0x2000007c   Data         400  main.o(.bss.Wave1)
    Wave2                                    0x2000020c   Data         400  main.o(.bss.Wave2)
    Wave3                                    0x2000039c   Data         200  main.o(.bss.Wave3)



==============================================================================

Memory Map of the image

  Image Entry point : 0x0800024d

  Load Region LR_1 (Base: 0x08000000, Size: 0x000027a4, Max: 0xffffffff, ABSOLUTE)

    Execution Region ER_RO (Exec base: 0x08000000, Load base: 0x08000000, Size: 0x00002798, Max: 0xffffffff, ABSOLUTE)

    Exec Addr    Load Addr    Size         Type   Attr      Idx    E Section Name        Object

    0x08000000   0x08000000   0x000001ac   Data   RO          236    RESET               startup_stm32f429xx.o
    0x080001ac   0x080001ac   0x00000008   Code   RO          263  * !!!main             c_w.l(__main.o)
    0x080001b4   0x080001b4   0x00000034   Code   RO          520    !!!scatter          c_w.l(__scatter.o)
    0x080001e8   0x080001e8   0x0000001a   Code   RO          522    !!handler_copy      c_w.l(__scatter_copy.o)
    0x08000202   0x08000202   0x00000002   PAD
    0x08000204   0x08000204   0x0000001c   Code   RO          524    !!handler_zi        c_w.l(__scatter_zi.o)
    0x08000220   0x08000220   0x00000002   Code   RO          387    .ARM.Collect$$libinit$$00000000  c_w.l(libinit.o)
    0x08000222   0x08000222   0x00000004   Code   RO          390    .ARM.Collect$$libinit$$00000001  c_w.l(libinit2.o)
    0x08000226   0x08000226   0x00000000   Code   RO          393    .ARM.Collect$$libinit$$00000004  c_w.l(libinit2.o)
    0x08000226   0x08000226   0x00000000   Code   RO          396    .ARM.Collect$$libinit$$0000000A  c_w.l(libinit2.o)
    0x08000226   0x08000226   0x00000000   Code   RO          398    .ARM.Collect$$libinit$$0000000C  c_w.l(libinit2.o)
    0x08000226   0x08000226   0x00000000   Code   RO          400    .ARM.Collect$$libinit$$0000000E  c_w.l(libinit2.o)
    0x08000226   0x08000226   0x00000000   Code   RO          403    .ARM.Collect$$libinit$$00000011  c_w.l(libinit2.o)
    0x08000226   0x08000226   0x00000000   Code   RO          405    .ARM.Collect$$libinit$$00000013  c_w.l(libinit2.o)
    0x08000226   0x08000226   0x00000000   Code   RO          407    .ARM.Collect$$libinit$$00000015  c_w.l(libinit2.o)
    0x08000226   0x08000226   0x00000000   Code   RO          409    .ARM.Collect$$libinit$$00000017  c_w.l(libinit2.o)
    0x08000226   0x08000226   0x00000000   Code   RO          411    .ARM.Collect$$libinit$$00000019  c_w.l(libinit2.o)
    0x08000226   0x08000226   0x00000000   Code   RO          413    .ARM.Collect$$libinit$$0000001B  c_w.l(libinit2.o)
    0x08000226   0x08000226   0x00000000   Code   RO          415    .ARM.Collect$$libinit$$0000001D  c_w.l(libinit2.o)
    0x08000226   0x08000226   0x00000000   Code   RO          417    .ARM.Collect$$libinit$$0000001F  c_w.l(libinit2.o)
    0x08000226   0x08000226   0x00000000   Code   RO          419    .ARM.Collect$$libinit$$00000021  c_w.l(libinit2.o)
    0x08000226   0x08000226   0x00000000   Code   RO          421    .ARM.Collect$$libinit$$00000023  c_w.l(libinit2.o)
    0x08000226   0x08000226   0x00000000   Code   RO          423    .ARM.Collect$$libinit$$00000025  c_w.l(libinit2.o)
    0x08000226   0x08000226   0x00000000   Code   RO          427    .ARM.Collect$$libinit$$0000002C  c_w.l(libinit2.o)
    0x08000226   0x08000226   0x00000000   Code   RO          429    .ARM.Collect$$libinit$$0000002E  c_w.l(libinit2.o)
    0x08000226   0x08000226   0x00000000   Code   RO          431    .ARM.Collect$$libinit$$00000030  c_w.l(libinit2.o)
    0x08000226   0x08000226   0x00000000   Code   RO          433    .ARM.Collect$$libinit$$00000032  c_w.l(libinit2.o)
    0x08000226   0x08000226   0x00000002   Code   RO          434    .ARM.Collect$$libinit$$00000033  c_w.l(libinit2.o)
    0x08000228   0x08000228   0x00000002   Code   RO          456    .ARM.Collect$$libshutdown$$00000000  c_w.l(libshutdown.o)
    0x0800022a   0x0800022a   0x00000000   Code   RO          471    .ARM.Collect$$libshutdown$$00000002  c_w.l(libshutdown2.o)
    0x0800022a   0x0800022a   0x00000000   Code   RO          473    .ARM.Collect$$libshutdown$$00000004  c_w.l(libshutdown2.o)
    0x0800022a   0x0800022a   0x00000000   Code   RO          476    .ARM.Collect$$libshutdown$$00000007  c_w.l(libshutdown2.o)
    0x0800022a   0x0800022a   0x00000000   Code   RO          479    .ARM.Collect$$libshutdown$$0000000A  c_w.l(libshutdown2.o)
    0x0800022a   0x0800022a   0x00000000   Code   RO          481    .ARM.Collect$$libshutdown$$0000000C  c_w.l(libshutdown2.o)
    0x0800022a   0x0800022a   0x00000000   Code   RO          484    .ARM.Collect$$libshutdown$$0000000F  c_w.l(libshutdown2.o)
    0x0800022a   0x0800022a   0x00000002   Code   RO          485    .ARM.Collect$$libshutdown$$00000010  c_w.l(libshutdown2.o)
    0x0800022c   0x0800022c   0x00000000   Code   RO          291    .ARM.Collect$$rtentry$$00000000  c_w.l(__rtentry.o)
    0x0800022c   0x0800022c   0x00000000   Code   RO          332    .ARM.Collect$$rtentry$$00000002  c_w.l(__rtentry2.o)
    0x0800022c   0x0800022c   0x00000006   Code   RO          344    .ARM.Collect$$rtentry$$00000004  c_w.l(__rtentry4.o)
    0x08000232   0x08000232   0x00000000   Code   RO          334    .ARM.Collect$$rtentry$$00000009  c_w.l(__rtentry2.o)
    0x08000232   0x08000232   0x00000004   Code   RO          335    .ARM.Collect$$rtentry$$0000000A  c_w.l(__rtentry2.o)
    0x08000236   0x08000236   0x00000000   Code   RO          337    .ARM.Collect$$rtentry$$0000000C  c_w.l(__rtentry2.o)
    0x08000236   0x08000236   0x00000008   Code   RO          338    .ARM.Collect$$rtentry$$0000000D  c_w.l(__rtentry2.o)
    0x0800023e   0x0800023e   0x00000002   Code   RO          388    .ARM.Collect$$rtexit$$00000000  c_w.l(rtexit.o)
    0x08000240   0x08000240   0x00000000   Code   RO          436    .ARM.Collect$$rtexit$$00000002  c_w.l(rtexit2.o)
    0x08000240   0x08000240   0x00000004   Code   RO          437    .ARM.Collect$$rtexit$$00000003  c_w.l(rtexit2.o)
    0x08000244   0x08000244   0x00000006   Code   RO          438    .ARM.Collect$$rtexit$$00000004  c_w.l(rtexit2.o)
    0x0800024a   0x0800024a   0x00000002   PAD
    0x0800024c   0x0800024c   0x00000040   Code   RO          237  * .text               startup_stm32f429xx.o
    0x0800028c   0x0800028c   0x00000006   Code   RO          261    .text               c_w.l(heapauxi.o)
    0x08000292   0x08000292   0x00000016   Code   RO          292    .text               c_w.l(_rserrno.o)
    0x080002a8   0x080002a8   0x00000008   Code   RO          349    .text               c_w.l(rt_errno_addr_intlibspace.o)
    0x080002b0   0x080002b0   0x00000008   Code   RO          375    .text               c_w.l(libspace.o)
    0x080002b8   0x080002b8   0x0000004a   Code   RO          378    .text               c_w.l(sys_stackheap_outer.o)
    0x08000302   0x08000302   0x00000012   Code   RO          380    .text               c_w.l(exit.o)
    0x08000314   0x08000314   0x0000000c   Code   RO          446    .text               c_w.l(sys_exit.o)
    0x08000320   0x08000320   0x00000002   Code   RO          461    .text               c_w.l(use_no_semi.o)
    0x08000322   0x08000322   0x00000000   Code   RO          463    .text               c_w.l(indicate_semi.o)
    0x08000322   0x08000322   0x00000002   PAD
    0x08000324   0x08000324   0x0000003c   Code   RO          216    .text.FPGA_Comm     fpga.o
    0x08000360   0x08000360   0x00000068   Code   RO          212    .text.Init_FPGA     fpga.o
    0x080003c8   0x080003c8   0x00000128   Code   RO           55    .text.Init_LED      led.o
    0x080004f0   0x080004f0   0x0000003c   Code   RO           75    .text.Init_Morse    led.o
    0x0800052c   0x0800052c   0x0000003c   Code   RO          181    .text.Init_Timer2   delay.o
    0x08000568   0x08000568   0x0000003c   Code   RO          183    .text.Init_Timer3   delay.o
    0x080005a4   0x080005a4   0x00000050   Code   RO          226    .text.Init_Timer4   pwm.o
    0x080005f4   0x080005f4   0x00000038   Code   RO          185    .text.Init_Timer5   delay.o
    0x0800062c   0x0800062c   0x00000034   Code   RO          187    .text.Init_Timer6   delay.o
    0x08000660   0x08000660   0x00000044   Code   RO          189    .text.Init_Timer7   delay.o
    0x080006a4   0x080006a4   0x00000020   Code   RO           32    .text.LCD_strobe    lcd.o
    0x080006c4   0x080006c4   0x00000028   Code   RO           73    .text.Morse         led.o
    0x080006ec   0x080006ec   0x0000006c   Code   RO          246    .text.SystemCoreClockUpdate  system_stm32f4xx.o
    0x08000758   0x08000758   0x0000004c   Code   RO          244    .text.SystemInit    system_stm32f4xx.o
    0x080007a4   0x080007a4   0x00000030   Code   RO           88    .text.TIM2_IRQHandler  main.o
    0x080007d4   0x080007d4   0x00000078   Code   RO          137    .text.TIM3_IRQHandler  interrupts.o
    0x0800084c   0x0800084c   0x00000010   Code   RO          139    .text.TIM4_IRQHandler  interrupts.o
    0x0800085c   0x0800085c   0x0000001c   Code   RO          154    .text.TIM5_IRQHandler  switch.o
    0x08000878   0x08000878   0x00000014   Code   RO          141    .text.TIM6_DAC_IRQHandler  interrupts.o
    0x0800088c   0x0800088c   0x00000010   Code   RO          143    .text.TIM7_IRQHandler  interrupts.o
    0x0800089c   0x0800089c   0x0000000c   Code   RO           57    .text.Toggle_LED    led.o
    0x080008a8   0x080008a8   0x00000010   Code   RO           61    .text.Toggle_LED3   led.o
    0x080008b8   0x080008b8   0x00000020   Code   RO          175    .text.Wait3         delay.o
    0x080008d8   0x080008d8   0x00000048   Code   RO           28    .text.WaitLcdBusy   lcd.o
    0x08000920   0x08000920   0x00000040   Code   RO           36    .text.cmdLCD        lcd.o
    0x08000960   0x08000960   0x00000030   Code   RO           34    .text.cmdLCD8       lcd.o
    0x08000990   0x08000990   0x00000016   Code   RO          191    .text.deinitTIM2    delay.o
    0x080009a6   0x080009a6   0x00000002   PAD
    0x080009a8   0x080009a8   0x00000018   Code   RO          193    .text.deinitTIM3    delay.o
    0x080009c0   0x080009c0   0x00000018   Code   RO          195    .text.deinitTIM4    delay.o
    0x080009d8   0x080009d8   0x00000018   Code   RO          197    .text.deinitTIM5    delay.o
    0x080009f0   0x080009f0   0x00000018   Code   RO          199    .text.deinitTIM6    delay.o
    0x08000a08   0x08000a08   0x00000280   Code   RO           71    .text.exLEDs        led.o
    0x08000c88   0x08000c88   0x000000a4   Code   RO           40    .text.initLCD       lcd.o
    0x08000d2c   0x08000d2c   0x00000048   Code   RO            2    .text.init_ADC      adc.o
    0x08000d74   0x08000d74   0x00000030   Code   RO           14    .text.init_DAC      dac.o
    0x08000da4   0x08000da4   0x0000008c   Code   RO          116    .text.init_USART    uart.o
    0x08000e30   0x08000e30   0x00000030   Code   RO           26    .text.lcd_delayus   lcd.o
    0x08000e60   0x08000e60   0x00000228   Code   RO           86    .text.main          main.o
    0x08001088   0x08001088   0x0000000c   Code   RO           16    .text.output_dac    dac.o
    0x08001094   0x08001094   0x00000040   Code   RO           38    .text.putLCD        lcd.o
    0x080010d4   0x080010d4   0x00000020   Code   RO            4    .text.read_adc      adc.o
    0x080010f4   0x080010f4   0x00000018   Code   RO          118    .text.receive_usart  uart.o
    0x0800110c   0x0800110c   0x00000010   Code   RO          120    .text.send_usart    uart.o
    0x0800111c   0x0800111c   0x00000024   Code   RO          156    .text.switch_led    switch.o
    0x08001140   0x08001140   0x00000028   Code   RO          169    .text.tickdelayMs   delay.o
    0x08001168   0x08001168   0x000000f8   Code   RO          126    .text.usart_char    uart.o
    0x08001260   0x08001260   0x0000009c   Code   RO          158    .text.user_button_hold  switch.o
    0x080012fc   0x080012fc   0x00000030   Code   RO          371    i.__ARM_fpclassify  m_wm.l(fpclassify.o)
    0x0800132c   0x0800132c   0x00000004   PAD
    0x08001330   0x08001330   0x000000c8   Code   RO          279    i.__hardfp_sin      m_wm.l(sin.o)
    0x080013f8   0x080013f8   0x00000438   Code   RO          320    i.__ieee754_rem_pio2  m_wm.l(rred.o)
    0x08001830   0x08001830   0x00000170   Code   RO          303    i.__kernel_cos      m_wm.l(cos_i.o)
    0x080019a0   0x080019a0   0x000000f8   Code   RO          373    i.__kernel_poly     m_wm.l(poly.o)
    0x08001a98   0x08001a98   0x00000130   Code   RO          325    i.__kernel_sin      m_wm.l(sin_i.o)
    0x08001bc8   0x08001bc8   0x00000014   Code   RO          307    i.__mathlib_dbl_infnan  m_wm.l(dunder.o)
    0x08001bdc   0x08001bdc   0x00000004   PAD
    0x08001be0   0x08001be0   0x00000020   Code   RO          309    i.__mathlib_dbl_invalid  m_wm.l(dunder.o)
    0x08001c00   0x08001c00   0x00000020   Code   RO          312    i.__mathlib_dbl_underflow  m_wm.l(dunder.o)
    0x08001c20   0x08001c20   0x00000018   Code   RO          367    i.fabs              m_wm.l(fabs.o)
    0x08001c38   0x08001c38   0x00000018   Code   RO          294    x$fpl$basic         fz_wm.l(basic.o)
    0x08001c50   0x08001c50   0x00000150   Code   RO          265    x$fpl$dadd          fz_wm.l(daddsub_clz.o)
    0x08001da0   0x08001da0   0x000002b0   Code   RO          352    x$fpl$ddiv          fz_wm.l(ddiv.o)
    0x08002050   0x08002050   0x0000005e   Code   RO          355    x$fpl$dfix          fz_wm.l(dfix.o)
    0x080020ae   0x080020ae   0x00000002   PAD
    0x080020b0   0x080020b0   0x0000005a   Code   RO          271    x$fpl$dfixu         fz_wm.l(dfixu.o)
    0x0800210a   0x0800210a   0x0000002e   Code   RO          360    x$fpl$dflt          fz_wm.l(dflt_clz.o)
    0x08002138   0x08002138   0x00000026   Code   RO          359    x$fpl$dfltu         fz_wm.l(dflt_clz.o)
    0x0800215e   0x0800215e   0x00000002   PAD
    0x08002160   0x08002160   0x00000154   Code   RO          275    x$fpl$dmul          fz_wm.l(dmul.o)
    0x080022b4   0x080022b4   0x0000009c   Code   RO          296    x$fpl$dnaninf       fz_wm.l(dnaninf.o)
    0x08002350   0x08002350   0x0000000c   Code   RO          298    x$fpl$dretinf       fz_wm.l(dretinf.o)
    0x0800235c   0x0800235c   0x00000016   Code   RO          266    x$fpl$drsb          fz_wm.l(daddsub_clz.o)
    0x08002372   0x08002372   0x00000002   PAD
    0x08002374   0x08002374   0x000001d4   Code   RO          267    x$fpl$dsub          fz_wm.l(daddsub_clz.o)
    0x08002548   0x08002548   0x00000056   Code   RO          277    x$fpl$f2d           fz_wm.l(f2d.o)
    0x0800259e   0x0800259e   0x0000008c   Code   RO          300    x$fpl$fnaninf       fz_wm.l(fnaninf.o)
    0x0800262a   0x0800262a   0x0000001a   Code   RO          444    x$fpl$fpinit        fz_wm.l(fpinit.o)
    0x08002644   0x08002644   0x00000000   Code   RO          302    x$fpl$usenofp       fz_wm.l(usenofp.o)
    0x08002644   0x08002644   0x00000004   PAD
    0x08002648   0x08002648   0x00000030   Data   RO          304    .constdata          m_wm.l(cos_i.o)
    0x08002678   0x08002678   0x000000c8   Data   RO          322    .constdata          m_wm.l(rred.o)
    0x08002740   0x08002740   0x00000028   Data   RO          326    .constdata          m_wm.l(sin_i.o)
    0x08002768   0x08002768   0x00000010   Data   RO          249    .rodata.AHBPrescTable  system_stm32f4xx.o
    0x08002778   0x08002778   0x00000020   Data   RO          519    Region$$Table       anon$$obj.o


    Execution Region ER_RW (Exec base: 0x20000000, Load base: 0x08002798, Size: 0x0000000c, Max: 0xffffffff, ABSOLUTE)

    Exec Addr    Load Addr    Size         Type   Attr      Idx    E Section Name        Object

    0x20000000   0x08002798   0x00000008   Data   RW           96    .data..L_MergedGlobals  main.o
    0x20000008   0x080027a0   0x00000004   Data   RW          248    .data.SystemCoreClock  system_stm32f4xx.o


    Execution Region ER_ZI (Exec base: 0x20000010, Load base: 0x080027a4, Size: 0x00000a58, Max: 0xffffffff, ABSOLUTE)

    Exec Addr    Load Addr    Size         Type   Attr      Idx    E Section Name        Object

    0x20000010        -       0x00000060   Zero   RW          376    .bss                c_w.l(libspace.o)
    0x20000070        -       0x00000008   Zero   RW           97    .bss..L_MergedGlobals.1  main.o
    0x20000078        -       0x00000004   Zero   RW           94    .bss.TIM2_IRQHandler.i  main.o
    0x2000007c        -       0x00000190   Zero   RW           91    .bss.Wave1          main.o
    0x2000020c        -       0x00000190   Zero   RW           92    .bss.Wave2          main.o
    0x2000039c        -       0x000000c8   Zero   RW           93    .bss.Wave3          main.o
    0x20000464   0x080027a4   0x00000004   PAD
    0x20000468        -       0x00000200   Zero   RW          235    HEAP                startup_stm32f429xx.o
    0x20000668        -       0x00000400   Zero   RW          234    STACK               startup_stm32f429xx.o


==============================================================================

Image component sizes


      Code (inc. data)   RO Data    RW Data    ZI Data      Debug   Object Name

       104         12          0          0          0       2199   adc.o
        60         12          0          0          0       2117   dac.o
       486         48          0          0          0       7356   delay.o
       164         12          0          0          0       1838   fpga.o
       172         76          0          0          0       1712   interrupts.o
       492         48          0          0          0       3353   lcd.o
      1064         84          0          0          0       3084   led.o
       600         84          0          8       1012       2503   main.o
        80          8          0          0          0       2322   pwm.o
        64         26        428          0       1536        896   startup_stm32f429xx.o
       220         52          0          0          0       2020   switch.o
       184         36         16          4          0       2783   system_stm32f4xx.o
       428         28          0          0          0       3339   uart.o

    ----------------------------------------------------------------------
      4120        526        476         12       2552      35522   Object Totals
         0          0         32          0          0          0   (incl. Generated)
         2          0          0          0          4          0   (incl. Padding)

    ----------------------------------------------------------------------

      Code (inc. data)   RO Data    RW Data    ZI Data      Debug   Library Member Name

         8          0          0          0          0         68   __main.o
         0          0          0          0          0          0   __rtentry.o
        12          0          0          0          0          0   __rtentry2.o
         6          0          0          0          0          0   __rtentry4.o
        52          8          0          0          0          0   __scatter.o
        26          0          0          0          0          0   __scatter_copy.o
        28          0          0          0          0          0   __scatter_zi.o
        22          0          0          0          0        100   _rserrno.o
        18          0          0          0          0         80   exit.o
         6          0          0          0          0        152   heapauxi.o
         0          0          0          0          0          0   indicate_semi.o
         2          0          0          0          0          0   libinit.o
         6          0          0          0          0          0   libinit2.o
         2          0          0          0          0          0   libshutdown.o
         2          0          0          0          0          0   libshutdown2.o
         8          4          0          0         96         68   libspace.o
         8          4          0          0          0         68   rt_errno_addr_intlibspace.o
         2          0          0          0          0          0   rtexit.o
        10          0          0          0          0          0   rtexit2.o
        12          4          0          0          0         68   sys_exit.o
        74          0          0          0          0         80   sys_stackheap_outer.o
         2          0          0          0          0         68   use_no_semi.o
        24          0          0          0          0        164   basic.o
       826         16          0          0          0        500   daddsub_clz.o
       688        140          0          0          0        264   ddiv.o
        94          4          0          0          0        140   dfix.o
        90          4          0          0          0        140   dfixu.o
        84          0          0          0          0        232   dflt_clz.o
       340         12          0          0          0        152   dmul.o
       156          4          0          0          0        140   dnaninf.o
        12          0          0          0          0        116   dretinf.o
        86          4          0          0          0        132   f2d.o
       140          4          0          0          0        132   fnaninf.o
        26          0          0          0          0        116   fpinit.o
         0          0          0          0          0          0   usenofp.o
       368         46         48          0          0        200   cos_i.o
        84         16          0          0          0        372   dunder.o
        24          0          0          0          0        124   fabs.o
        48          0          0          0          0        124   fpclassify.o
       248          0          0          0          0        152   poly.o
      1080        142        200          0          0        188   rred.o
       200         20          0          0          0        164   sin.o
       304         24         40          0          0        208   sin_i.o

    ----------------------------------------------------------------------
      5252        456        288          0         96       4512   Library Totals
        24          0          0          0          0          0   (incl. Padding)

    ----------------------------------------------------------------------

      Code (inc. data)   RO Data    RW Data    ZI Data      Debug   Library Name

       306         20          0          0         96        752   c_w.l
      2566        188          0          0          0       2228   fz_wm.l
      2356        248        288          0          0       1532   m_wm.l

    ----------------------------------------------------------------------
      5252        456        288          0         96       4512   Library Totals

    ----------------------------------------------------------------------

==============================================================================


      Code (inc. data)   RO Data    RW Data    ZI Data      Debug   

      9372        982        764         12       2648      37298   Grand Totals
      9372        982        764         12       2648      37298   ELF Image Totals
      9372        982        764         12          0          0   ROM Totals

==============================================================================

    Total RO  Size (Code + RO Data)                10136 (   9.90kB)
    Total RW  Size (RW Data + ZI Data)              2660 (   2.60kB)
    Total ROM Size (Code + RO Data + RW Data)      10148 (   9.91kB)

==============================================================================

