Component: ARM Compiler 6.12 Tool: armlink [5d624300]

==============================================================================

Section Cross References

    main.o(.text.main) refers to system_stm32f4xx.o(.text.SystemCoreClockUpdate) for SystemCoreClockUpdate
    main.o(.text.main) refers to adc.o(.text.init_ADC) for init_ADC
    main.o(.text.main) refers to dac.o(.text.init_DAC) for init_DAC
    main.o(.text.main) refers to timers.o(.text.Init_Timer2) for Init_Timer2
    main.o(.text.main) refers to uart.o(.text.init_USART) for init_USART
    main.o(.text.main) refers to lcd.o(.text.initLCD) for initLCD
    main.o(.text.main) refers to uart.o(.text.receive_usart) for receive_usart
    main.o(.text.main) refers to led.o(.text.LED_play) for LED_play
    main.o(.text.main) refers to lcd.o(.text.lcd_delayus) for lcd_delayus
    main.o(.text.main) refers to adc.o(.text.read_adc) for read_adc
    main.o(.text.main) refers to dac.o(.text.output_dac) for output_dac
    main.o(.text.main) refers to lcd.o(.text.cmdLCD) for cmdLCD
    main.o(.text.main) refers to lcd.o(.text.putLCD) for putLCD
    main.o(.text.main) refers to main.o(.bss..L_MergedGlobals) for [Anonymous Symbol]
    main.o(.text.main) refers to main.o(.data.Modulus) for Modulus
    main.o(.ARM.exidx.text.main) refers to main.o(.text.main) for [Anonymous Symbol]
    main.o(.text.TIM2_IRQHandler) refers to dac.o(.text.output_dac) for output_dac
    main.o(.text.TIM2_IRQHandler) refers to main.o(.bss.TIM2_IRQHandler.i) for [Anonymous Symbol]
    main.o(.text.TIM2_IRQHandler) refers to main.o(.bss.Wave3) for Wave3
    main.o(.ARM.exidx.text.TIM2_IRQHandler) refers to main.o(.text.TIM2_IRQHandler) for [Anonymous Symbol]
    lcd.o(.text.lcd_delayus) refers to system_stm32f4xx.o(.data.SystemCoreClock) for SystemCoreClock
    lcd.o(.ARM.exidx.text.lcd_delayus) refers to lcd.o(.text.lcd_delayus) for [Anonymous Symbol]
    lcd.o(.text.WaitLcdBusy) refers to lcd.o(.text.lcd_delayus) for lcd_delayus
    lcd.o(.ARM.exidx.text.WaitLcdBusy) refers to lcd.o(.text.WaitLcdBusy) for [Anonymous Symbol]
    lcd.o(.ARM.exidx.text.set_LCD_data) refers to lcd.o(.text.set_LCD_data) for [Anonymous Symbol]
    lcd.o(.text.LCD_strobe) refers to lcd.o(.text.lcd_delayus) for lcd_delayus
    lcd.o(.ARM.exidx.text.LCD_strobe) refers to lcd.o(.text.LCD_strobe) for [Anonymous Symbol]
    lcd.o(.text.cmdLCD8) refers to lcd.o(.text.WaitLcdBusy) for WaitLcdBusy
    lcd.o(.text.cmdLCD8) refers to lcd.o(.text.LCD_strobe) for LCD_strobe
    lcd.o(.ARM.exidx.text.cmdLCD8) refers to lcd.o(.text.cmdLCD8) for [Anonymous Symbol]
    lcd.o(.text.cmdLCD) refers to lcd.o(.text.WaitLcdBusy) for WaitLcdBusy
    lcd.o(.text.cmdLCD) refers to lcd.o(.text.LCD_strobe) for LCD_strobe
    lcd.o(.ARM.exidx.text.cmdLCD) refers to lcd.o(.text.cmdLCD) for [Anonymous Symbol]
    lcd.o(.text.putLCD8) refers to lcd.o(.text.WaitLcdBusy) for WaitLcdBusy
    lcd.o(.text.putLCD8) refers to lcd.o(.text.LCD_strobe) for LCD_strobe
    lcd.o(.ARM.exidx.text.putLCD8) refers to lcd.o(.text.putLCD8) for [Anonymous Symbol]
    lcd.o(.text.putLCD) refers to lcd.o(.text.WaitLcdBusy) for WaitLcdBusy
    lcd.o(.text.putLCD) refers to lcd.o(.text.LCD_strobe) for LCD_strobe
    lcd.o(.ARM.exidx.text.putLCD) refers to lcd.o(.text.putLCD) for [Anonymous Symbol]
    lcd.o(.text.initLCD) refers to system_stm32f4xx.o(.text.SystemCoreClockUpdate) for SystemCoreClockUpdate
    lcd.o(.text.initLCD) refers to lcd.o(.text.cmdLCD8) for cmdLCD8
    lcd.o(.text.initLCD) refers to lcd.o(.text.lcd_delayus) for lcd_delayus
    lcd.o(.text.initLCD) refers to lcd.o(.text.cmdLCD) for cmdLCD
    lcd.o(.ARM.exidx.text.initLCD) refers to lcd.o(.text.initLCD) for [Anonymous Symbol]
    lcd.o(.text.Lcd_Print_String) refers to lcd.o(.text.putLCD) for putLCD
    lcd.o(.ARM.exidx.text.Lcd_Print_String) refers to lcd.o(.text.Lcd_Print_String) for [Anonymous Symbol]
    adc.o(.ARM.exidx.text.init_ADC) refers to adc.o(.text.init_ADC) for [Anonymous Symbol]
    adc.o(.ARM.exidx.text.read_adc) refers to adc.o(.text.read_adc) for [Anonymous Symbol]
    dac.o(.ARM.exidx.text.init_DAC) refers to dac.o(.text.init_DAC) for [Anonymous Symbol]
    dac.o(.ARM.exidx.text.output_dac) refers to dac.o(.text.output_dac) for [Anonymous Symbol]
    uart.o(.text.init_USART) refers to system_stm32f4xx.o(.text.SystemCoreClockUpdate) for SystemCoreClockUpdate
    uart.o(.text.init_USART) refers to system_stm32f4xx.o(.data.SystemCoreClock) for SystemCoreClock
    uart.o(.ARM.exidx.text.init_USART) refers to uart.o(.text.init_USART) for [Anonymous Symbol]
    uart.o(.ARM.exidx.text.receive_usart) refers to uart.o(.text.receive_usart) for [Anonymous Symbol]
    uart.o(.ARM.exidx.text.send_usart) refers to uart.o(.text.send_usart) for [Anonymous Symbol]
    uart.o(.text.myPrintf) refers to vsprintf.o(.text) for vsprintf
    uart.o(.text.myPrintf) refers to uart.o(.text.send_usart) for send_usart
[...]
    __printf_flags_ss_wp.o(.text) refers to __printf_wp.o(i._is_digit) for _is_digit
    __printf_flags_ss_wp.o(.text) refers to _printf_percent.o(.ARM.Collect$$_printf_percent$$00000000) for _printf_percent
    __printf_flags_ss_wp.o(.text) refers to __printf_flags_ss_wp.o(.constdata) for .constdata
    _printf_c.o(.ARM.Collect$$_printf_percent$$00000013) refers (Weak) to _printf_char.o(.text) for _printf_char
    _printf_s.o(.ARM.Collect$$_printf_percent$$00000014) refers (Weak) to _printf_char.o(.text) for _printf_string
    _printf_n.o(.ARM.Collect$$_printf_percent$$00000001) refers (Weak) to _printf_charcount.o(.text) for _printf_charcount
    _printf_x.o(.ARM.Collect$$_printf_percent$$0000000C) refers (Weak) to _printf_hex_int_ll_ptr.o(.text) for _printf_int_hex
    _printf_p.o(.ARM.Collect$$_printf_percent$$00000002) refers (Weak) to _printf_hex_int_ll_ptr.o(.text) for _printf_hex_ptr
    _printf_o.o(.ARM.Collect$$_printf_percent$$0000000B) refers (Weak) to _printf_oct_int_ll.o(.text) for _printf_int_oct
    _printf_i.o(.ARM.Collect$$_printf_percent$$00000008) refers (Weak) to _printf_dec.o(.text) for _printf_int_dec
    _printf_d.o(.ARM.Collect$$_printf_percent$$00000009) refers (Weak) to _printf_dec.o(.text) for _printf_int_dec
    _printf_u.o(.ARM.Collect$$_printf_percent$$0000000A) refers (Weak) to _printf_dec.o(.text) for _printf_int_dec
    _printf_f.o(.ARM.Collect$$_printf_percent$$00000003) refers (Weak) to printf1.o(x$fpl$printf1) for _printf_fp_dec
    _printf_e.o(.ARM.Collect$$_printf_percent$$00000004) refers (Weak) to printf1.o(x$fpl$printf1) for _printf_fp_dec
    _printf_g.o(.ARM.Collect$$_printf_percent$$00000005) refers (Weak) to printf1.o(x$fpl$printf1) for _printf_fp_dec
    _printf_a.o(.ARM.Collect$$_printf_percent$$00000006) refers (Weak) to printf2.o(x$fpl$printf2) for _printf_fp_hex
    _printf_percent.o(.ARM.Collect$$_printf_percent$$00000000) refers (Special) to _printf_percent_end.o(.ARM.Collect$$_printf_percent$$00000017) for _printf_percent_end
    _printf_lli.o(.ARM.Collect$$_printf_percent$$0000000D) refers (Special) to _printf_ll.o(.ARM.Collect$$_printf_percent$$00000007) for _printf_ll
    _printf_lli.o(.ARM.Collect$$_printf_percent$$0000000D) refers (Weak) to _printf_longlong_dec.o(.text) for _printf_longlong_dec
    _printf_lld.o(.ARM.Collect$$_printf_percent$$0000000E) refers (Special) to _printf_ll.o(.ARM.Collect$$_printf_percent$$00000007) for _printf_ll
    _printf_lld.o(.ARM.Collect$$_printf_percent$$0000000E) refers (Weak) to _printf_longlong_dec.o(.text) for _printf_longlong_dec
    _printf_llu.o(.ARM.Collect$$_printf_percent$$0000000F) refers (Special) to _printf_ll.o(.ARM.Collect$$_printf_percent$$00000007) for _printf_ll
    _printf_llu.o(.ARM.Collect$$_printf_percent$$0000000F) refers (Weak) to _printf_longlong_dec.o(.text) for _printf_longlong_dec
    _printf_lc.o(.ARM.Collect$$_printf_percent$$00000015) refers (Special) to _printf_l.o(.ARM.Collect$$_printf_percent$$00000012) for _printf_l
    _printf_lc.o(.ARM.Collect$$_printf_percent$$00000015) refers (Weak) to _printf_wchar.o(.text) for _printf_wchar
    _printf_ls.o(.ARM.Collect$$_printf_percent$$00000016) refers (Special) to _printf_l.o(.ARM.Collect$$_printf_percent$$00000012) for _printf_l
    _printf_ls.o(.ARM.Collect$$_printf_percent$$00000016) refers (Weak) to _printf_wchar.o(.text) for _printf_wstring
    _printf_llo.o(.ARM.Collect$$_printf_percent$$00000010) refers (Special) to _printf_ll.o(.ARM.Collect$$_printf_percent$$00000007) for _printf_ll
    _printf_llo.o(.ARM.Collect$$_printf_percent$$00000010) refers (Weak) to _printf_oct_int_ll.o(.text) for _printf_ll_oct
    _printf_llx.o(.ARM.Collect$$_printf_percent$$00000011) refers (Special) to _printf_ll.o(.ARM.Collect$$_printf_percent$$00000007) for _printf_ll
    _printf_llx.o(.ARM.Collect$$_printf_percent$$00000011) refers (Weak) to _printf_hex_int_ll_ptr.o(.text) for _printf_ll_hex
    printf1.o(x$fpl$printf1) refers to _printf_fp_dec.o(.text) for _printf_fp_dec_real
    printf2.o(x$fpl$printf2) refers to _printf_fp_hex.o(.text) for _printf_fp_hex_real
    printf2b.o(x$fpl$printf2) refers to _printf_fp_hex.o(.text) for _printf_fp_hex_real
    __rtentry2.o(.ARM.Collect$$rtentry$$00000008) refers to boardinit2.o(.text) for _platform_post_stackheap_init
    __rtentry2.o(.ARM.Collect$$rtentry$$0000000A) refers to libinit.o(.ARM.Collect$$libinit$$00000000) for __rt_lib_init
    __rtentry2.o(.ARM.Collect$$rtentry$$0000000B) refers to boardinit3.o(.text) for _platform_post_lib_init
    __rtentry2.o(.ARM.Collect$$rtentry$$0000000D) refers to main.o(.text.main) for main
    __rtentry2.o(.ARM.Collect$$rtentry$$0000000D) refers to exit.o(.text) for exit
    __rtentry2.o(.ARM.exidx) refers to __rtentry2.o(.ARM.Collect$$rtentry$$00000001) for .ARM.Collect$$rtentry$$00000001
    __rtentry2.o(.ARM.exidx) refers to __rtentry2.o(.ARM.Collect$$rtentry$$00000008) for .ARM.Collect$$rtentry$$00000008
    __rtentry2.o(.ARM.exidx) refers to __rtentry2.o(.ARM.Collect$$rtentry$$0000000A) for .ARM.Collect$$rtentry$$0000000A
    __rtentry2.o(.ARM.exidx) refers to __rtentry2.o(.ARM.Collect$$rtentry$$0000000B) for .ARM.Collect$$rtentry$$0000000B
    __rtentry2.o(.ARM.exidx) refers to __rtentry2.o(.ARM.Collect$$rtentry$$0000000D) for .ARM.Collect$$rtentry$$0000000D
    __rtentry4.o(.ARM.Collect$$rtentry$$00000004) refers to sys_stackheap_outer.o(.text) for __user_setup_stackheap
    __rtentry4.o(.ARM.exidx) refers to __rtentry4.o(.ARM.Collect$$rtentry$$00000004) for .ARM.Collect$$rtentry$$00000004
    _printf_intcommon.o(.text) refers (Weak) to _printf_pad.o(.text) for _printf_pre_padding
    _printf_intcommon.o(.text) refers (Weak) to _printf_pad.o(.text) for _printf_pre_padding
    _printf_intcommon.o(.text) refers (Weak) to _printf_pad.o(.text) for _printf_post_padding
    _printf_fp_dec.o(.text) refers (Special) to usenofp.o(x$fpl$usenofp) for __I$use$fp
    _printf_fp_dec.o(.text) refers (Special) to lc_numeric_c.o(locale$$code) for _get_lc_numeric
    _printf_fp_dec.o(.text) refers to bigflt0.o(.text) for _btod_etento
    _printf_fp_dec.o(.text) refers to btod.o(CL$$btod_d2e) for _btod_d2e
    _printf_fp_dec.o(.text) refers to btod.o(CL$$btod_ediv) for _btod_ediv
    _printf_fp_dec.o(.text) refers to btod.o(CL$$btod_emul) for _btod_emul
    _printf_fp_dec.o(.text) refers to lludiv10.o(.text) for _ll_udiv10
    _printf_fp_dec.o(.text) refers to fpclassify.o(i.__ARM_fpclassify) for __ARM_fpclassify
    _printf_fp_dec.o(.text) refers to _printf_fp_infnan.o(.text) for _printf_fp_infnan
    _printf_fp_dec.o(.text) refers (Weak) to _printf_pad.o(.text) for _printf_pre_padding
    _printf_fp_dec.o(.text) refers (Weak) to _printf_pad.o(.text) for _printf_pre_padding
    _printf_fp_dec.o(.text) refers to rt_locale_intlibspace.o(.text) for __rt_locale
    _printf_fp_dec.o(.text) refers (Weak) to _printf_pad.o(.text) for _printf_post_padding
    _printf_fp_dec_accurate.o(.text) refers (Special) to usenofp.o(x$fpl$usenofp) for __I$use$fp
    _printf_fp_dec_accurate.o(.text) refers (Special) to lc_numeric_c.o(locale$$code) for _get_lc_numeric
    _printf_fp_dec_accurate.o(.text) refers to btod_accurate.o(.text) for _btod_main
    _printf_fp_dec_accurate.o(.text) refers to fpclassify.o(i.__ARM_fpclassify) for __ARM_fpclassify
    _printf_fp_dec_accurate.o(.text) refers to _printf_fp_infnan.o(.text) for _printf_fp_infnan
    _printf_fp_dec_accurate.o(.text) refers (Weak) to _printf_pad.o(.text) for _printf_pre_padding
    _printf_fp_dec_accurate.o(.text) refers (Weak) to _printf_pad.o(.text) for _printf_pre_padding
    _printf_fp_dec_accurate.o(.text) refers to rt_locale_intlibspace.o(.text) for __rt_locale
    _printf_fp_dec_accurate.o(.text) refers (Weak) to _printf_pad.o(.text) for _printf_post_padding
    _printf_fp_hex.o(.text) refers (Special) to usenofp.o(x$fpl$usenofp) for __I$use$fp
    _printf_fp_hex.o(.text) refers to fpclassify.o(i.__ARM_fpclassify) for __ARM_fpclassify
    _printf_fp_hex.o(.text) refers to _printf_fp_infnan.o(.text) for _printf_fp_infnan
    _printf_fp_hex.o(.text) refers (Weak) to _printf_pad.o(.text) for _printf_pre_padding
    _printf_fp_hex.o(.text) refers (Weak) to _printf_pad.o(.text) for _printf_pre_padding
    _printf_fp_hex.o(.text) refers (Weak) to _printf_pad.o(.text) for _printf_post_padding
    _printf_fp_hex.o(.text) refers to _printf_fp_hex.o(.constdata) for .constdata
    _printf_fp_hex.o(.constdata) refers (Special) to usenofp.o(x$fpl$usenofp) for __I$use$fp
    _printf_char.o(.text) refers (Weak) to _printf_str.o(.text) for _printf_str
    _printf_wchar.o(.text) refers (Weak) to _printf_wctomb.o(.text) for _printf_wctomb
    _c32rtomb.o(.text) refers to rt_ctype_table.o(.text) for __rt_ctype_table
    sys_stackheap_outer.o(.text) refers to libspace.o(.text) for __user_perproc_libspace
    sys_stackheap_outer.o(.text) refers to startup_stm32f429xx.o(.text) for __user_initial_stackheap
    rt_ctype_table.o(.text) refers to rt_locale_intlibspace.o(.text) for __rt_locale
    rt_ctype_table.o(.text) refers to lc_ctype_c.o(locale$$code) for _get_lc_ctype
    rt_locale.o(.text) refers to rt_locale.o(.bss) for __rt_locale_data
    rt_locale_intlibspace.o(.text) refers to libspace.o(.bss) for __libspace_start
    _printf_fp_infnan.o(.text) refers (Weak) to _printf_pad.o(.text) for _printf_pre_padding
    _printf_fp_infnan.o(.text) refers (Weak) to _printf_pad.o(.text) for _printf_post_padding
    bigflt0.o(.text) refers (Special) to usenofp.o(x$fpl$usenofp) for __I$use$fp
    bigflt0.o(.text) refers to btod.o(CL$$btod_emul) for _btod_emul
    bigflt0.o(.text) refers to btod.o(CL$$btod_ediv) for _btod_ediv
    bigflt0.o(.text) refers to bigflt0.o(.constdata) for .constdata
    bigflt0.o(.constdata) refers (Special) to usenofp.o(x$fpl$usenofp) for __I$use$fp
    btod.o(CL$$btod_d2e) refers (Special) to usenofp.o(x$fpl$usenofp) for __I$use$fp
    btod.o(CL$$btod_d2e) refers to btod.o(CL$$btod_d2e_norm_op1) for _d2e_norm_op1
    btod.o(CL$$btod_d2e_norm_op1) refers (Special) to usenofp.o(x$fpl$usenofp) for __I$use$fp
    btod.o(CL$$btod_d2e_norm_op1) refers to btod.o(CL$$btod_d2e_denorm_low) for _d2e_denorm_low
    btod.o(CL$$btod_d2e_denorm_low) refers (Special) to usenofp.o(x$fpl$usenofp) for __I$use$fp
    btod.o(CL$$btod_emul) refers (Special) to usenofp.o(x$fpl$usenofp) for __I$use$fp
    btod.o(CL$$btod_emul) refers to btod.o(CL$$btod_mult_common) for __btod_mult_common
    btod.o(CL$$btod_emul) refers to btod.o(CL$$btod_e2e) for _e2e
    btod.o(CL$$btod_ediv) refers (Special) to usenofp.o(x$fpl$usenofp) for __I$use$fp
    btod.o(CL$$btod_ediv) refers to btod.o(CL$$btod_div_common) for __btod_div_common
    btod.o(CL$$btod_ediv) refers to btod.o(CL$$btod_e2e) for _e2e
    btod.o(CL$$btod_emuld) refers (Special) to usenofp.o(x$fpl$usenofp) for __I$use$fp
    btod.o(CL$$btod_emuld) refers to btod.o(CL$$btod_mult_common) for __btod_mult_common
    btod.o(CL$$btod_emuld) refers to btod.o(CL$$btod_e2d) for _e2d
    btod.o(CL$$btod_edivd) refers (Special) to usenofp.o(x$fpl$usenofp) for __I$use$fp
    btod.o(CL$$btod_edivd) refers to btod.o(CL$$btod_div_common) for __btod_div_common
    btod.o(CL$$btod_edivd) refers to btod.o(CL$$btod_e2d) for _e2d
    btod.o(CL$$btod_e2e) refers (Special) to usenofp.o(x$fpl$usenofp) for __I$use$fp
    btod.o(CL$$btod_e2d) refers (Special) to usenofp.o(x$fpl$usenofp) for __I$use$fp
    btod.o(CL$$btod_e2d) refers to btod.o(CL$$btod_e2e) for _e2e
    btod.o(CL$$btod_mult_common) refers (Special) to usenofp.o(x$fpl$usenofp) for __I$use$fp
    btod.o(CL$$btod_div_common) refers (Special) to usenofp.o(x$fpl$usenofp) for __I$use$fp
    btod_accurate.o(.text) refers to btod_accurate_common.o(.text) for _btod_common
    lc_numeric_c.o(locale$$data) refers (Special) to libinit2.o(.ARM.Collect$$libinit$$00000016) for __rt_lib_init_lc_numeric_2
    lc_numeric_c.o(locale$$code) refers (Special) to libinit2.o(.ARM.Collect$$libinit$$00000016) for __rt_lib_init_lc_numeric_2
    lc_numeric_c.o(locale$$code) refers to strcmpv7em.o(.text) for strcmp
    lc_numeric_c.o(locale$$code) refers to lc_numeric_c.o(locale$$data) for __lcnum_c_name
    exit.o(.text) refers to rtexit.o(.ARM.Collect$$rtexit$$00000000) for __rt_exit
    libinit.o(.ARM.Collect$$libinit$$00000000) refers (Special) to libinit2.o(.ARM.Collect$$libinit$$0000002E) for __rt_lib_init_alloca_1
    libinit.o(.ARM.Collect$$libinit$$00000000) refers (Special) to libinit2.o(.ARM.Collect$$libinit$$0000002C) for __rt_lib_init_argv_1
    libinit.o(.ARM.Collect$$libinit$$00000000) refers (Special) to libinit2.o(.ARM.Collect$$libinit$$0000001B) for __rt_lib_init_atexit_1
    libinit.o(.ARM.Collect$$libinit$$00000000) refers (Special) to libinit2.o(.ARM.Collect$$libinit$$00000021) for __rt_lib_init_clock_1
    libinit.o(.ARM.Collect$$libinit$$00000000) refers (Special) to libinit2.o(.ARM.Collect$$libinit$$00000032) for __rt_lib_init_cpp_1
    libinit.o(.ARM.Collect$$libinit$$00000000) refers (Special) to libinit2.o(.ARM.Collect$$libinit$$00000030) for __rt_lib_init_exceptions_1
    libinit.o(.ARM.Collect$$libinit$$00000000) refers (Special) to libinit2.o(.ARM.Collect$$libinit$$00000001) for __rt_lib_init_fp_1
    libinit.o(.ARM.Collect$$libinit$$00000000) refers (Special) to libinit2.o(.ARM.Collect$$libinit$$0000001F) for __rt_lib_init_fp_trap_1
    libinit.o(.ARM.Collect$$libinit$$00000000) refers (Special) to libinit2.o(.ARM.Collect$$libinit$$00000023) for __rt_lib_init_getenv_1
    libinit.o(.ARM.Collect$$libinit$$00000000) refers (Special) to libinit2.o(.ARM.Collect$$libinit$$0000000A) for __rt_lib_init_heap_1
    libinit.o(.ARM.Collect$$libinit$$00000000) refers (Special) to libinit2.o(.ARM.Collect$$libinit$$00000011) for __rt_lib_init_lc_collate_1
    libinit.o(.ARM.Collect$$libinit$$00000000) refers (Special) to libinit2.o(.ARM.Collect$$libinit$$00000013) for __rt_lib_init_lc_ctype_1
    libinit.o(.ARM.Collect$$libinit$$00000000) refers (Special) to libinit2.o(.ARM.Collect$$libinit$$00000015) for __rt_lib_init_lc_monetary_1
    libinit.o(.ARM.Collect$$libinit$$00000000) refers (Special) to libinit2.o(.ARM.Collect$$libinit$$00000017) for __rt_lib_init_lc_numeric_1
    libinit.o(.ARM.Collect$$libinit$$00000000) refers (Special) to libinit2.o(.ARM.Collect$$libinit$$00000019) for __rt_lib_init_lc_time_1
    libinit.o(.ARM.Collect$$libinit$$00000000) refers (Special) to libinit2.o(.ARM.Collect$$libinit$$00000004) for __rt_lib_init_preinit_1
    libinit.o(.ARM.Collect$$libinit$$00000000) refers (Special) to libinit2.o(.ARM.Collect$$libinit$$0000000E) for __rt_lib_init_rand_1
    libinit.o(.ARM.Collect$$libinit$$00000000) refers (Special) to libinit2.o(.ARM.Collect$$libinit$$00000033) for __rt_lib_init_return
    libinit.o(.ARM.Collect$$libinit$$00000000) refers (Special) to libinit2.o(.ARM.Collect$$libinit$$0000001D) for __rt_lib_init_signal_1
    libinit.o(.ARM.Collect$$libinit$$00000000) refers (Special) to libinit2.o(.ARM.Collect$$libinit$$00000025) for __rt_lib_init_stdio_1
    libinit.o(.ARM.Collect$$libinit$$00000000) refers (Special) to libinit2.o(.ARM.Collect$$libinit$$0000000C) for __rt_lib_init_user_alloc_1
    istatus.o(x$fpl$ieeestatus) refers (Special) to usenofp.o(x$fpl$usenofp) for __I$use$fp
    fpclassify.o(i.__ARM_fpclassify) refers (Special) to usenofp.o(x$fpl$usenofp) for __I$use$fp
    libspace.o(.text) refers to libspace.o(.bss) for __libspace_start
    rtexit.o(.ARM.Collect$$rtexit$$00000000) refers (Special) to rtexit2.o(.ARM.Collect$$rtexit$$00000004) for __rt_exit_exit
    rtexit.o(.ARM.Collect$$rtexit$$00000000) refers (Special) to rtexit2.o(.ARM.Collect$$rtexit$$00000003) for __rt_exit_ls
    rtexit.o(.ARM.Collect$$rtexit$$00000000) refers (Special) to rtexit2.o(.ARM.Collect$$rtexit$$00000002) for __rt_exit_prels_1
    rtexit.o(.ARM.exidx) refers (Special) to rtexit2.o(.ARM.Collect$$rtexit$$00000004) for __rt_exit_exit
    rtexit.o(.ARM.exidx) refers (Special) to rtexit2.o(.ARM.Collect$$rtexit$$00000003) for __rt_exit_ls
    rtexit.o(.ARM.exidx) refers (Special) to rtexit2.o(.ARM.Collect$$rtexit$$00000002) for __rt_exit_prels_1
    rtexit.o(.ARM.exidx) refers to rtexit.o(.ARM.Collect$$rtexit$$00000000) for .ARM.Collect$$rtexit$$00000000
    btod_accurate_common.o(.text) refers to llushr.o(.text) for __aeabi_llsr
    lc_ctype_c.o(locale$$data) refers (Special) to libinit2.o(.ARM.Collect$$libinit$$00000012) for __rt_lib_init_lc_ctype_2
    lc_ctype_c.o(locale$$code) refers (Special) to libinit2.o(.ARM.Collect$$libinit$$00000012) for __rt_lib_init_lc_ctype_2
    lc_ctype_c.o(locale$$code) refers to strcmpv7em.o(.text) for strcmp
    lc_ctype_c.o(locale$$code) refers to lc_ctype_c.o(locale$$data) for __lcctype_c_name
    libinit2.o(.ARM.Collect$$libinit$$00000001) refers to fpinit.o(x$fpl$fpinit) for _fp_init
    libinit2.o(.ARM.Collect$$libinit$$0000000F) refers (Weak) to rt_locale_intlibspace.o(.text) for __rt_locale
    libinit2.o(.ARM.Collect$$libinit$$00000010) refers to libinit2.o(.ARM.Collect$$libinit$$0000000F) for .ARM.Collect$$libinit$$0000000F
    libinit2.o(.ARM.Collect$$libinit$$00000012) refers to libinit2.o(.ARM.Collect$$libinit$$0000000F) for .ARM.Collect$$libinit$$0000000F
    libinit2.o(.ARM.Collect$$libinit$$00000012) refers (Weak) to lc_ctype_c.o(locale$$code) for _get_lc_ctype
    libinit2.o(.ARM.Collect$$libinit$$00000014) refers to libinit2.o(.ARM.Collect$$libinit$$0000000F) for .ARM.Collect$$libinit$$0000000F
    libinit2.o(.ARM.Collect$$libinit$$00000016) refers to libinit2.o(.ARM.Collect$$libinit$$0000000F) for .ARM.Collect$$libinit$$0000000F
    libinit2.o(.ARM.Collect$$libinit$$00000016) refers (Weak) to lc_numeric_c.o(locale$$code) for _get_lc_numeric
    libinit2.o(.ARM.Collect$$libinit$$00000018) refers to libinit2.o(.ARM.Collect$$libinit$$0000000F) for .ARM.Collect$$libinit$$0000000F
    libinit2.o(.ARM.Collect$$libinit$$00000026) refers to argv_veneer.o(.emb_text) for __ARM_argv_veneer
    libinit2.o(.ARM.Collect$$libinit$$00000027) refers to argv_veneer.o(.emb_text) for __ARM_argv_veneer
    rtexit2.o(.ARM.Collect$$rtexit$$00000003) refers to libshutdown.o(.ARM.Collect$$libshutdown$$00000000) for __rt_lib_shutdown
    rtexit2.o(.ARM.Collect$$rtexit$$00000004) refers to sys_exit.o(.text) for _sys_exit
    rtexit2.o(.ARM.exidx) refers to rtexit2.o(.ARM.Collect$$rtexit$$00000001) for .ARM.Collect$$rtexit$$00000001
    rtexit2.o(.ARM.exidx) refers to rtexit2.o(.ARM.Collect$$rtexit$$00000003) for .ARM.Collect$$rtexit$$00000003
    rtexit2.o(.ARM.exidx) refers to rtexit2.o(.ARM.Collect$$rtexit$$00000004) for .ARM.Collect$$rtexit$$00000004
    argv_veneer.o(.emb_text) refers to no_argv.o(.text) for __ARM_get_argv
    sys_exit.o(.text) refers (Special) to use_no_semi.o(.text) for __I$use$semihosting
    sys_exit.o(.text) refers (Special) to indicate_semi.o(.text) for __semihosting_library_function
    sys_exit_hlt.o(.text) refers (Special) to use_no_semi.o(.text) for __I$use$semihosting
    sys_exit_hlt.o(.text) refers (Special) to indicate_semi.o(.text) for __semihosting_library_function
    _get_argv_nomalloc.o(.text) refers (Special) to hrguard.o(.text) for __heap_region$guard
    _get_argv_nomalloc.o(.text) refers to defsig_rtmem_outer.o(.text) for __rt_SIGRTMEM
    _get_argv_nomalloc.o(.text) refers to sys_command.o(.text) for _sys_command_string
    libshutdown.o(.ARM.Collect$$libshutdown$$00000000) refers (Special) to libshutdown2.o(.ARM.Collect$$libshutdown$$00000002) for __rt_lib_shutdown_cpp_1
    libshutdown.o(.ARM.Collect$$libshutdown$$00000000) refers (Special) to libshutdown2.o(.ARM.Collect$$libshutdown$$00000007) for __rt_lib_shutdown_fp_trap_1
    libshutdown.o(.ARM.Collect$$libshutdown$$00000000) refers (Special) to libshutdown2.o(.ARM.Collect$$libshutdown$$0000000F) for __rt_lib_shutdown_heap_1
    libshutdown.o(.ARM.Collect$$libshutdown$$00000000) refers (Special) to libshutdown2.o(.ARM.Collect$$libshutdown$$00000010) for __rt_lib_shutdown_return
    libshutdown.o(.ARM.Collect$$libshutdown$$00000000) refers (Special) to libshutdown2.o(.ARM.Collect$$libshutdown$$0000000A) for __rt_lib_shutdown_signal_1
    libshutdown.o(.ARM.Collect$$libshutdown$$00000000) refers (Special) to libshutdown2.o(.ARM.Collect$$libshutdown$$00000004) for __rt_lib_shutdown_stdio_1
    libshutdown.o(.ARM.Collect$$libshutdown$$00000000) refers (Special) to libshutdown2.o(.ARM.Collect$$libshutdown$$0000000C) for __rt_lib_shutdown_user_alloc_1
    sys_command.o(.text) refers (Special) to use_no_semi.o(.text) for __I$use$semihosting
    sys_command.o(.text) refers (Special) to indicate_semi.o(.text) for __semihosting_library_function
    sys_command_hlt.o(.text) refers (Special) to use_no_semi.o(.text) for __I$use$semihosting
    sys_command_hlt.o(.text) refers (Special) to indicate_semi.o(.text) for __semihosting_library_function
    defsig_rtmem_outer.o(.text) refers to defsig_rtmem_inner.o(.text) for __rt_SIGRTMEM_inner
    defsig_rtmem_outer.o(.text) refers to defsig_exit.o(.text) for __sig_exit
    defsig_rtmem_formal.o(.text) refers to rt_raise.o(.text) for __rt_raise
    rt_raise.o(.text) refers to __raise.o(.text) for __raise
    rt_raise.o(.text) refers to sys_exit.o(.text) for _sys_exit
    defsig_exit.o(.text) refers to sys_exit.o(.text) for _sys_exit
    defsig_rtmem_inner.o(.text) refers to defsig_general.o(.text) for __default_signal_display
    __raise.o(.text) refers to defsig.o(CL$$defsig) for __default_signal_handler
    defsig_general.o(.text) refers to sys_wrch.o(.text) for _ttywrch
    sys_wrch.o(.text) refers (Special) to use_no_semi.o(.text) for __I$use$semihosting
    sys_wrch.o(.text) refers (Special) to indicate_semi.o(.text) for __semihosting_library_function
    sys_wrch_hlt.o(.text) refers (Special) to use_no_semi.o(.text) for __I$use$semihosting
    sys_wrch_hlt.o(.text) refers (Special) to indicate_semi.o(.text) for __semihosting_library_function
    defsig.o(CL$$defsig) refers to defsig_rtmem_inner.o(.text) for __rt_SIGRTMEM_inner
    defsig_abrt_inner.o(.text) refers to defsig_general.o(.text) for __default_signal_display
    defsig_fpe_inner.o(.text) refers to defsig_general.o(.text) for __default_signal_display
    defsig_rtred_inner.o(.text) refers to defsig_general.o(.text) for __default_signal_display
    defsig_stak_inner.o(.text) refers to defsig_general.o(.text) for __default_signal_display
    defsig_pvfn_inner.o(.text) refers to defsig_general.o(.text) for __default_signal_display
    defsig_cppl_inner.o(.text) refers to defsig_general.o(.text) for __default_signal_display
    defsig_segv_inner.o(.text) refers to defsig_general.o(.text) for __default_signal_display
    defsig_other.o(.text) refers to defsig_general.o(.text) for __default_signal_display


==============================================================================

Removing Unused input sections from the image.

    Removing main.o(.text), (0 bytes).
    Removing main.o(.ARM.exidx.text.main), (8 bytes).
    Removing main.o(.ARM.exidx.text.TIM2_IRQHandler), (8 bytes).
    Removing main.o(.data.pi), (4 bytes).
    Removing main.o(.bss.Wave1), (400 bytes).
    Removing main.o(.bss.Wave2), (400 bytes).
    Removing main.o(.ARM.use_no_argv), (4 bytes).
    Removing lcd.o(.text), (0 bytes).
    Removing lcd.o(.ARM.exidx.text.lcd_delayus), (8 bytes).
    Removing lcd.o(.ARM.exidx.text.WaitLcdBusy), (8 bytes).
    Removing lcd.o(.text.set_LCD_data), (16 bytes).
    Removing lcd.o(.ARM.exidx.text.set_LCD_data), (8 bytes).
    Removing lcd.o(.ARM.exidx.text.LCD_strobe), (8 bytes).
    Removing lcd.o(.ARM.exidx.text.cmdLCD8), (8 bytes).
    Removing lcd.o(.ARM.exidx.text.cmdLCD), (8 bytes).
    Removing lcd.o(.text.putLCD8), (44 bytes).
    Removing lcd.o(.ARM.exidx.text.putLCD8), (8 bytes).
    Removing lcd.o(.ARM.exidx.text.putLCD), (8 bytes).
    Removing lcd.o(.ARM.exidx.text.initLCD), (8 bytes).
    Removing lcd.o(.text.Lcd_Print_String), (20 bytes).
    Removing lcd.o(.ARM.exidx.text.Lcd_Print_String), (8 bytes).
    Removing lcd.o(.data.customChar), (8 bytes).
    Removing lcd.o(.rodata.Custom_Char5x8), (128 bytes).
    Removing lcd.o(.bss.k), (4 bytes).
    Removing lcd.o(.bss.i), (4 bytes).
    Removing modulus.o(.text), (0 bytes).
    Removing adc.o(.text), (0 bytes).
    Removing adc.o(.ARM.exidx.text.init_ADC), (8 bytes).
    Removing adc.o(.ARM.exidx.text.read_adc), (8 bytes).
    Removing dac.o(.text), (0 bytes).
    Removing dac.o(.ARM.exidx.text.init_DAC), (8 bytes).
    Removing dac.o(.ARM.exidx.text.output_dac), (8 bytes).
    Removing uart.o(.text), (0 bytes).
    Removing uart.o(.ARM.exidx.text.init_USART), (8 bytes).
    Removing uart.o(.ARM.exidx.text.receive_usart), (8 bytes).
    Removing uart.o(.text.send_usart), (16 bytes).
    Removing uart.o(.ARM.exidx.text.send_usart), (8 bytes).
    Removing uart.o(.text.myPrintf), (52 bytes).
    Removing uart.o(.ARM.exidx.text.myPrintf), (8 bytes).
    Removing uart.o(.bss.transmit_buffer), (255 bytes).
    Removing timers.o(.text), (0 bytes).
    Removing timers.o(.text.delay_us), (48 bytes).
    Removing timers.o(.ARM.exidx.text.delay_us), (8 bytes).
    Removing timers.o(.ARM.exidx.text.delay_ms), (8 bytes).
    Removing timers.o(.text.initTIM2), (88 bytes).
    Removing timers.o(.ARM.exidx.text.initTIM2), (8 bytes).
    Removing timers.o(.text.Wait3), (32 bytes).
    Removing timers.o(.ARM.exidx.text.Wait3), (8 bytes).
    Removing timers.o(.text.wait_us), (40 bytes).
    Removing timers.o(.ARM.exidx.text.wait_us), (8 bytes).
    Removing timers.o(.ARM.exidx.text.Init_Timer2), (8 bytes).
    Removing timers.o(.text.Init_Timer3), (56 bytes).
    Removing timers.o(.ARM.exidx.text.Init_Timer3), (8 bytes).
    Removing timers.o(.text.Init_Timer4), (68 bytes).
    Removing timers.o(.ARM.exidx.text.Init_Timer4), (8 bytes).
    Removing timers.o(.text.deinitTIM2), (22 bytes).
    Removing timers.o(.ARM.exidx.text.deinitTIM2), (8 bytes).
    Removing pll_config.o(.text), (0 bytes).
    Removing pll_config.o(.text.PLL_Config), (108 bytes).
    Removing pll_config.o(.ARM.exidx.text.PLL_Config), (8 bytes).
    Removing led.o(.text), (0 bytes).
    Removing led.o(.text.Init_LED), (60 bytes).
    Removing led.o(.ARM.exidx.text.Init_LED), (8 bytes).
    Removing led.o(.text.Toggle_LED), (16 bytes).
    Removing led.o(.ARM.exidx.text.Toggle_LED), (8 bytes).
    Removing led.o(.text.Toggle_LED2), (16 bytes).
    Removing led.o(.ARM.exidx.text.Toggle_LED2), (8 bytes).
    Removing led.o(.text.Toggle_LED3), (16 bytes).
    Removing led.o(.ARM.exidx.text.Toggle_LED3), (8 bytes).
    Removing led.o(.ARM.exidx.text.LED_play), (8 bytes).
    Removing system_stm32f4xx.o(.text), (0 bytes).
    Removing system_stm32f4xx.o(.ARM.exidx.text.SystemInit), (8 bytes).
    Removing system_stm32f4xx.o(.ARM.exidx.text.SystemCoreClockUpdate), (8 bytes).
    Removing system_stm32f4xx.o(.rodata.APBPrescTable), (8 bytes).

74 unused section(s) (total 2229 bytes) removed from the image.

==============================================================================

Image Symbol Table

    Local Symbols

    Symbol Name                              Value     Ov Type        Size  Object(Section)

    ../clib/angel/boardlib.s                 0x00000000   Number         0  boardinit1.o ABSOLUTE
    ../clib/angel/boardlib.s                 0x00000000   Number         0  boardinit2.o ABSOLUTE
    ../clib/angel/boardlib.s                 0x00000000   Number         0  boardinit3.o ABSOLUTE
    ../clib/angel/boardlib.s                 0x00000000   Number         0  boardshut.o ABSOLUTE
    ../clib/angel/handlers.s                 0x00000000   Number         0  __scatter_copy.o ABSOLUTE
    ../clib/angel/handlers.s                 0x00000000   Number         0  __scatter_zi.o ABSOLUTE
    ../clib/angel/kernel.s                   0x00000000   Number         0  __rtentry.o ABSOLUTE
    ../clib/angel/kernel.s                   0x00000000   Number         0  __rtentry2.o ABSOLUTE
    ../clib/angel/kernel.s                   0x00000000   Number         0  __rtentry4.o ABSOLUTE
    ../clib/angel/kernel.s                   0x00000000   Number         0  rtexit.o ABSOLUTE
    ../clib/angel/kernel.s                   0x00000000   Number         0  rtexit2.o ABSOLUTE
    ../clib/angel/rt.s                       0x00000000   Number         0  rt_ctype_table.o ABSOLUTE
    ../clib/angel/rt.s                       0x00000000   Number         0  rt_locale.o ABSOLUTE
    ../clib/angel/rt.s                       0x00000000   Number         0  rt_locale_intlibspace.o ABSOLUTE
    ../clib/angel/rt.s                       0x00000000   Number         0  rt_raise.o ABSOLUTE
    ../clib/angel/scatter.s                  0x00000000   Number         0  __scatter.o ABSOLUTE
    ../clib/angel/startup.s                  0x00000000   Number         0  __main.o ABSOLUTE
    ../clib/angel/sys.s                      0x00000000   Number         0  sys_stackheap_outer.o ABSOLUTE
    ../clib/angel/sys.s                      0x00000000   Number         0  libspace.o ABSOLUTE
    ../clib/angel/sys.s                      0x00000000   Number         0  use_no_semi.o ABSOLUTE
    ../clib/angel/sys.s                      0x00000000   Number         0  indicate_semi.o ABSOLUTE
    ../clib/angel/sysapp.c                   0x00000000   Number         0  sys_exit.o ABSOLUTE
    ../clib/angel/sysapp.c                   0x00000000   Number         0  sys_exit_hlt.o ABSOLUTE
    ../clib/angel/sysapp.c                   0x00000000   Number         0  sys_command.o ABSOLUTE
    ../clib/angel/sysapp.c                   0x00000000   Number         0  sys_command_hlt.o ABSOLUTE
    ../clib/angel/sysapp.c                   0x00000000   Number         0  sys_wrch.o ABSOLUTE
    ../clib/angel/sysapp.c                   0x00000000   Number         0  sys_wrch_hlt.o ABSOLUTE
    ../clib/armsys.c                         0x00000000   Number         0  argv_veneer.o ABSOLUTE
    ../clib/armsys.c                         0x00000000   Number         0  argv_veneer.o ABSOLUTE
    ../clib/armsys.c                         0x00000000   Number         0  _get_argv_nomalloc.o ABSOLUTE
    ../clib/armsys.c                         0x00000000   Number         0  no_argv.o ABSOLUTE
    ../clib/bigflt.c                         0x00000000   Number         0  bigflt0.o ABSOLUTE
    ../clib/btod.s                           0x00000000   Number         0  btod.o ABSOLUTE
    ../clib/btod_accurate.c                  0x00000000   Number         0  btod_accurate.o ABSOLUTE
    ../clib/btod_accurate.c                  0x00000000   Number         0  btod_accurate_common.o ABSOLUTE
    ../clib/heapalloc.c                      0x00000000   Number         0  hrguard.o ABSOLUTE
    ../clib/heapaux.c                        0x00000000   Number         0  heapauxi.o ABSOLUTE
    ../clib/libinit.s                        0x00000000   Number         0  libinit.o ABSOLUTE
    ../clib/libinit.s                        0x00000000   Number         0  libinit2.o ABSOLUTE
    ../clib/libinit.s                        0x00000000   Number         0  libshutdown.o ABSOLUTE
    ../clib/libinit.s                        0x00000000   Number         0  libshutdown2.o ABSOLUTE
    ../clib/locale.c                         0x00000000   Number         0  _c32rtomb.o ABSOLUTE
    ../clib/locale.s                         0x00000000   Number         0  lc_numeric_c.o ABSOLUTE
    ../clib/locale.s                         0x00000000   Number         0  lc_ctype_c.o ABSOLUTE
    ../clib/longlong.s                       0x00000000   Number         0  lludiv10.o ABSOLUTE
    ../clib/longlong.s                       0x00000000   Number         0  llushr.o ABSOLUTE
    ../clib/memcpset.s                       0x00000000   Number         0  strcmpv7em.o ABSOLUTE
    ../clib/misc.s                           0x00000000   Number         0  printf_stubs.o ABSOLUTE
    ../clib/printf.c                         0x00000000   Number         0  vsprintf.o ABSOLUTE
    ../clib/printf.c                         0x00000000   Number         0  __printf.o ABSOLUTE
    ../clib/printf.c                         0x00000000   Number         0  _printf_pad.o ABSOLUTE
    ../clib/printf.c                         0x00000000   Number         0  _printf_truncate.o ABSOLUTE
    ../clib/printf.c                         0x00000000   Number         0  _printf_str.o ABSOLUTE
    ../clib/printf.c                         0x00000000   Number         0  _printf_dec.o ABSOLUTE
    ../clib/printf.c                         0x00000000   Number         0  _printf_charcount.o ABSOLUTE
    ../clib/printf.c                         0x00000000   Number         0  _printf_char_common.o ABSOLUTE
    ../clib/printf.c                         0x00000000   Number         0  _sputc.o ABSOLUTE
    ../clib/printf.c                         0x00000000   Number         0  _printf_wctomb.o ABSOLUTE
    ../clib/printf.c                         0x00000000   Number         0  _printf_longlong_dec.o ABSOLUTE
    ../clib/printf.c                         0x00000000   Number         0  _printf_oct_ll.o ABSOLUTE
    ../clib/printf.c                         0x00000000   Number         0  _printf_oct_int.o ABSOLUTE
    ../clib/printf.c                         0x00000000   Number         0  _printf_oct_int_ll.o ABSOLUTE
    ../clib/printf.c                         0x00000000   Number         0  _printf_hex_ll.o ABSOLUTE
    ../clib/printf.c                         0x00000000   Number         0  _printf_hex_int.o ABSOLUTE
    ../clib/printf.c                         0x00000000   Number         0  _printf_hex_int_ll.o ABSOLUTE
    ../clib/printf.c                         0x00000000   Number         0  _printf_hex_ptr.o ABSOLUTE
    ../clib/printf.c                         0x00000000   Number         0  _printf_hex_int_ptr.o ABSOLUTE
    ../clib/printf.c                         0x00000000   Number         0  _printf_hex_ll_ptr.o ABSOLUTE
    ../clib/printf.c                         0x00000000   Number         0  _printf_hex_int_ll_ptr.o ABSOLUTE
    ../clib/printf.c                         0x00000000   Number         0  __printf_flags.o ABSOLUTE
    ../clib/printf.c                         0x00000000   Number         0  __printf_ss.o ABSOLUTE
    ../clib/printf.c                         0x00000000   Number         0  __printf_flags_ss.o ABSOLUTE
    ../clib/printf.c                         0x00000000   Number         0  __printf_wp.o ABSOLUTE
    ../clib/printf.c                         0x00000000   Number         0  __printf_flags_wp.o ABSOLUTE
    ../clib/printf.c                         0x00000000   Number         0  __printf_ss_wp.o ABSOLUTE
    ../clib/printf.c                         0x00000000   Number         0  __printf_flags_ss_wp.o ABSOLUTE
    ../clib/printf.c                         0x00000000   Number         0  _printf_intcommon.o ABSOLUTE
    ../clib/printf.c                         0x00000000   Number         0  _printf_fp_dec.o ABSOLUTE
    ../clib/printf.c                         0x00000000   Number         0  _printf_fp_dec_accurate.o ABSOLUTE
    ../clib/printf.c                         0x00000000   Number         0  _printf_fp_hex.o ABSOLUTE
    ../clib/printf.c                         0x00000000   Number         0  __printf_nopercent.o ABSOLUTE
    ../clib/printf.c                         0x00000000   Number         0  _printf_char.o ABSOLUTE
    ../clib/printf.c                         0x00000000   Number         0  _printf_wchar.o ABSOLUTE
    ../clib/printf.c                         0x00000000   Number         0  _printf_fp_infnan.o ABSOLUTE
    ../clib/printf_percent.s                 0x00000000   Number         0  _printf_c.o ABSOLUTE
    ../clib/printf_percent.s                 0x00000000   Number         0  _printf_s.o ABSOLUTE
    ../clib/printf_percent.s                 0x00000000   Number         0  _printf_n.o ABSOLUTE
    ../clib/printf_percent.s                 0x00000000   Number         0  _printf_x.o ABSOLUTE
    ../clib/printf_percent.s                 0x00000000   Number         0  _printf_p.o ABSOLUTE
    ../clib/printf_percent.s                 0x00000000   Number         0  _printf_o.o ABSOLUTE
    ../clib/printf_percent.s                 0x00000000   Number         0  _printf_i.o ABSOLUTE
    ../clib/printf_percent.s                 0x00000000   Number         0  _printf_d.o ABSOLUTE
    ../clib/printf_percent.s                 0x00000000   Number         0  _printf_u.o ABSOLUTE
    ../clib/printf_percent.s                 0x00000000   Number         0  _printf_f.o ABSOLUTE
    ../clib/printf_percent.s                 0x00000000   Number         0  _printf_e.o ABSOLUTE
    ../clib/printf_percent.s                 0x00000000   Number         0  _printf_g.o ABSOLUTE
    ../clib/printf_percent.s                 0x00000000   Number         0  _printf_a.o ABSOLUTE
    ../clib/printf_percent.s                 0x00000000   Number         0  _printf_percent.o ABSOLUTE
    ../clib/printf_percent.s                 0x00000000   Number         0  _printf_lli.o ABSOLUTE
    ../clib/printf_percent.s                 0x00000000   Number         0  _printf_lld.o ABSOLUTE
    ../clib/printf_percent.s                 0x00000000   Number         0  _printf_llu.o ABSOLUTE
    ../clib/printf_percent.s                 0x00000000   Number         0  _printf_ll.o ABSOLUTE
    ../clib/printf_percent.s                 0x00000000   Number         0  _printf_l.o ABSOLUTE
    ../clib/printf_percent.s                 0x00000000   Number         0  _printf_lc.o ABSOLUTE
    ../clib/printf_percent.s                 0x00000000   Number         0  _printf_ls.o ABSOLUTE
    ../clib/printf_percent.s                 0x00000000   Number         0  _printf_llo.o ABSOLUTE
    ../clib/printf_percent.s                 0x00000000   Number         0  _printf_llx.o ABSOLUTE
    ../clib/printf_percent.s                 0x00000000   Number         0  _printf_percent_end.o ABSOLUTE
    ../clib/signal.c                         0x00000000   Number         0  defsig_rtmem_outer.o ABSOLUTE
    ../clib/signal.c                         0x00000000   Number         0  defsig_rtmem_formal.o ABSOLUTE
    ../clib/signal.c                         0x00000000   Number         0  defsig_exit.o ABSOLUTE
    ../clib/signal.c                         0x00000000   Number         0  defsig_rtmem_inner.o ABSOLUTE
    ../clib/signal.c                         0x00000000   Number         0  __raise.o ABSOLUTE
    ../clib/signal.c                         0x00000000   Number         0  defsig_general.o ABSOLUTE
    ../clib/signal.c                         0x00000000   Number         0  defsig_abrt_inner.o ABSOLUTE
    ../clib/signal.c                         0x00000000   Number         0  defsig_fpe_inner.o ABSOLUTE
    ../clib/signal.c                         0x00000000   Number         0  defsig_rtred_inner.o ABSOLUTE
    ../clib/signal.c                         0x00000000   Number         0  defsig_stak_inner.o ABSOLUTE
    ../clib/signal.c                         0x00000000   Number         0  defsig_pvfn_inner.o ABSOLUTE
    ../clib/signal.c                         0x00000000   Number         0  defsig_cppl_inner.o ABSOLUTE
    ../clib/signal.c                         0x00000000   Number         0  defsig_segv_inner.o ABSOLUTE
    ../clib/signal.c                         0x00000000   Number         0  defsig_other.o ABSOLUTE
    ../clib/signal.s                         0x00000000   Number         0  defsig.o ABSOLUTE
    ../clib/stdlib.c                         0x00000000   Number         0  exit.o ABSOLUTE
    ../fplib/fpinit.s                        0x00000000   Number         0  fpinit.o ABSOLUTE
    ../fplib/istatus.s                       0x00000000   Number         0  istatus.o ABSOLUTE
    ../fplib/printf1.s                       0x00000000   Number         0  printf1.o ABSOLUTE
    ../fplib/printf2.s                       0x00000000   Number         0  printf2.o ABSOLUTE
    ../fplib/printf2a.s                      0x00000000   Number         0  printf2a.o ABSOLUTE
    ../fplib/printf2b.s                      0x00000000   Number         0  printf2b.o ABSOLUTE
    ../fplib/usenofp.s                       0x00000000   Number         0  usenofp.o ABSOLUTE
    ../mathlib/fpclassify.c                  0x00000000   Number         0  fpclassify.o ABSOLUTE
    ADC.c                                    0x00000000   Number         0  adc.o ABSOLUTE
    DAC.c                                    0x00000000   Number         0  dac.o ABSOLUTE
    LED.c                                    0x00000000   Number         0  led.o ABSOLUTE
    Modulus.c                                0x00000000   Number         0  modulus.o ABSOLUTE
    PLL_Config.c                             0x00000000   Number         0  pll_config.o ABSOLUTE
    RTE\Device\STM32F429ZITx\startup_stm32f429xx.s 0x00000000   Number         0  startup_stm32f429xx.o ABSOLUTE
    UART.c                                   0x00000000   Number         0  uart.o ABSOLUTE
    dc.s                                     0x00000000   Number         0  dc.o ABSOLUTE
    lcd.c                                    0x00000000   Number         0  lcd.o ABSOLUTE
    main.c                                   0x00000000   Number         0  main.o ABSOLUTE
    system_stm32f4xx.c                       0x00000000   Number         0  system_stm32f4xx.o ABSOLUTE
    timers.c                                 0x00000000   Number         0  timers.o ABSOLUTE
    RESET                                    0x08000000   Section      428  startup_stm32f429xx.o(RESET)
    !!!main                                  0x080001ac   Section        8  __main.o(!!!main)
    !!!scatter                               0x080001b4   Section       52  __scatter.o(!!!scatter)
    !!handler_copy                           0x080001e8   Section       26  __scatter_copy.o(!!handler_copy)
    !!handler_zi                             0x08000204   Section       28  __scatter_zi.o(!!handler_zi)
    .ARM.Collect$$libinit$$00000000          0x08000220   Section        2  libinit.o(.ARM.Collect$$libinit$$00000000)
    .ARM.Collect$$libinit$$00000001          0x08000222   Section        4  libinit2.o(.ARM.Collect$$libinit$$00000001)
    .ARM.Collect$$libinit$$00000004          0x08000226   Section        0  libinit2.o(.ARM.Collect$$libinit$$00000004)
    .ARM.Collect$$libinit$$0000000A          0x08000226   Section        0  libinit2.o(.ARM.Collect$$libinit$$0000000A)
    .ARM.Collect$$libinit$$0000000C          0x08000226   Section        0  libinit2.o(.ARM.Collect$$libinit$$0000000C)
    .ARM.Collect$$libinit$$0000000E          0x08000226   Section        0  libinit2.o(.ARM.Collect$$libinit$$0000000E)
    .ARM.Collect$$libinit$$00000011          0x08000226   Section        0  libinit2.o(.ARM.Collect$$libinit$$00000011)
    .ARM.Collect$$libinit$$00000013          0x08000226   Section        0  libinit2.o(.ARM.Collect$$libinit$$00000013)
    .ARM.Collect$$libinit$$00000015          0x08000226   Section        0  libinit2.o(.ARM.Collect$$libinit$$00000015)
    .ARM.Collect$$libinit$$00000017          0x08000226   Section        0  libinit2.o(.ARM.Collect$$libinit$$00000017)
    .ARM.Collect$$libinit$$00000019          0x08000226   Section        0  libinit2.o(.ARM.Collect$$libinit$$00000019)
    .ARM.Collect$$libinit$$0000001B          0x08000226   Section        0  libinit2.o(.ARM.Collect$$libinit$$0000001B)
    .ARM.Collect$$libinit$$0000001D          0x08000226   Section        0  libinit2.o(.ARM.Collect$$libinit$$0000001D)
    .ARM.Collect$$libinit$$0000001F          0x08000226   Section        0  libinit2.o(.ARM.Collect$$libinit$$0000001F)
    .ARM.Collect$$libinit$$00000021          0x08000226   Section        0  libinit2.o(.ARM.Collect$$libinit$$00000021)
    .ARM.Collect$$libinit$$00000023          0x08000226   Section        0  libinit2.o(.ARM.Collect$$libinit$$00000023)
    .ARM.Collect$$libinit$$00000025          0x08000226   Section        0  libinit2.o(.ARM.Collect$$libinit$$00000025)
    .ARM.Collect$$libinit$$0000002C          0x08000226   Section        0  libinit2.o(.ARM.Collect$$libinit$$0000002C)
    .ARM.Collect$$libinit$$0000002E          0x08000226   Section        0  libinit2.o(.ARM.Collect$$libinit$$0000002E)
    .ARM.Collect$$libinit$$00000030          0x08000226   Section        0  libinit2.o(.ARM.Collect$$libinit$$00000030)
    .ARM.Collect$$libinit$$00000032          0x08000226   Section        0  libinit2.o(.ARM.Collect$$libinit$$00000032)
    .ARM.Collect$$libinit$$00000033          0x08000226   Section        2  libinit2.o(.ARM.Collect$$libinit$$00000033)
    .ARM.Collect$$libshutdown$$00000000      0x08000228   Section        2  libshutdown.o(.ARM.Collect$$libshutdown$$00000000)
    .ARM.Collect$$libshutdown$$00000002      0x0800022a   Section        0  libshutdown2.o(.ARM.Collect$$libshutdown$$00000002)
    .ARM.Collect$$libshutdown$$00000004      0x0800022a   Section        0  libshutdown2.o(.ARM.Collect$$libshutdown$$00000004)
    .ARM.Collect$$libshutdown$$00000007      0x0800022a   Section        0  libshutdown2.o(.ARM.Collect$$libshutdown$$00000007)
    .ARM.Collect$$libshutdown$$0000000A      0x0800022a   Section        0  libshutdown2.o(.ARM.Collect$$libshutdown$$0000000A)
    .ARM.Collect$$libshutdown$$0000000C      0x0800022a   Section        0  libshutdown2.o(.ARM.Collect$$libshutdown$$0000000C)
    .ARM.Collect$$libshutdown$$0000000F      0x0800022a   Section        0  libshutdown2.o(.ARM.Collect$$libshutdown$$0000000F)
    .ARM.Collect$$libshutdown$$00000010      0x0800022a   Section        2  libshutdown2.o(.ARM.Collect$$libshutdown$$00000010)
    .ARM.Collect$$rtentry$$00000000          0x0800022c   Section        0  __rtentry.o(.ARM.Collect$$rtentry$$00000000)
    .ARM.Collect$$rtentry$$00000002          0x0800022c   Section        0  __rtentry2.o(.ARM.Collect$$rtentry$$00000002)
    .ARM.Collect$$rtentry$$00000004          0x0800022c   Section        6  __rtentry4.o(.ARM.Collect$$rtentry$$00000004)
    .ARM.Collect$$rtentry$$00000009          0x08000232   Section        0  __rtentry2.o(.ARM.Collect$$rtentry$$00000009)
    .ARM.Collect$$rtentry$$0000000A          0x08000232   Section        4  __rtentry2.o(.ARM.Collect$$rtentry$$0000000A)
    .ARM.Collect$$rtentry$$0000000C          0x08000236   Section        0  __rtentry2.o(.ARM.Collect$$rtentry$$0000000C)
    .ARM.Collect$$rtentry$$0000000D          0x08000236   Section        8  __rtentry2.o(.ARM.Collect$$rtentry$$0000000D)
    .ARM.Collect$$rtexit$$00000000           0x0800023e   Section        2  rtexit.o(.ARM.Collect$$rtexit$$00000000)
    .ARM.Collect$$rtexit$$00000002           0x08000240   Section        0  rtexit2.o(.ARM.Collect$$rtexit$$00000002)
    .ARM.Collect$$rtexit$$00000003           0x08000240   Section        4  rtexit2.o(.ARM.Collect$$rtexit$$00000003)
    .ARM.Collect$$rtexit$$00000004           0x08000244   Section        6  rtexit2.o(.ARM.Collect$$rtexit$$00000004)
    $v0                                      0x0800024c   Number         0  startup_stm32f429xx.o(.text)
    .text                                    0x0800024c   Section       64  startup_stm32f429xx.o(.text)
    .text                                    0x0800028c   Section        0  heapauxi.o(.text)
    .text                                    0x08000292   Section       74  sys_stackheap_outer.o(.text)
    .text                                    0x080002dc   Section        0  exit.o(.text)
    .text                                    0x080002f0   Section        8  libspace.o(.text)
    .text                                    0x080002f8   Section        0  sys_exit.o(.text)
    .text                                    0x08000304   Section        2  use_no_semi.o(.text)
    .text                                    0x08000306   Section        0  indicate_semi.o(.text)
    [Anonymous Symbol]                       0x08000308   Section        0  timers.o(.text.Init_Timer2)
    __arm_cp.5_0                             0x08000340   Number         4  timers.o(.text.Init_Timer2)
    __arm_cp.5_1                             0x08000344   Number         4  timers.o(.text.Init_Timer2)
    __arm_cp.5_2                             0x08000348   Number         4  timers.o(.text.Init_Timer2)
    [Anonymous Symbol]                       0x0800034c   Section        0  lcd.o(.text.LCD_strobe)
    [Anonymous Symbol]                       0x0800036c   Section        0  led.o(.text.LED_play)
    __arm_cp.4_0                             0x080003ac   Number         4  led.o(.text.LED_play)
    [Anonymous Symbol]                       0x080003b0   Section        0  system_stm32f4xx.o(.text.SystemCoreClockUpdate)
    __arm_cp.1_0                             0x08000408   Number         4  system_stm32f4xx.o(.text.SystemCoreClockUpdate)
    __arm_cp.1_1                             0x0800040c   Number         4  system_stm32f4xx.o(.text.SystemCoreClockUpdate)
    __arm_cp.1_2                             0x08000410   Number         4  system_stm32f4xx.o(.text.SystemCoreClockUpdate)
    __arm_cp.1_4                             0x08000414   Number         4  system_stm32f4xx.o(.text.SystemCoreClockUpdate)
    [Anonymous Symbol]                       0x08000418   Section        0  system_stm32f4xx.o(.text.SystemInit)
    __arm_cp.0_0                             0x08000454   Number         4  system_stm32f4xx.o(.text.SystemInit)
    __arm_cp.0_1                             0x08000458   Number         4  system_stm32f4xx.o(.text.SystemInit)
    __arm_cp.0_2                             0x0800045c   Number         4  system_stm32f4xx.o(.text.SystemInit)
    __arm_cp.0_3                             0x08000460   Number         4  system_stm32f4xx.o(.text.SystemInit)
    [Anonymous Symbol]                       0x08000464   Section        0  main.o(.text.TIM2_IRQHandler)
    __arm_cp.1_0                             0x08000488   Number         4  main.o(.text.TIM2_IRQHandler)
    __arm_cp.1_1                             0x0800048c   Number         4  main.o(.text.TIM2_IRQHandler)
    __arm_cp.1_2                             0x08000490   Number         4  main.o(.text.TIM2_IRQHandler)
    [Anonymous Symbol]                       0x08000494   Section        0  lcd.o(.text.WaitLcdBusy)
    [Anonymous Symbol]                       0x080004d4   Section        0  lcd.o(.text.cmdLCD)
    [Anonymous Symbol]                       0x0800050c   Section        0  lcd.o(.text.cmdLCD8)
    __arm_cp.4_0                             0x08000534   Number         4  lcd.o(.text.cmdLCD8)
    [Anonymous Symbol]                       0x08000538   Section        0  timers.o(.text.delay_ms)
    [Anonymous Symbol]                       0x08000558   Section        0  lcd.o(.text.initLCD)
    __arm_cp.8_2                             0x080005cc   Number         4  lcd.o(.text.initLCD)
    __arm_cp.8_3                             0x080005d0   Number         4  lcd.o(.text.initLCD)
    __arm_cp.8_4                             0x080005d4   Number         4  lcd.o(.text.initLCD)
    __arm_cp.8_5                             0x080005d8   Number         4  lcd.o(.text.initLCD)
    [Anonymous Symbol]                       0x080005dc   Section        0  adc.o(.text.init_ADC)
    __arm_cp.0_1                             0x0800061c   Number         4  adc.o(.text.init_ADC)
    __arm_cp.0_2                             0x08000620   Number         4  adc.o(.text.init_ADC)
    [Anonymous Symbol]                       0x08000624   Section        0  dac.o(.text.init_DAC)
    __arm_cp.0_1                             0x0800064c   Number         4  dac.o(.text.init_DAC)
    __arm_cp.0_2                             0x08000650   Number         4  dac.o(.text.init_DAC)
    [Anonymous Symbol]                       0x08000654   Section        0  uart.o(.text.init_USART)
    __arm_cp.0_0                             0x080006dc   Number         4  uart.o(.text.init_USART)
    __arm_cp.0_1                             0x080006e0   Number         4  uart.o(.text.init_USART)
    __arm_cp.0_2                             0x080006e4   Number         4  uart.o(.text.init_USART)
    [Anonymous Symbol]                       0x080006e8   Section        0  lcd.o(.text.lcd_delayus)
    __arm_cp.0_0                             0x08000710   Number         4  lcd.o(.text.lcd_delayus)
    __arm_cp.0_1                             0x08000714   Number         4  lcd.o(.text.lcd_delayus)
    [Anonymous Symbol]                       0x08000718   Section        0  main.o(.text.main)
    __arm_cp.0_0                             0x08000a00   Number         4  main.o(.text.main)
    __arm_cp.0_1                             0x08000a04   Number         4  main.o(.text.main)
    __arm_cp.0_2                             0x08000a08   Number         4  main.o(.text.main)
    __arm_cp.0_3                             0x08000a0c   Number         4  main.o(.text.main)
    [Anonymous Symbol]                       0x08000a84   Section        0  dac.o(.text.output_dac)
    __arm_cp.1_0                             0x08000a8c   Number         4  dac.o(.text.output_dac)
    [Anonymous Symbol]                       0x08000a90   Section        0  lcd.o(.text.putLCD)
    __arm_cp.7_0                             0x08000ac8   Number         4  lcd.o(.text.putLCD)
    [Anonymous Symbol]                       0x08000acc   Section        0  adc.o(.text.read_adc)
    __arm_cp.1_0                             0x08000ae8   Number         4  adc.o(.text.read_adc)
    [Anonymous Symbol]                       0x08000aec   Section        0  uart.o(.text.receive_usart)
    __arm_cp.1_0                             0x08000afc   Number         4  uart.o(.text.receive_usart)
    $v0                                      0x08000b00   Number         0  fpinit.o(x$fpl$fpinit)
    x$fpl$fpinit                             0x08000b00   Section       26  fpinit.o(x$fpl$fpinit)
    .bss                                     0x20000008   Section       96  libspace.o(.bss)
    [Anonymous Symbol]                       0x20000068   Section        0  main.o(.bss..L_MergedGlobals)
    TIM2_IRQHandler.i                        0x20000070   Data           4  main.o(.bss.TIM2_IRQHandler.i)
    [Anonymous Symbol]                       0x20000070   Section        0  main.o(.bss.TIM2_IRQHandler.i)
    Heap_Mem                                 0x20000140   Data         512  startup_stm32f429xx.o(HEAP)
    HEAP                                     0x20000140   Section      512  startup_stm32f429xx.o(HEAP)
    Stack_Mem                                0x20000340   Data        1024  startup_stm32f429xx.o(STACK)
    STACK                                    0x20000340   Section     1024  startup_stm32f429xx.o(STACK)
    __initial_sp                             0x20000740   Data           0  startup_stm32f429xx.o(STACK)

    Global Symbols

    Symbol Name                              Value     Ov Type        Size  Object(Section)

    BuildAttributes$$THM_ISAv4$E$P$D$K$B$S$7EM$VFPi3$EXTD16$VFPS$VFMA$PE$A:L22UL41UL21$X:L11$S22US41US21$IEEE1$IW$~IW$USESV6$~STKCKD$USESV7$WCHAR32$ENUMINT$~SHL$OTIME$ROPI$IEEEJ$EBA8$UX$STANDARDLIB$REQ8$PRES8$EABIv2 0x00000000   Number         0  anon$$obj.o ABSOLUTE
    _printf_flags                            0x00000000   Number         0  printf_stubs.o ABSOLUTE
    _printf_return_value                     0x00000000   Number         0  printf_stubs.o ABSOLUTE
    _printf_sizespec                         0x00000000   Number         0  printf_stubs.o ABSOLUTE
    _printf_widthprec                        0x00000000   Number         0  printf_stubs.o ABSOLUTE
    __ARM_exceptions_init                     - Undefined Weak Reference
    __alloca_initialize                       - Undefined Weak Reference
    __arm_preinit_                            - Undefined Weak Reference
    __cpp_initialize__aeabi_                  - Undefined Weak Reference
    __cxa_finalize                            - Undefined Weak Reference
    __sigvec_lookup                           - Undefined Weak Reference
    _atexit_init                              - Undefined Weak Reference
    _call_atexit_fns                          - Undefined Weak Reference
    _clock_init                               - Undefined Weak Reference
    _fp_trap_init                             - Undefined Weak Reference
    _fp_trap_shutdown                         - Undefined Weak Reference
    _get_lc_collate                           - Undefined Weak Reference
    _get_lc_monetary                          - Undefined Weak Reference
    _get_lc_time                              - Undefined Weak Reference
    _getenv_init                              - Undefined Weak Reference
    _handle_redirection                       - Undefined Weak Reference
    _init_alloc                               - Undefined Weak Reference
    _init_user_alloc                          - Undefined Weak Reference
    _initio                                   - Undefined Weak Reference
    _printf_mbtowc                            - Undefined Weak Reference
    _printf_wc                                - Undefined Weak Reference
    _rand_init                                - Undefined Weak Reference
    _signal_finish                            - Undefined Weak Reference
    _signal_init                              - Undefined Weak Reference
    _terminate_alloc                          - Undefined Weak Reference
    _terminate_user_alloc                     - Undefined Weak Reference
    _terminateio                              - Undefined Weak Reference
    __Vectors_Size                           0x000001ac   Number         0  startup_stm32f429xx.o ABSOLUTE
    __Vectors                                0x08000000   Data           4  startup_stm32f429xx.o(RESET)
    __Vectors_End                            0x080001ac   Data           0  startup_stm32f429xx.o(RESET)
    __main                                   0x080001ad   Thumb Code     8  __main.o(!!!main)
    __scatterload                            0x080001b5   Thumb Code     0  __scatter.o(!!!scatter)
    __scatterload_rt2                        0x080001b5   Thumb Code    44  __scatter.o(!!!scatter)
    __scatterload_rt2_thumb_only             0x080001b5   Thumb Code     0  __scatter.o(!!!scatter)
    __scatterload_null                       0x080001c3   Thumb Code     0  __scatter.o(!!!scatter)
    __scatterload_copy                       0x080001e9   Thumb Code    26  __scatter_copy.o(!!handler_copy)
    __scatterload_zeroinit                   0x08000205   Thumb Code    28  __scatter_zi.o(!!handler_zi)
    __rt_lib_init                            0x08000221   Thumb Code     0  libinit.o(.ARM.Collect$$libinit$$00000000)
    __rt_lib_init_fp_1                       0x08000223   Thumb Code     0  libinit2.o(.ARM.Collect$$libinit$$00000001)
    __rt_lib_init_alloca_1                   0x08000227   Thumb Code     0  libinit2.o(.ARM.Collect$$libinit$$0000002E)
    __rt_lib_init_argv_1                     0x08000227   Thumb Code     0  libinit2.o(.ARM.Collect$$libinit$$0000002C)
    __rt_lib_init_atexit_1                   0x08000227   Thumb Code     0  libinit2.o(.ARM.Collect$$libinit$$0000001B)
    __rt_lib_init_clock_1                    0x08000227   Thumb Code     0  libinit2.o(.ARM.Collect$$libinit$$00000021)
    __rt_lib_init_cpp_1                      0x08000227   Thumb Code     0  libinit2.o(.ARM.Collect$$libinit$$00000032)
    __rt_lib_init_exceptions_1               0x08000227   Thumb Code     0  libinit2.o(.ARM.Collect$$libinit$$00000030)
    __rt_lib_init_fp_trap_1                  0x08000227   Thumb Code     0  libinit2.o(.ARM.Collect$$libinit$$0000001F)
    __rt_lib_init_getenv_1                   0x08000227   Thumb Code     0  libinit2.o(.ARM.Collect$$libinit$$00000023)
    __rt_lib_init_heap_1                     0x08000227   Thumb Code     0  libinit2.o(.ARM.Collect$$libinit$$0000000A)
    __rt_lib_init_lc_collate_1               0x08000227   Thumb Code     0  libinit2.o(.ARM.Collect$$libinit$$00000011)
    __rt_lib_init_lc_ctype_1                 0x08000227   Thumb Code     0  libinit2.o(.ARM.Collect$$libinit$$00000013)
    __rt_lib_init_lc_monetary_1              0x08000227   Thumb Code     0  libinit2.o(.ARM.Collect$$libinit$$00000015)
    __rt_lib_init_lc_numeric_1               0x08000227   Thumb Code     0  libinit2.o(.ARM.Collect$$libinit$$00000017)
    __rt_lib_init_lc_time_1                  0x08000227   Thumb Code     0  libinit2.o(.ARM.Collect$$libinit$$00000019)
    __rt_lib_init_preinit_1                  0x08000227   Thumb Code     0  libinit2.o(.ARM.Collect$$libinit$$00000004)
    __rt_lib_init_rand_1                     0x08000227   Thumb Code     0  libinit2.o(.ARM.Collect$$libinit$$0000000E)
    __rt_lib_init_return                     0x08000227   Thumb Code     0  libinit2.o(.ARM.Collect$$libinit$$00000033)
    __rt_lib_init_signal_1                   0x08000227   Thumb Code     0  libinit2.o(.ARM.Collect$$libinit$$0000001D)
    __rt_lib_init_stdio_1                    0x08000227   Thumb Code     0  libinit2.o(.ARM.Collect$$libinit$$00000025)
    __rt_lib_init_user_alloc_1               0x08000227   Thumb Code     0  libinit2.o(.ARM.Collect$$libinit$$0000000C)
    __rt_lib_shutdown                        0x08000229   Thumb Code     0  libshutdown.o(.ARM.Collect$$libshutdown$$00000000)
    __rt_lib_shutdown_cpp_1                  0x0800022b   Thumb Code     0  libshutdown2.o(.ARM.Collect$$libshutdown$$00000002)
    __rt_lib_shutdown_fp_trap_1              0x0800022b   Thumb Code     0  libshutdown2.o(.ARM.Collect$$libshutdown$$00000007)
    __rt_lib_shutdown_heap_1                 0x0800022b   Thumb Code     0  libshutdown2.o(.ARM.Collect$$libshutdown$$0000000F)
    __rt_lib_shutdown_return                 0x0800022b   Thumb Code     0  libshutdown2.o(.ARM.Collect$$libshutdown$$00000010)
    __rt_lib_shutdown_signal_1               0x0800022b   Thumb Code     0  libshutdown2.o(.ARM.Collect$$libshutdown$$0000000A)
    __rt_lib_shutdown_stdio_1                0x0800022b   Thumb Code     0  libshutdown2.o(.ARM.Collect$$libshutdown$$00000004)
    __rt_lib_shutdown_user_alloc_1           0x0800022b   Thumb Code     0  libshutdown2.o(.ARM.Collect$$libshutdown$$0000000C)
    __rt_entry                               0x0800022d   Thumb Code     0  __rtentry.o(.ARM.Collect$$rtentry$$00000000)
    __rt_entry_presh_1                       0x0800022d   Thumb Code     0  __rtentry2.o(.ARM.Collect$$rtentry$$00000002)
    __rt_entry_sh                            0x0800022d   Thumb Code     0  __rtentry4.o(.ARM.Collect$$rtentry$$00000004)
    __rt_entry_li                            0x08000233   Thumb Code     0  __rtentry2.o(.ARM.Collect$$rtentry$$0000000A)
    __rt_entry_postsh_1                      0x08000233   Thumb Code     0  __rtentry2.o(.ARM.Collect$$rtentry$$00000009)
    __rt_entry_main                          0x08000237   Thumb Code     0  __rtentry2.o(.ARM.Collect$$rtentry$$0000000D)
    __rt_entry_postli_1                      0x08000237   Thumb Code     0  __rtentry2.o(.ARM.Collect$$rtentry$$0000000C)
    __rt_exit                                0x0800023f   Thumb Code     0  rtexit.o(.ARM.Collect$$rtexit$$00000000)
    __rt_exit_ls                             0x08000241   Thumb Code     0  rtexit2.o(.ARM.Collect$$rtexit$$00000003)
    __rt_exit_prels_1                        0x08000241   Thumb Code     0  rtexit2.o(.ARM.Collect$$rtexit$$00000002)
    __rt_exit_exit                           0x08000245   Thumb Code     0  rtexit2.o(.ARM.Collect$$rtexit$$00000004)
    Reset_Handler                            0x0800024d   Thumb Code     8  startup_stm32f429xx.o(.text)
    NMI_Handler                              0x08000255   Thumb Code     2  startup_stm32f429xx.o(.text)
    HardFault_Handler                        0x08000257   Thumb Code     2  startup_stm32f429xx.o(.text)
    MemManage_Handler                        0x08000259   Thumb Code     2  startup_stm32f429xx.o(.text)
    BusFault_Handler                         0x0800025b   Thumb Code     2  startup_stm32f429xx.o(.text)
    UsageFault_Handler                       0x0800025d   Thumb Code     2  startup_stm32f429xx.o(.text)
    SVC_Handler                              0x0800025f   Thumb Code     2  startup_stm32f429xx.o(.text)
    DebugMon_Handler                         0x08000261   Thumb Code     2  startup_stm32f429xx.o(.text)
    PendSV_Handler                           0x08000263   Thumb Code     2  startup_stm32f429xx.o(.text)
    SysTick_Handler                          0x08000265   Thumb Code     2  startup_stm32f429xx.o(.text)
    ADC_IRQHandler                           0x08000267   Thumb Code     0  startup_stm32f429xx.o(.text)
    CAN1_RX0_IRQHandler                      0x08000267   Thumb Code     0  startup_stm32f429xx.o(.text)
    CAN1_RX1_IRQHandler                      0x08000267   Thumb Code     0  startup_stm32f429xx.o(.text)
    CAN1_SCE_IRQHandler                      0x08000267   Thumb Code     0  startup_stm32f429xx.o(.text)
    CAN1_TX_IRQHandler                       0x08000267   Thumb Code     0  startup_stm32f429xx.o(.text)
    CAN2_RX0_IRQHandler                      0x08000267   Thumb Code     0  startup_stm32f429xx.o(.text)
    CAN2_RX1_IRQHandler                      0x08000267   Thumb Code     0  startup_stm32f429xx.o(.text)
    CAN2_SCE_IRQHandler                      0x08000267   Thumb Code     0  startup_stm32f429xx.o(.text)
    CAN2_TX_IRQHandler                       0x08000267   Thumb Code     0  startup_stm32f429xx.o(.text)
    DCMI_IRQHandler                          0x08000267   Thumb Code     0  startup_stm32f429xx.o(.text)
    DMA1_Stream0_IRQHandler                  0x08000267   Thumb Code     0  startup_stm32f429xx.o(.text)
    DMA1_Stream1_IRQHandler                  0x08000267   Thumb Code     0  startup_stm32f429xx.o(.text)
    DMA1_Stream2_IRQHandler                  0x08000267   Thumb Code     0  startup_stm32f429xx.o(.text)
    DMA1_Stream3_IRQHandler                  0x08000267   Thumb Code     0  startup_stm32f429xx.o(.text)
    DMA1_Stream4_IRQHandler                  0x08000267   Thumb Code     0  startup_stm32f429xx.o(.text)
    DMA1_Stream5_IRQHandler                  0x08000267   Thumb Code     0  startup_stm32f429xx.o(.text)
    DMA1_Stream6_IRQHandler                  0x08000267   Thumb Code     0  startup_stm32f429xx.o(.text)
    DMA1_Stream7_IRQHandler                  0x08000267   Thumb Code     0  startup_stm32f429xx.o(.text)
    DMA2D_IRQHandler                         0x08000267   Thumb Code     0  startup_stm32f429xx.o(.text)
    DMA2_Stream0_IRQHandler                  0x08000267   Thumb Code     0  startup_stm32f429xx.o(.text)
    DMA2_Stream1_IRQHandler                  0x08000267   Thumb Code     0  startup_stm32f429xx.o(.text)
    DMA2_Stream2_IRQHandler                  0x08000267   Thumb Code     0  startup_stm32f429xx.o(.text)
    DMA2_Stream3_IRQHandler                  0x08000267   Thumb Code     0  startup_stm32f429xx.o(.text)
    DMA2_Stream4_IRQHandler                  0x08000267   Thumb Code     0  startup_stm32f429xx.o(.text)
    DMA2_Stream5_IRQHandler                  0x08000267   Thumb Code     0  startup_stm32f429xx.o(.text)
    DMA2_Stream6_IRQHandler                  0x08000267   Thumb Code     0  startup_stm32f429xx.o(.text)
    DMA2_Stream7_IRQHandler                  0x08000267   Thumb Code     0  startup_stm32f429xx.o(.text)
    ETH_IRQHandler                           0x08000267   Thumb Code     0  startup_stm32f429xx.o(.text)
    ETH_WKUP_IRQHandler                      0x08000267   Thumb Code     0  startup_stm32f429xx.o(.text)
    EXTI0_IRQHandler                         0x08000267   Thumb Code     0  startup_stm32f429xx.o(.text)
    EXTI15_10_IRQHandler                     0x08000267   Thumb Code     0  startup_stm32f429xx.o(.text)
    EXTI1_IRQHandler                         0x08000267   Thumb Code     0  startup_stm32f429xx.o(.text)
    EXTI2_IRQHandler                         0x08000267   Thumb Code     0  startup_stm32f429xx.o(.text)
    EXTI3_IRQHandler                         0x08000267   Thumb Code     0  startup_stm32f429xx.o(.text)
    EXTI4_IRQHandler                         0x08000267   Thumb Code     0  startup_stm32f429xx.o(.text)
    EXTI9_5_IRQHandler                       0x08000267   Thumb Code     0  startup_stm32f429xx.o(.text)
    FLASH_IRQHandler                         0x08000267   Thumb Code     0  startup_stm32f429xx.o(.text)
    FMC_IRQHandler                           0x08000267   Thumb Code     0  startup_stm32f429xx.o(.text)
    FPU_IRQHandler                           0x08000267   Thumb Code     0  startup_stm32f429xx.o(.text)
    HASH_RNG_IRQHandler                      0x08000267   Thumb Code     0  startup_stm32f429xx.o(.text)
    I2C1_ER_IRQHandler                       0x08000267   Thumb Code     0  startup_stm32f429xx.o(.text)
    I2C1_EV_IRQHandler                       0x08000267   Thumb Code     0  startup_stm32f429xx.o(.text)
    I2C2_ER_IRQHandler                       0x08000267   Thumb Code     0  startup_stm32f429xx.o(.text)
    I2C2_EV_IRQHandler                       0x08000267   Thumb Code     0  startup_stm32f429xx.o(.text)
    I2C3_ER_IRQHandler                       0x08000267   Thumb Code     0  startup_stm32f429xx.o(.text)
    I2C3_EV_IRQHandler                       0x08000267   Thumb Code     0  startup_stm32f429xx.o(.text)
    LTDC_ER_IRQHandler                       0x08000267   Thumb Code     0  startup_stm32f429xx.o(.text)
    LTDC_IRQHandler                          0x08000267   Thumb Code     0  startup_stm32f429xx.o(.text)
    OTG_FS_IRQHandler                        0x08000267   Thumb Code     0  startup_stm32f429xx.o(.text)
    OTG_FS_WKUP_IRQHandler                   0x08000267   Thumb Code     0  startup_stm32f429xx.o(.text)
    OTG_HS_EP1_IN_IRQHandler                 0x08000267   Thumb Code     0  startup_stm32f429xx.o(.text)
    OTG_HS_EP1_OUT_IRQHandler                0x08000267   Thumb Code     0  startup_stm32f429xx.o(.text)
    OTG_HS_IRQHandler                        0x08000267   Thumb Code     0  startup_stm32f429xx.o(.text)
    OTG_HS_WKUP_IRQHandler                   0x08000267   Thumb Code     0  startup_stm32f429xx.o(.text)
    PVD_IRQHandler                           0x08000267   Thumb Code     0  startup_stm32f429xx.o(.text)
    RCC_IRQHandler                           0x08000267   Thumb Code     0  startup_stm32f429xx.o(.text)
    RTC_Alarm_IRQHandler                     0x08000267   Thumb Code     0  startup_stm32f429xx.o(.text)
    RTC_WKUP_IRQHandler                      0x08000267   Thumb Code     0  startup_stm32f429xx.o(.text)
    SAI1_IRQHandler                          0x08000267   Thumb Code     0  startup_stm32f429xx.o(.text)
    SDIO_IRQHandler                          0x08000267   Thumb Code     0  startup_stm32f429xx.o(.text)
    SPI1_IRQHandler                          0x08000267   Thumb Code     0  startup_stm32f429xx.o(.text)
    SPI2_IRQHandler                          0x08000267   Thumb Code     0  startup_stm32f429xx.o(.text)
    SPI3_IRQHandler                          0x08000267   Thumb Code     0  startup_stm32f429xx.o(.text)
    SPI4_IRQHandler                          0x08000267   Thumb Code     0  startup_stm32f429xx.o(.text)
    SPI5_IRQHandler                          0x08000267   Thumb Code     0  startup_stm32f429xx.o(.text)
    SPI6_IRQHandler                          0x08000267   Thumb Code     0  startup_stm32f429xx.o(.text)
    TAMP_STAMP_IRQHandler                    0x08000267   Thumb Code     0  startup_stm32f429xx.o(.text)
    TIM1_BRK_TIM9_IRQHandler                 0x08000267   Thumb Code     0  startup_stm32f429xx.o(.text)
    TIM1_CC_IRQHandler                       0x08000267   Thumb Code     0  startup_stm32f429xx.o(.text)
    TIM1_TRG_COM_TIM11_IRQHandler            0x08000267   Thumb Code     0  startup_stm32f429xx.o(.text)
    TIM1_UP_TIM10_IRQHandler                 0x08000267   Thumb Code     0  startup_stm32f429xx.o(.text)
    TIM3_IRQHandler                          0x08000267   Thumb Code     0  startup_stm32f429xx.o(.text)
    TIM4_IRQHandler                          0x08000267   Thumb Code     0  startup_stm32f429xx.o(.text)
    TIM5_IRQHandler                          0x08000267   Thumb Code     0  startup_stm32f429xx.o(.text)
    TIM6_DAC_IRQHandler                      0x08000267   Thumb Code     0  startup_stm32f429xx.o(.text)
    TIM7_IRQHandler                          0x08000267   Thumb Code     0  startup_stm32f429xx.o(.text)
    TIM8_BRK_TIM12_IRQHandler                0x08000267   Thumb Code     0  startup_stm32f429xx.o(.text)
    TIM8_CC_IRQHandler                       0x08000267   Thumb Code     0  startup_stm32f429xx.o(.text)
    TIM8_TRG_COM_TIM14_IRQHandler            0x08000267   Thumb Code     0  startup_stm32f429xx.o(.text)
    TIM8_UP_TIM13_IRQHandler                 0x08000267   Thumb Code     0  startup_stm32f429xx.o(.text)
    UART4_IRQHandler                         0x08000267   Thumb Code     0  startup_stm32f429xx.o(.text)
    UART5_IRQHandler                         0x08000267   Thumb Code     0  startup_stm32f429xx.o(.text)
    UART7_IRQHandler                         0x08000267   Thumb Code     0  startup_stm32f429xx.o(.text)
    UART8_IRQHandler                         0x08000267   Thumb Code     0  startup_stm32f429xx.o(.text)
    USART1_IRQHandler                        0x08000267   Thumb Code     0  startup_stm32f429xx.o(.text)
    USART2_IRQHandler                        0x08000267   Thumb Code     0  startup_stm32f429xx.o(.text)
    USART3_IRQHandler                        0x08000267   Thumb Code     0  startup_stm32f429xx.o(.text)
    USART6_IRQHandler                        0x08000267   Thumb Code     0  startup_stm32f429xx.o(.text)
    WWDG_IRQHandler                          0x08000267   Thumb Code     0  startup_stm32f429xx.o(.text)
    __user_initial_stackheap                 0x08000269   Thumb Code     0  startup_stm32f429xx.o(.text)
    __use_two_region_memory                  0x0800028d   Thumb Code     2  heapauxi.o(.text)
    __rt_heap_escrow$2region                 0x0800028f   Thumb Code     2  heapauxi.o(.text)
    __rt_heap_expand$2region                 0x08000291   Thumb Code     2  heapauxi.o(.text)
    __user_setup_stackheap                   0x08000293   Thumb Code    74  sys_stackheap_outer.o(.text)
    exit                                     0x080002dd   Thumb Code    18  exit.o(.text)
    __user_libspace                          0x080002f1   Thumb Code     8  libspace.o(.text)
    __user_perproc_libspace                  0x080002f1   Thumb Code     0  libspace.o(.text)
    __user_perthread_libspace                0x080002f1   Thumb Code     0  libspace.o(.text)
    _sys_exit                                0x080002f9   Thumb Code     8  sys_exit.o(.text)
    __I$use$semihosting                      0x08000305   Thumb Code     0  use_no_semi.o(.text)
    __use_no_semihosting_swi                 0x08000305   Thumb Code     2  use_no_semi.o(.text)
    __semihosting_library_function           0x08000307   Thumb Code     0  indicate_semi.o(.text)
    Init_Timer2                              0x08000309   Thumb Code    68  timers.o(.text.Init_Timer2)
    LCD_strobe                               0x0800034d   Thumb Code    36  lcd.o(.text.LCD_strobe)
    LED_play                                 0x0800036d   Thumb Code    68  led.o(.text.LED_play)
    SystemCoreClockUpdate                    0x080003b1   Thumb Code   108  system_stm32f4xx.o(.text.SystemCoreClockUpdate)
    SystemInit                               0x08000419   Thumb Code    76  system_stm32f4xx.o(.text.SystemInit)
    TIM2_IRQHandler                          0x08000465   Thumb Code    48  main.o(.text.TIM2_IRQHandler)
    WaitLcdBusy                              0x08000495   Thumb Code    68  lcd.o(.text.WaitLcdBusy)
    cmdLCD                                   0x080004d5   Thumb Code    60  lcd.o(.text.cmdLCD)
    cmdLCD8                                  0x0800050d   Thumb Code    44  lcd.o(.text.cmdLCD8)
    delay_ms                                 0x08000539   Thumb Code    36  timers.o(.text.delay_ms)
    initLCD                                  0x08000559   Thumb Code   140  lcd.o(.text.initLCD)
    init_ADC                                 0x080005dd   Thumb Code    76  adc.o(.text.init_ADC)
    init_DAC                                 0x08000625   Thumb Code    52  dac.o(.text.init_DAC)
    init_USART                               0x08000655   Thumb Code   152  uart.o(.text.init_USART)
    lcd_delayus                              0x080006e9   Thumb Code    48  lcd.o(.text.lcd_delayus)
    main                                     0x08000719   Thumb Code   876  main.o(.text.main)
    output_dac                               0x08000a85   Thumb Code    12  dac.o(.text.output_dac)
    putLCD                                   0x08000a91   Thumb Code    60  lcd.o(.text.putLCD)
    read_adc                                 0x08000acd   Thumb Code    32  adc.o(.text.read_adc)
    receive_usart                            0x08000aed   Thumb Code    20  uart.o(.text.receive_usart)
    _fp_init                                 0x08000b01   Thumb Code    26  fpinit.o(x$fpl$fpinit)
    __fplib_config_fpu_vfp                   0x08000b19   Thumb Code     0  fpinit.o(x$fpl$fpinit)
    __fplib_config_pureend_doubles           0x08000b19   Thumb Code     0  fpinit.o(x$fpl$fpinit)
    AHBPrescTable                            0x08000b1a   Data          16  system_stm32f4xx.o(.rodata.AHBPrescTable)
    Region$$Table$$Base                      0x08000b2c   Number         0  anon$$obj.o(Region$$Table)
    Region$$Table$$Limit                     0x08000b4c   Number         0  anon$$obj.o(Region$$Table)
    Modulus                                  0x20000000   Data           4  main.o(.data.Modulus)
    SystemCoreClock                          0x20000004   Data           4  system_stm32f4xx.o(.data.SystemCoreClock)
    __libspace_start                         0x20000008   Data          96  libspace.o(.bss)
    ADC_DATA                                 0x20000068   Data           4  main.o(.bss..L_MergedGlobals)
    __temporary_stack_top$libspace           0x20000068   Data           0  libspace.o(.bss)
    lcd_voltage                              0x2000006c   Data           4  main.o(.bss..L_MergedGlobals)
    Wave3                                    0x20000074   Data         200  main.o(.bss.Wave3)



==============================================================================

Memory Map of the image

  Image Entry point : 0x0800024d

  Load Region LR_1 (Base: 0x08000000, Size: 0x00000b54, Max: 0xffffffff, ABSOLUTE)

    Execution Region ER_RO (Exec base: 0x08000000, Load base: 0x08000000, Size: 0x00000b4c, Max: 0xffffffff, ABSOLUTE)

    Exec Addr    Load Addr    Size         Type   Attr      Idx    E Section Name        Object

    0x08000000   0x08000000   0x000001ac   Data   RO          155    RESET               startup_stm32f429xx.o
    0x080001ac   0x080001ac   0x00000008   Code   RO          184  * !!!main             c_wu.l(__main.o)
    0x080001b4   0x080001b4   0x00000034   Code   RO          519    !!!scatter          c_wu.l(__scatter.o)
    0x080001e8   0x080001e8   0x0000001a   Code   RO          521    !!handler_copy      c_wu.l(__scatter_copy.o)
    0x08000202   0x08000202   0x00000002   PAD
    0x08000204   0x08000204   0x0000001c   Code   RO          523    !!handler_zi        c_wu.l(__scatter_zi.o)
    0x08000220   0x08000220   0x00000002   Code   RO          369    .ARM.Collect$$libinit$$00000000  c_wu.l(libinit.o)
    0x08000222   0x08000222   0x00000004   Code   RO          387    .ARM.Collect$$libinit$$00000001  c_wu.l(libinit2.o)
    0x08000226   0x08000226   0x00000000   Code   RO          390    .ARM.Collect$$libinit$$00000004  c_wu.l(libinit2.o)
    0x08000226   0x08000226   0x00000000   Code   RO          393    .ARM.Collect$$libinit$$0000000A  c_wu.l(libinit2.o)
    0x08000226   0x08000226   0x00000000   Code   RO          395    .ARM.Collect$$libinit$$0000000C  c_wu.l(libinit2.o)
    0x08000226   0x08000226   0x00000000   Code   RO          397    .ARM.Collect$$libinit$$0000000E  c_wu.l(libinit2.o)
    0x08000226   0x08000226   0x00000000   Code   RO          400    .ARM.Collect$$libinit$$00000011  c_wu.l(libinit2.o)
    0x08000226   0x08000226   0x00000000   Code   RO          402    .ARM.Collect$$libinit$$00000013  c_wu.l(libinit2.o)
    0x08000226   0x08000226   0x00000000   Code   RO          404    .ARM.Collect$$libinit$$00000015  c_wu.l(libinit2.o)
    0x08000226   0x08000226   0x00000000   Code   RO          406    .ARM.Collect$$libinit$$00000017  c_wu.l(libinit2.o)
    0x08000226   0x08000226   0x00000000   Code   RO          408    .ARM.Collect$$libinit$$00000019  c_wu.l(libinit2.o)
    0x08000226   0x08000226   0x00000000   Code   RO          410    .ARM.Collect$$libinit$$0000001B  c_wu.l(libinit2.o)
    0x08000226   0x08000226   0x00000000   Code   RO          412    .ARM.Collect$$libinit$$0000001D  c_wu.l(libinit2.o)
    0x08000226   0x08000226   0x00000000   Code   RO          414    .ARM.Collect$$libinit$$0000001F  c_wu.l(libinit2.o)
    0x08000226   0x08000226   0x00000000   Code   RO          416    .ARM.Collect$$libinit$$00000021  c_wu.l(libinit2.o)
    0x08000226   0x08000226   0x00000000   Code   RO          418    .ARM.Collect$$libinit$$00000023  c_wu.l(libinit2.o)
    0x08000226   0x08000226   0x00000000   Code   RO          420    .ARM.Collect$$libinit$$00000025  c_wu.l(libinit2.o)
    0x08000226   0x08000226   0x00000000   Code   RO          424    .ARM.Collect$$libinit$$0000002C  c_wu.l(libinit2.o)
    0x08000226   0x08000226   0x00000000   Code   RO          426    .ARM.Collect$$libinit$$0000002E  c_wu.l(libinit2.o)
    0x08000226   0x08000226   0x00000000   Code   RO          428    .ARM.Collect$$libinit$$00000030  c_wu.l(libinit2.o)
    0x08000226   0x08000226   0x00000000   Code   RO          430    .ARM.Collect$$libinit$$00000032  c_wu.l(libinit2.o)
    0x08000226   0x08000226   0x00000002   Code   RO          431    .ARM.Collect$$libinit$$00000033  c_wu.l(libinit2.o)
    0x08000228   0x08000228   0x00000002   Code   RO          455    .ARM.Collect$$libshutdown$$00000000  c_wu.l(libshutdown.o)
    0x0800022a   0x0800022a   0x00000000   Code   RO          470    .ARM.Collect$$libshutdown$$00000002  c_wu.l(libshutdown2.o)
    0x0800022a   0x0800022a   0x00000000   Code   RO          472    .ARM.Collect$$libshutdown$$00000004  c_wu.l(libshutdown2.o)
    0x0800022a   0x0800022a   0x00000000   Code   RO          475    .ARM.Collect$$libshutdown$$00000007  c_wu.l(libshutdown2.o)
    0x0800022a   0x0800022a   0x00000000   Code   RO          478    .ARM.Collect$$libshutdown$$0000000A  c_wu.l(libshutdown2.o)
    0x0800022a   0x0800022a   0x00000000   Code   RO          480    .ARM.Collect$$libshutdown$$0000000C  c_wu.l(libshutdown2.o)
    0x0800022a   0x0800022a   0x00000000   Code   RO          483    .ARM.Collect$$libshutdown$$0000000F  c_wu.l(libshutdown2.o)
    0x0800022a   0x0800022a   0x00000002   Code   RO          484    .ARM.Collect$$libshutdown$$00000010  c_wu.l(libshutdown2.o)
    0x0800022c   0x0800022c   0x00000000   Code   RO          186    .ARM.Collect$$rtentry$$00000000  c_wu.l(__rtentry.o)
    0x0800022c   0x0800022c   0x00000000   Code   RO          287    .ARM.Collect$$rtentry$$00000002  c_wu.l(__rtentry2.o)
    0x0800022c   0x0800022c   0x00000006   Code   RO          299    .ARM.Collect$$rtentry$$00000004  c_wu.l(__rtentry4.o)
    0x08000232   0x08000232   0x00000000   Code   RO          289    .ARM.Collect$$rtentry$$00000009  c_wu.l(__rtentry2.o)
    0x08000232   0x08000232   0x00000004   Code   RO          290    .ARM.Collect$$rtentry$$0000000A  c_wu.l(__rtentry2.o)
    0x08000236   0x08000236   0x00000000   Code   RO          292    .ARM.Collect$$rtentry$$0000000C  c_wu.l(__rtentry2.o)
    0x08000236   0x08000236   0x00000008   Code   RO          293    .ARM.Collect$$rtentry$$0000000D  c_wu.l(__rtentry2.o)
    0x0800023e   0x0800023e   0x00000002   Code   RO          378    .ARM.Collect$$rtexit$$00000000  c_wu.l(rtexit.o)
    0x08000240   0x08000240   0x00000000   Code   RO          433    .ARM.Collect$$rtexit$$00000002  c_wu.l(rtexit2.o)
    0x08000240   0x08000240   0x00000004   Code   RO          434    .ARM.Collect$$rtexit$$00000003  c_wu.l(rtexit2.o)
    0x08000244   0x08000244   0x00000006   Code   RO          435    .ARM.Collect$$rtexit$$00000004  c_wu.l(rtexit2.o)
    0x0800024a   0x0800024a   0x00000002   PAD
    0x0800024c   0x0800024c   0x00000040   Code   RO          156  * .text               startup_stm32f429xx.o
    0x0800028c   0x0800028c   0x00000006   Code   RO          182    .text               c_wu.l(heapauxi.o)
    0x08000292   0x08000292   0x0000004a   Code   RO          321    .text               c_wu.l(sys_stackheap_outer.o)
    0x080002dc   0x080002dc   0x00000012   Code   RO          362    .text               c_wu.l(exit.o)
    0x080002ee   0x080002ee   0x00000002   PAD
    0x080002f0   0x080002f0   0x00000008   Code   RO          375    .text               c_wu.l(libspace.o)
    0x080002f8   0x080002f8   0x0000000c   Code   RO          445    .text               c_wu.l(sys_exit.o)
    0x08000304   0x08000304   0x00000002   Code   RO          460    .text               c_wu.l(use_no_semi.o)
    0x08000306   0x08000306   0x00000000   Code   RO          462    .text               c_wu.l(indicate_semi.o)
    0x08000306   0x08000306   0x00000002   PAD
    0x08000308   0x08000308   0x00000044   Code   RO          109    .text.Init_Timer2   timers.o
    0x0800034c   0x0800034c   0x00000020   Code   RO           29    .text.LCD_strobe    lcd.o
    0x0800036c   0x0800036c   0x00000044   Code   RO          143    .text.LED_play      led.o
    0x080003b0   0x080003b0   0x00000068   Code   RO          165    .text.SystemCoreClockUpdate  system_stm32f4xx.o
    0x08000418   0x08000418   0x0000004c   Code   RO          163    .text.SystemInit    system_stm32f4xx.o
    0x08000464   0x08000464   0x00000030   Code   RO            4    .text.TIM2_IRQHandler  main.o
    0x08000494   0x08000494   0x00000040   Code   RO           25    .text.WaitLcdBusy   lcd.o
    0x080004d4   0x080004d4   0x00000038   Code   RO           33    .text.cmdLCD        lcd.o
    0x0800050c   0x0800050c   0x0000002c   Code   RO           31    .text.cmdLCD8       lcd.o
    0x08000538   0x08000538   0x00000020   Code   RO          101    .text.delay_ms      timers.o
    0x08000558   0x08000558   0x00000084   Code   RO           39    .text.initLCD       lcd.o
    0x080005dc   0x080005dc   0x00000048   Code   RO           57    .text.init_ADC      adc.o
    0x08000624   0x08000624   0x00000030   Code   RO           69    .text.init_DAC      dac.o
    0x08000654   0x08000654   0x00000094   Code   RO           81    .text.init_USART    uart.o
    0x080006e8   0x080006e8   0x00000030   Code   RO           23    .text.lcd_delayus   lcd.o
    0x08000718   0x08000718   0x0000036c   Code   RO            2    .text.main          main.o
    0x08000a84   0x08000a84   0x0000000c   Code   RO           71    .text.output_dac    dac.o
    0x08000a90   0x08000a90   0x0000003c   Code   RO           37    .text.putLCD        lcd.o
    0x08000acc   0x08000acc   0x00000020   Code   RO           59    .text.read_adc      adc.o
    0x08000aec   0x08000aec   0x00000014   Code   RO           83    .text.receive_usart  uart.o
    0x08000b00   0x08000b00   0x0000001a   Code   RO          443    x$fpl$fpinit        fz_wm.l(fpinit.o)
    0x08000b1a   0x08000b1a   0x00000010   Data   RO          168    .rodata.AHBPrescTable  system_stm32f4xx.o
    0x08000b2a   0x08000b2a   0x00000002   PAD
    0x08000b2c   0x08000b2c   0x00000020   Data   RO          518    Region$$Table       anon$$obj.o


    Execution Region ER_RW (Exec base: 0x20000000, Load base: 0x08000b4c, Size: 0x00000008, Max: 0xffffffff, ABSOLUTE)

    Exec Addr    Load Addr    Size         Type   Attr      Idx    E Section Name        Object

    0x20000000   0x08000b4c   0x00000004   Data   RW            7    .data.Modulus       main.o
    0x20000004   0x08000b50   0x00000004   Data   RW          167    .data.SystemCoreClock  system_stm32f4xx.o


    Execution Region ER_ZI (Exec base: 0x20000008, Load base: 0x08000b54, Size: 0x00000738, Max: 0xffffffff, ABSOLUTE)

    Exec Addr    Load Addr    Size         Type   Attr      Idx    E Section Name        Object

    0x20000008        -       0x00000060   Zero   RW          376    .bss                c_wu.l(libspace.o)
    0x20000068        -       0x00000008   Zero   RW           13    .bss..L_MergedGlobals  main.o
    0x20000070        -       0x00000004   Zero   RW            8    .bss.TIM2_IRQHandler.i  main.o
    0x20000074        -       0x000000c8   Zero   RW            9    .bss.Wave3          main.o
    0x2000013c   0x08000b54   0x00000004   PAD
    0x20000140        -       0x00000200   Zero   RW          154    HEAP                startup_stm32f429xx.o
    0x20000340        -       0x00000400   Zero   RW          153    STACK               startup_stm32f429xx.o


==============================================================================

Image component sizes


      Code (inc. data)   RO Data    RW Data    ZI Data      Debug   Object Name

       104         12          0          0          0       2182   adc.o
        60         12          0          0          0       2100   dac.o
       436         32          0          0          0       3630   lcd.o
        68          4          0          0          0       2100   led.o
       924        144          0          4        212       1888   main.o
        64         26        428          0       1536        880   startup_stm32f429xx.o
       180         32         16          4          0       2766   system_stm32f4xx.o
       100         12          0          0          0       4156   timers.o
       168         16          0          0          0       2746   uart.o

    ----------------------------------------------------------------------
      2104        290        478          8       1752      22448   Object Totals
         0          0         32          0          0          0   (incl. Generated)
         0          0          2          0          4          0   (incl. Padding)

    ----------------------------------------------------------------------

      Code (inc. data)   RO Data    RW Data    ZI Data      Debug   Library Member Name

         8          0          0          0          0         68   __main.o
         0          0          0          0          0          0   __rtentry.o
        12          0          0          0          0          0   __rtentry2.o
         6          0          0          0          0          0   __rtentry4.o
        52          8          0          0          0          0   __scatter.o
        26          0          0          0          0          0   __scatter_copy.o
        28          0          0          0          0          0   __scatter_zi.o
        18          0          0          0          0         80   exit.o
         6          0          0          0          0        152   heapauxi.o
         0          0          0          0          0          0   indicate_semi.o
         2          0          0          0          0          0   libinit.o
         6          0          0          0          0          0   libinit2.o
         2          0          0          0          0          0   libshutdown.o
         2          0          0          0          0          0   libshutdown2.o
         8          4          0          0         96         68   libspace.o
         2          0          0          0          0          0   rtexit.o
        10          0          0          0          0          0   rtexit2.o
        12          4          0          0          0         68   sys_exit.o
        74          0          0          0          0         80   sys_stackheap_outer.o
         2          0          0          0          0         68   use_no_semi.o
        26          0          0          0          0        116   fpinit.o

    ----------------------------------------------------------------------
       310         16          0          0         96        700   Library Totals
         8          0          0          0          0          0   (incl. Padding)

    ----------------------------------------------------------------------

      Code (inc. data)   RO Data    RW Data    ZI Data      Debug   Library Name

       276         16          0          0         96        584   c_wu.l
        26          0          0          0          0        116   fz_wm.l

    ----------------------------------------------------------------------
       310         16          0          0         96        700   Library Totals

    ----------------------------------------------------------------------

==============================================================================


      Code (inc. data)   RO Data    RW Data    ZI Data      Debug   

      2414        306        478          8       1848      22880   Grand Totals
      2414        306        478          8       1848      22880   ELF Image Totals
      2414        306        478          8          0          0   ROM Totals

==============================================================================

    Total RO  Size (Code + RO Data)                 2892 (   2.82kB)
    Total RW  Size (RW Data + ZI Data)              1856 (   1.81kB)
    Total ROM Size (Code + RO Data + RW Data)       2900 (   2.83kB)

==============================================================================

